Component: Arm Compiler for Embedded 6.21 Tool: armlink [5ec1fa00]

==============================================================================

Section Cross References

    main.o(.text.ThreadMeasureDistanceAvg) refers to hcsr04.o(.text.Trigger_Ultrasonic) for Trigger_Ultrasonic
    main.o(.text.ThreadMeasureDistanceAvg) refers to hcsr04.o(.text.Measure_Echo) for Measure_Echo
    main.o(.text.ThreadMeasureDistanceAvg) refers to rtx_delay.o(.text.osDelay) for osDelay
    main.o(.text.ThreadMeasureDistanceAvg) refers to main.o(.bss.distanceQueue) for distanceQueue
    main.o(.text.ThreadMeasureDistanceAvg) refers to rtx_msgqueue.o(.text.osMessageQueuePut) for osMessageQueuePut
    main.o(.ARM.exidx.text.ThreadMeasureDistanceAvg) refers to main.o(.text.ThreadMeasureDistanceAvg) for [Anonymous Symbol]
    main.o(.text.ThreadTurnAround) refers to main.o(.data.bestDir) for bestDir
    main.o(.text.ThreadTurnAround) refers to movement.o(.text.moveForward) for moveForward
    main.o(.text.ThreadTurnAround) refers to rtx_delay.o(.text.osDelay) for osDelay
    main.o(.text.ThreadTurnAround) refers to movement.o(.text.moveBackwards) for moveBackwards
    main.o(.text.ThreadTurnAround) refers to movement.o(.text.turnLeft) for turnLeft
    main.o(.text.ThreadTurnAround) refers to movement.o(.text.turnRight) for turnRight
    main.o(.text.ThreadTurnAround) refers to movement.o(.text.stop) for stop
    main.o(.ARM.exidx.text.ThreadTurnAround) refers to main.o(.text.ThreadTurnAround) for [Anonymous Symbol]
    main.o(.text.ThreadLookAround) refers to main.o(.data.bestDir) for bestDir
    main.o(.text.ThreadLookAround) refers to main.o(.data.looking_directions) for looking_directions
    main.o(.text.ThreadLookAround) refers to servo.o(.text.turnServo) for turnServo
    main.o(.text.ThreadLookAround) refers to rtx_delay.o(.text.osDelay) for osDelay
    main.o(.text.ThreadLookAround) refers to main.o(.bss.distanceQueue) for distanceQueue
    main.o(.text.ThreadLookAround) refers to rtx_msgqueue.o(.text.osMessageQueueGet) for osMessageQueueGet
    main.o(.text.ThreadLookAround) refers to main.o(.data.movement_directions) for movement_directions
    main.o(.ARM.exidx.text.ThreadLookAround) refers to main.o(.text.ThreadLookAround) for [Anonymous Symbol]
    main.o(.text.main) refers to sysctl.o(i.SysCtlClockFreqSet) for SysCtlClockFreqSet
    main.o(.text.main) refers to main.o(.bss.SysClock) for SysClock
    main.o(.text.main) refers to hcsr04.o(.text.initHCSR04) for initHCSR04
    main.o(.text.main) refers to servo.o(.text.servoSetup) for servoSetup
    main.o(.text.main) refers to movement.o(.text.movementInit) for movementInit
    main.o(.text.main) refers to rtx_kernel.o(.text.osKernelInitialize) for osKernelInitialize
    main.o(.text.main) refers to rtx_msgqueue.o(.text.osMessageQueueNew) for osMessageQueueNew
    main.o(.text.main) refers to main.o(.bss.distanceQueue) for distanceQueue
    main.o(.text.main) refers to main.o(.text.ThreadMeasureDistanceAvg) for ThreadMeasureDistanceAvg
    main.o(.text.main) refers to rtx_thread.o(.text.osThreadNew) for osThreadNew
    main.o(.text.main) refers to main.o(.text.ThreadLookAround) for ThreadLookAround
    main.o(.text.main) refers to main.o(.text.ThreadTurnAround) for ThreadTurnAround
    main.o(.text.main) refers to rtx_kernel.o(.text.osKernelStart) for osKernelStart
    main.o(.ARM.exidx.text.main) refers to main.o(.text.main) for [Anonymous Symbol]
    main.o(.data.movement_directions_str) refers to main.o(.rodata.str1.1) for [Anonymous Symbol]
    uart.o(.text.UARTIntHandler) refers to uart.o(i.UARTIntStatus) for UARTIntStatus
    uart.o(.text.UARTIntHandler) refers to uart.o(i.UARTIntClear) for UARTIntClear
    uart.o(.ARM.exidx.text.UARTIntHandler) refers to uart.o(.text.UARTIntHandler) for [Anonymous Symbol]
    uart.o(.text.SetupUart) refers to sysctl.o(i.SysCtlPeripheralEnable) for SysCtlPeripheralEnable
    uart.o(.text.SetupUart) refers to sysctl.o(i.SysCtlPeripheralReady) for SysCtlPeripheralReady
    uart.o(.text.SetupUart) refers to uart.o(i.UARTConfigSetExpClk) for UARTConfigSetExpClk
    uart.o(.text.SetupUart) refers to uart.o(i.UARTFIFODisable) for UARTFIFODisable
    uart.o(.text.SetupUart) refers to uart.o(i.UARTIntEnable) for UARTIntEnable
    uart.o(.text.SetupUart) refers to uart.o(.text.UARTIntHandler) for UARTIntHandler
    uart.o(.text.SetupUart) refers to uart.o(i.UARTIntRegister) for UARTIntRegister
    uart.o(.text.SetupUart) refers to gpio.o(i.GPIOPinConfigure) for GPIOPinConfigure
    uart.o(.text.SetupUart) refers to gpio.o(i.GPIOPinTypeUART) for GPIOPinTypeUART
    uart.o(.ARM.exidx.text.SetupUart) refers to uart.o(.text.SetupUart) for [Anonymous Symbol]
    uart.o(.text.UARTSendString) refers to uart.o(i.UARTCharPut) for UARTCharPut
    uart.o(.ARM.exidx.text.UARTSendString) refers to uart.o(.text.UARTSendString) for [Anonymous Symbol]
[...]
    Removing rtx_mutex.o(.text.osMutexRelease), (36 bytes).
    Removing rtx_mutex.o(.ARM.exidx.text.osMutexRelease), (8 bytes).
    Removing rtx_mutex.o(.text.osMutexGetOwner), (36 bytes).
    Removing rtx_mutex.o(.ARM.exidx.text.osMutexGetOwner), (8 bytes).
    Removing rtx_mutex.o(.text.osMutexDelete), (36 bytes).
    Removing rtx_mutex.o(.ARM.exidx.text.osMutexDelete), (8 bytes).
    Removing rtx_mutex.o(.text.svcRtxMutexNew), (104 bytes).
    Removing rtx_mutex.o(.ARM.exidx.text.svcRtxMutexNew), (8 bytes).
    Removing rtx_mutex.o(.text.svcRtxMutexGetName), (16 bytes).
    Removing rtx_mutex.o(.ARM.exidx.text.svcRtxMutexGetName), (8 bytes).
    Removing rtx_mutex.o(.text.svcRtxMutexAcquire), (144 bytes).
    Removing rtx_mutex.o(.ARM.exidx.text.svcRtxMutexAcquire), (8 bytes).
    Removing rtx_mutex.o(.text.svcRtxMutexRelease), (180 bytes).
    Removing rtx_mutex.o(.ARM.exidx.text.svcRtxMutexRelease), (8 bytes).
    Removing rtx_mutex.o(.text.svcRtxMutexGetOwner), (20 bytes).
    Removing rtx_mutex.o(.ARM.exidx.text.svcRtxMutexGetOwner), (8 bytes).
    Removing rtx_mutex.o(.text.svcRtxMutexDelete), (176 bytes).
    Removing rtx_mutex.o(.ARM.exidx.text.svcRtxMutexDelete), (8 bytes).
    Removing rtx_memory.o(.text), (0 bytes).
    Removing rtx_memory.o(.ARM.exidx.text.osRtxMemoryInit), (8 bytes).
    Removing rtx_memory.o(.ARM.exidx.text.osRtxMemoryAlloc), (8 bytes).
    Removing rtx_memory.o(.ARM.exidx.text.osRtxMemoryFree), (8 bytes).
    Removing rtx_mempool.o(.text), (0 bytes).
    Removing rtx_mempool.o(.ARM.exidx.text.osRtxMemoryPoolInit), (8 bytes).
    Removing rtx_mempool.o(.ARM.exidx.text.osRtxMemoryPoolAlloc), (8 bytes).
    Removing rtx_mempool.o(.ARM.exidx.text.osRtxMemoryPoolFree), (8 bytes).
    Removing rtx_mempool.o(.text.osMemoryPoolNew), (36 bytes).
    Removing rtx_mempool.o(.ARM.exidx.text.osMemoryPoolNew), (8 bytes).
    Removing rtx_mempool.o(.text.osMemoryPoolGetName), (36 bytes).
    Removing rtx_mempool.o(.ARM.exidx.text.osMemoryPoolGetName), (8 bytes).
    Removing rtx_mempool.o(.text.osMemoryPoolAlloc), (104 bytes).
    Removing rtx_mempool.o(.ARM.exidx.text.osMemoryPoolAlloc), (8 bytes).
    Removing rtx_mempool.o(.text.osMemoryPoolFree), (72 bytes).
    Removing rtx_mempool.o(.ARM.exidx.text.osMemoryPoolFree), (8 bytes).
    Removing rtx_mempool.o(.text.osMemoryPoolGetCapacity), (48 bytes).
    Removing rtx_mempool.o(.ARM.exidx.text.osMemoryPoolGetCapacity), (8 bytes).
    Removing rtx_mempool.o(.text.svcRtxMemoryPoolGetCapacity), (16 bytes).
    Removing rtx_mempool.o(.ARM.exidx.text.svcRtxMemoryPoolGetCapacity), (8 bytes).
    Removing rtx_mempool.o(.text.osMemoryPoolGetBlockSize), (48 bytes).
    Removing rtx_mempool.o(.ARM.exidx.text.osMemoryPoolGetBlockSize), (8 bytes).
    Removing rtx_mempool.o(.text.svcRtxMemoryPoolGetBlockSize), (16 bytes).
    Removing rtx_mempool.o(.ARM.exidx.text.svcRtxMemoryPoolGetBlockSize), (8 bytes).
    Removing rtx_mempool.o(.text.osMemoryPoolGetCount), (48 bytes).
    Removing rtx_mempool.o(.ARM.exidx.text.osMemoryPoolGetCount), (8 bytes).
    Removing rtx_mempool.o(.text.svcRtxMemoryPoolGetCount), (16 bytes).
    Removing rtx_mempool.o(.ARM.exidx.text.svcRtxMemoryPoolGetCount), (8 bytes).
    Removing rtx_mempool.o(.text.osMemoryPoolGetSpace), (36 bytes).
    Removing rtx_mempool.o(.ARM.exidx.text.osMemoryPoolGetSpace), (8 bytes).
    Removing rtx_mempool.o(.text.svcRtxMemoryPoolGetSpace), (20 bytes).
    Removing rtx_mempool.o(.ARM.exidx.text.svcRtxMemoryPoolGetSpace), (8 bytes).
    Removing rtx_mempool.o(.text.osMemoryPoolDelete), (36 bytes).
    Removing rtx_mempool.o(.ARM.exidx.text.osMemoryPoolDelete), (8 bytes).
    Removing rtx_mempool.o(.text.svcRtxMemoryPoolNew), (312 bytes).
    Removing rtx_mempool.o(.ARM.exidx.text.svcRtxMemoryPoolNew), (8 bytes).
    Removing rtx_mempool.o(.text.osRtxMemoryPoolPostProcess), (72 bytes).
    Removing rtx_mempool.o(.ARM.exidx.text.osRtxMemoryPoolPostProcess), (8 bytes).
    Removing rtx_mempool.o(.text.svcRtxMemoryPoolGetName), (16 bytes).
    Removing rtx_mempool.o(.ARM.exidx.text.svcRtxMemoryPoolGetName), (8 bytes).
    Removing rtx_mempool.o(.text.svcRtxMemoryPoolAlloc), (92 bytes).
    Removing rtx_mempool.o(.ARM.exidx.text.svcRtxMemoryPoolAlloc), (8 bytes).
    Removing rtx_mempool.o(.text.svcRtxMemoryPoolFree), (100 bytes).
    Removing rtx_mempool.o(.ARM.exidx.text.svcRtxMemoryPoolFree), (8 bytes).
    Removing rtx_mempool.o(.text.svcRtxMemoryPoolDelete), (108 bytes).
    Removing rtx_mempool.o(.ARM.exidx.text.svcRtxMemoryPoolDelete), (8 bytes).
    Removing rtx_system.o(.text), (0 bytes).
    Removing rtx_system.o(.ARM.exidx.text.osRtxTick_Handler), (8 bytes).
    Removing rtx_system.o(.ARM.exidx.text.osRtxPendSV_Handler), (8 bytes).
    Removing rtx_system.o(.ARM.exidx.text.osRtxPostProcess), (8 bytes).
    Removing os_systick.o(.text), (0 bytes).
    Removing os_systick.o(.ARM.exidx.text.OS_Tick_Setup), (8 bytes).
    Removing os_systick.o(.ARM.exidx.text.OS_Tick_Enable), (8 bytes).
    Removing os_systick.o(.text.OS_Tick_Disable), (44 bytes).
    Removing os_systick.o(.ARM.exidx.text.OS_Tick_Disable), (8 bytes).
    Removing os_systick.o(.ARM.exidx.text.OS_Tick_AcknowledgeIRQ), (8 bytes).
    Removing os_systick.o(.ARM.exidx.text.OS_Tick_GetIRQn), (8 bytes).
    Removing os_systick.o(.text.OS_Tick_GetClock), (12 bytes).
    Removing os_systick.o(.ARM.exidx.text.OS_Tick_GetClock), (8 bytes).
    Removing os_systick.o(.text.OS_Tick_GetInterval), (12 bytes).
    Removing os_systick.o(.ARM.exidx.text.OS_Tick_GetInterval), (8 bytes).
    Removing os_systick.o(.text.OS_Tick_GetCount), (16 bytes).
    Removing os_systick.o(.ARM.exidx.text.OS_Tick_GetCount), (8 bytes).
    Removing os_systick.o(.text.OS_Tick_GetOverflow), (16 bytes).
    Removing os_systick.o(.ARM.exidx.text.OS_Tick_GetOverflow), (8 bytes).

581 unused section(s) (total 14813 bytes) removed from the image.

==============================================================================

Image Symbol Table

    Local Symbols

    Symbol Name                              Value     Ov Type        Size  Object(Section)

    ../clib/../cmprslib/zerorunl.c           0x00000000   Number         0  __dczerorl.o ABSOLUTE
    ../clib/microlib/init/entry.s            0x00000000   Number         0  entry.o ABSOLUTE
    ../clib/microlib/init/entry.s            0x00000000   Number         0  entry2.o ABSOLUTE
    ../clib/microlib/init/entry.s            0x00000000   Number         0  entry5.o ABSOLUTE
    ../clib/microlib/init/entry.s            0x00000000   Number         0  entry7a.o ABSOLUTE
    ../clib/microlib/init/entry.s            0x00000000   Number         0  entry7b.o ABSOLUTE
    ../clib/microlib/init/entry.s            0x00000000   Number         0  entry8a.o ABSOLUTE
    ../clib/microlib/init/entry.s            0x00000000   Number         0  entry8b.o ABSOLUTE
    ../clib/microlib/init/entry.s            0x00000000   Number         0  entry9a.o ABSOLUTE
    ../clib/microlib/init/entry.s            0x00000000   Number         0  entry9b.o ABSOLUTE
    ../clib/microlib/init/entry.s            0x00000000   Number         0  entry10a.o ABSOLUTE
    ../clib/microlib/init/entry.s            0x00000000   Number         0  entry10b.o ABSOLUTE
    ../clib/microlib/init/entry.s            0x00000000   Number         0  entry11a.o ABSOLUTE
    ../clib/microlib/init/entry.s            0x00000000   Number         0  entry11b.o ABSOLUTE
    ../clib/microlib/longlong.c              0x00000000   Number         0  llshl.o ABSOLUTE
    ../clib/microlib/longlong.c              0x00000000   Number         0  llushr.o ABSOLUTE
    ../clib/microlib/string/memcpy.c         0x00000000   Number         0  memcpya.o ABSOLUTE
    ../clib/microlib/string/memcpy.c         0x00000000   Number         0  memcpyb.o ABSOLUTE
    ../clib/microlib/string/memset.c         0x00000000   Number         0  memseta.o ABSOLUTE
    ../clib/microlib/stubs.s                 0x00000000   Number         0  iusefp.o ABSOLUTE
    ../fplib/microlib/d2f.c                  0x00000000   Number         0  d2f.o ABSOLUTE
    ../fplib/microlib/fpdiv.c                0x00000000   Number         0  ddiv.o ABSOLUTE
    ../fplib/microlib/fpepilogue.c           0x00000000   Number         0  fepilogue.o ABSOLUTE
    ../fplib/microlib/fpepilogue.c           0x00000000   Number         0  depilogue.o ABSOLUTE
    ../fplib/microlib/fpflt.c                0x00000000   Number         0  dfltui.o ABSOLUTE
    ../fplib/microlib/fpmul.c                0x00000000   Number         0  dmul.o ABSOLUTE
    RTE/Device/TM4C1294NCPDT/startup_TM4C129.s 0x00000000   Number         0  startup_tm4c129.o ABSOLUTE
    RTX_Config.c                             0x00000000   Number         0  rtx_config.o ABSOLUTE
    cpu.c                                    0x00000000   Number         0  cpu.o ABSOLUTE
    cpu.c                                    0x00000000   Number         0  cpu.o ABSOLUTE
    dc.s                                     0x00000000   Number         0  dc.o ABSOLUTE
    gpio.c                                   0x00000000   Number         0  gpio.o ABSOLUTE
    handlers.s                               0x00000000   Number         0  handlers.o ABSOLUTE
    hcsr04.c                                 0x00000000   Number         0  hcsr04.o ABSOLUTE
    init.s                                   0x00000000   Number         0  init.o ABSOLUTE
    interrupt.c                              0x00000000   Number         0  interrupt.o ABSOLUTE
    main.c                                   0x00000000   Number         0  main.o ABSOLUTE
    movement.c                               0x00000000   Number         0  movement.o ABSOLUTE
    os_systick.c                             0x00000000   Number         0  os_systick.o ABSOLUTE
    rtx_delay.c                              0x00000000   Number         0  rtx_delay.o ABSOLUTE
    rtx_kernel.c                             0x00000000   Number         0  rtx_kernel.o ABSOLUTE
    rtx_lib.c                                0x00000000   Number         0  rtx_lib.o ABSOLUTE
    rtx_memory.c                             0x00000000   Number         0  rtx_memory.o ABSOLUTE
    rtx_mempool.c                            0x00000000   Number         0  rtx_mempool.o ABSOLUTE
    rtx_msgqueue.c                           0x00000000   Number         0  rtx_msgqueue.o ABSOLUTE
    rtx_mutex.c                              0x00000000   Number         0  rtx_mutex.o ABSOLUTE
    rtx_system.c                             0x00000000   Number         0  rtx_system.o ABSOLUTE
    rtx_thread.c                             0x00000000   Number         0  rtx_thread.o ABSOLUTE
    rtx_timer.c                              0x00000000   Number         0  rtx_timer.o ABSOLUTE
    servo.c                                  0x00000000   Number         0  servo.o ABSOLUTE
    sysctl.c                                 0x00000000   Number         0  sysctl.o ABSOLUTE
    sysctl.c                                 0x00000000   Number         0  sysctl.o ABSOLUTE
    system_TM4C129.c                         0x00000000   Number         0  system_tm4c129.o ABSOLUTE
    timer.c                                  0x00000000   Number         0  timer.o ABSOLUTE
    uart.c                                   0x00000000   Number         0  uart.o ABSOLUTE
    uart.c                                   0x00000000   Number         0  uart.o ABSOLUTE
    RESET                                    0x00000000   Section      512  startup_tm4c129.o(RESET)
    FPU_USED                                 0x00000001   Number         0  irq_armv7m.o ABSOLUTE
    osRtxErrorStackOverflow                  0x00000001   Number         0  irq_armv7m.o ABSOLUTE
    I_T_RUN_OFS                              0x00000014   Number         0  irq_armv7m.o ABSOLUTE
    TCB_SF_OFS                               0x00000022   Number         0  irq_armv7m.o ABSOLUTE
    TCB_SP_OFS                               0x00000038   Number         0  irq_armv7m.o ABSOLUTE
    .ARM.Collect$$$$00000000                 0x00000200   Section        0  entry.o(.ARM.Collect$$$$00000000)
    .ARM.Collect$$$$00000001                 0x00000200   Section        4  entry2.o(.ARM.Collect$$$$00000001)
    .ARM.Collect$$$$00000004                 0x00000204   Section        4  entry5.o(.ARM.Collect$$$$00000004)
    .ARM.Collect$$$$00000008                 0x00000208   Section        0  entry7b.o(.ARM.Collect$$$$00000008)
    .ARM.Collect$$$$0000000A                 0x00000208   Section        0  entry8b.o(.ARM.Collect$$$$0000000A)
    .ARM.Collect$$$$0000000B                 0x00000208   Section        8  entry9a.o(.ARM.Collect$$$$0000000B)
    __lit__00000000                          0x00000210   Data           4  entry2.o(.ARM.Collect$$$$00002712)
    .ARM.Collect$$$$0000000D                 0x00000210   Section        0  entry10a.o(.ARM.Collect$$$$0000000D)
    .ARM.Collect$$$$0000000F                 0x00000210   Section        0  entry11a.o(.ARM.Collect$$$$0000000F)
    .ARM.Collect$$$$00002712                 0x00000210   Section        4  entry2.o(.ARM.Collect$$$$00002712)
    $v0                                      0x00000214   Number         0  startup_tm4c129.o(.text)
    .text                                    0x00000214   Section      276  startup_tm4c129.o(.text)
    [Anonymous Symbol]                       0x00000328   Section        0  irq_armv7m.o(.text)
    SVC_Context                              0x00000350   Number         0  irq_armv7m.o(.text)
    SVC_FP_LazyState                         0x00000360   Number         0  irq_armv7m.o(.text)
    SVC_ContextSave                          0x00000372   Number         0  irq_armv7m.o(.text)
    SVC_ContextRestore                       0x00000388   Number         0  irq_armv7m.o(.text)
    SVC_Exit                                 0x000003a4   Number         0  irq_armv7m.o(.text)
    SVC_User                                 0x000003a6   Number         0  irq_armv7m.o(.text)
    .text                                    0x000003f0   Section        0  memcpya.o(.text)
    .text                                    0x00000414   Section        0  memseta.o(.text)
    .text                                    0x00000438   Section        0  dmul.o(.text)
    .text                                    0x0000051c   Section        0  ddiv.o(.text)
    .text                                    0x000005fa   Section        0  dfltui.o(.text)
    .text                                    0x00000614   Section        0  d2f.o(.text)
    .text                                    0x0000064c   Section        0  iusefp.o(.text)
    .text                                    0x0000064c   Section        0  fepilogue.o(.text)
    .text                                    0x000006ba   Section        0  depilogue.o(.text)
    .text                                    0x00000774   Section       48  init.o(.text)
    .text                                    0x000007a4   Section        0  llshl.o(.text)
    .text                                    0x000007c2   Section        0  llushr.o(.text)
    .text                                    0x000007e2   Section        0  __dczerorl.o(.text)
    [Anonymous Symbol]                       0x00000820   Section        0  hcsr04.o(.text.Measure_Echo)
    MessageQueueGet                          0x000008d1   Thumb Code    64  rtx_msgqueue.o(.text.MessageQueueGet)
    [Anonymous Symbol]                       0x000008d0   Section        0  rtx_msgqueue.o(.text.MessageQueueGet)
    MessageQueuePut                          0x00000911   Thumb Code    88  rtx_msgqueue.o(.text.MessageQueuePut)
    [Anonymous Symbol]                       0x00000910   Section        0  rtx_msgqueue.o(.text.MessageQueuePut)
    MessageQueueRemove                       0x00000969   Thumb Code    28  rtx_msgqueue.o(.text.MessageQueueRemove)
    [Anonymous Symbol]                       0x00000968   Section        0  rtx_msgqueue.o(.text.MessageQueueRemove)
    [Anonymous Symbol]                       0x00000984   Section        0  os_systick.o(.text.OS_Tick_AcknowledgeIRQ)
    [Anonymous Symbol]                       0x0000098c   Section        0  os_systick.o(.text.OS_Tick_Enable)
    __arm_cp.1_1                             0x000009ac   Number         4  os_systick.o(.text.OS_Tick_Enable)
    [Anonymous Symbol]                       0x000009b0   Section        0  os_systick.o(.text.OS_Tick_GetIRQn)
    [Anonymous Symbol]                       0x000009b8   Section        0  os_systick.o(.text.OS_Tick_Setup)
    __arm_cp.0_0                             0x000009e8   Number         4  os_systick.o(.text.OS_Tick_Setup)
    __arm_cp.0_1                             0x000009ec   Number         4  os_systick.o(.text.OS_Tick_Setup)
    __arm_cp.0_2                             0x000009f0   Number         4  os_systick.o(.text.OS_Tick_Setup)
    __arm_cp.0_3                             0x000009f4   Number         4  os_systick.o(.text.OS_Tick_Setup)
    OUTLINED_FUNCTION_0                      0x000009f9   Thumb Code    12  rtx_kernel.o(.text.OUTLINED_FUNCTION_0)
    [Anonymous Symbol]                       0x000009f8   Section        0  rtx_kernel.o(.text.OUTLINED_FUNCTION_0)
    OUTLINED_FUNCTION_0                      0x00000a05   Thumb Code    12  rtx_msgqueue.o(.text.OUTLINED_FUNCTION_0)
    [Anonymous Symbol]                       0x00000a04   Section        0  rtx_msgqueue.o(.text.OUTLINED_FUNCTION_0)
    OUTLINED_FUNCTION_1                      0x00000a11   Thumb Code     6  rtx_kernel.o(.text.OUTLINED_FUNCTION_1)
    [Anonymous Symbol]                       0x00000a10   Section        0  rtx_kernel.o(.text.OUTLINED_FUNCTION_1)
    OUTLINED_FUNCTION_1                      0x00000a17   Thumb Code     6  rtx_msgqueue.o(.text.OUTLINED_FUNCTION_1)
    [Anonymous Symbol]                       0x00000a16   Section        0  rtx_msgqueue.o(.text.OUTLINED_FUNCTION_1)
    [Anonymous Symbol]                       0x00000a1c   Section        0  system_tm4c129.o(.text.SystemInit)
    ThreadFlagsCheck                         0x00000a41   Thumb Code   100  rtx_thread.o(.text.ThreadFlagsCheck)
    [Anonymous Symbol]                       0x00000a40   Section        0  rtx_thread.o(.text.ThreadFlagsCheck)
    [Anonymous Symbol]                       0x00000aa4   Section        0  main.o(.text.ThreadLookAround)
    [Anonymous Symbol]                       0x00000c08   Section        0  main.o(.text.ThreadMeasureDistanceAvg)
    [Anonymous Symbol]                       0x00000c78   Section        0  main.o(.text.ThreadTurnAround)
    [Anonymous Symbol]                       0x00000d04   Section        0  servo.o(.text.Timer0IntHandler)
    TimerInsert                              0x00000dd9   Thumb Code    68  rtx_timer.o(.text.TimerInsert)
    [Anonymous Symbol]                       0x00000dd8   Section        0  rtx_timer.o(.text.TimerInsert)
    __arm_cp.9_0                             0x00000e1c   Number         4  rtx_timer.o(.text.TimerInsert)
    [Anonymous Symbol]                       0x00000e20   Section        0  hcsr04.o(.text.Trigger_Ultrasonic)
    [Anonymous Symbol]                       0x00000e5c   Section        0  hcsr04.o(.text.initHCSR04)
    [Anonymous Symbol]                       0x00000ecc   Section        0  main.o(.text.main)
    [Anonymous Symbol]                       0x00000f50   Section        0  movement.o(.text.moveBackwards)
    [Anonymous Symbol]                       0x00000f64   Section        0  movement.o(.text.moveForward)
    [Anonymous Symbol]                       0x00000f78   Section        0  movement.o(.text.movementInit)
    [Anonymous Symbol]                       0x00000fac   Section        0  rtx_delay.o(.text.osDelay)
    __arm_cp.0_0                             0x00000fcc   Number         4  rtx_delay.o(.text.osDelay)
    [Anonymous Symbol]                       0x00000fd0   Section        0  rtx_kernel.o(.text.osKernelInitialize)
    __arm_cp.2_0                             0x00000ff8   Number         4  rtx_kernel.o(.text.osKernelInitialize)
    [Anonymous Symbol]                       0x00000ffc   Section        0  rtx_kernel.o(.text.osKernelStart)
    __arm_cp.7_0                             0x0000101c   Number         4  rtx_kernel.o(.text.osKernelStart)
    [Anonymous Symbol]                       0x00001020   Section        0  rtx_msgqueue.o(.text.osMessageQueueGet)
    __arm_cp.5_0                             0x0000108c   Number         4  rtx_msgqueue.o(.text.osMessageQueueGet)
    [Anonymous Symbol]                       0x00001090   Section        0  rtx_msgqueue.o(.text.osMessageQueueNew)
    __arm_cp.2_0                             0x000010b0   Number         4  rtx_msgqueue.o(.text.osMessageQueueNew)
    [Anonymous Symbol]                       0x000010b4   Section        0  rtx_msgqueue.o(.text.osMessageQueuePut)
    __arm_cp.4_0                             0x00001130   Number         4  rtx_msgqueue.o(.text.osMessageQueuePut)
    [Anonymous Symbol]                       0x00001134   Section        0  rtx_config.o(.text.osRtxErrorNotify)
    [Anonymous Symbol]                       0x00001164   Section        0  rtx_config.o(.text.osRtxIdleThread)
    [Anonymous Symbol]                       0x0000116c   Section        0  rtx_kernel.o(.text.osRtxKernelErrorNotify)
    [Anonymous Symbol]                       0x00001170   Section        0  rtx_kernel.o(.text.osRtxKernelPreInit)
    [Anonymous Symbol]                       0x00001172   Section        0  rtx_memory.o(.text.osRtxMemoryAlloc)
    [Anonymous Symbol]                       0x000011de   Section        0  rtx_memory.o(.text.osRtxMemoryFree)
    [Anonymous Symbol]                       0x00001220   Section        0  rtx_memory.o(.text.osRtxMemoryInit)
    [Anonymous Symbol]                       0x00001256   Section        0  rtx_mempool.o(.text.osRtxMemoryPoolAlloc)
    [Anonymous Symbol]                       0x00001290   Section        0  rtx_mempool.o(.text.osRtxMemoryPoolFree)
    [Anonymous Symbol]                       0x000012da   Section        0  rtx_mempool.o(.text.osRtxMemoryPoolInit)
    osRtxMessageQueuePostProcess             0x00001313   Thumb Code   170  rtx_msgqueue.o(.text.osRtxMessageQueuePostProcess)
    [Anonymous Symbol]                       0x00001312   Section        0  rtx_msgqueue.o(.text.osRtxMessageQueuePostProcess)
    [Anonymous Symbol]                       0x000013bc   Section        0  rtx_msgqueue.o(.text.osRtxMessageQueueTimerSetup)
    __arm_cp.0_0                             0x000013dc   Number         4  rtx_msgqueue.o(.text.osRtxMessageQueueTimerSetup)
    [Anonymous Symbol]                       0x000013e0   Section        0  rtx_mutex.o(.text.osRtxMutexOwnerRelease)
    [Anonymous Symbol]                       0x00001428   Section        0  rtx_mutex.o(.text.osRtxMutexOwnerRestore)
    [Anonymous Symbol]                       0x00001470   Section        0  rtx_system.o(.text.osRtxPendSV_Handler)
    [Anonymous Symbol]                       0x000014f8   Section        0  rtx_system.o(.text.osRtxPostProcess)
    __arm_cp.2_1                             0x00001564   Number         4  rtx_system.o(.text.osRtxPostProcess)
    osRtxThreadBlock                         0x00001569   Thumb Code    52  rtx_thread.o(.text.osRtxThreadBlock)
    [Anonymous Symbol]                       0x00001568   Section        0  rtx_thread.o(.text.osRtxThreadBlock)
    osRtxThreadDelayInsert                   0x0000159d   Thumb Code   124  rtx_thread.o(.text.osRtxThreadDelayInsert)
    [Anonymous Symbol]                       0x0000159c   Section        0  rtx_thread.o(.text.osRtxThreadDelayInsert)
    osRtxThreadDelayRemove                   0x00001619   Thumb Code    60  rtx_thread.o(.text.osRtxThreadDelayRemove)
    [Anonymous Symbol]                       0x00001618   Section        0  rtx_thread.o(.text.osRtxThreadDelayRemove)
    [Anonymous Symbol]                       0x00001654   Section        0  rtx_thread.o(.text.osRtxThreadDelayTick)
    osRtxThreadDestroy                       0x000016a5   Thumb Code    32  rtx_thread.o(.text.osRtxThreadDestroy)
    [Anonymous Symbol]                       0x000016a4   Section        0  rtx_thread.o(.text.osRtxThreadDestroy)
    [Anonymous Symbol]                       0x000016c4   Section        0  rtx_thread.o(.text.osRtxThreadDispatch)
    osRtxThreadFree                          0x00001715   Thumb Code    84  rtx_thread.o(.text.osRtxThreadFree)
    [Anonymous Symbol]                       0x00001714   Section        0  rtx_thread.o(.text.osRtxThreadFree)
    __arm_cp.51_0                            0x00001768   Number         4  rtx_thread.o(.text.osRtxThreadFree)
    osRtxThreadJoinWakeup                    0x0000176d   Thumb Code    30  rtx_thread.o(.text.osRtxThreadJoinWakeup)
    [Anonymous Symbol]                       0x0000176c   Section        0  rtx_thread.o(.text.osRtxThreadJoinWakeup)
    [Anonymous Symbol]                       0x0000178a   Section        0  rtx_thread.o(.text.osRtxThreadListGet)
    [Anonymous Symbol]                       0x0000179c   Section        0  rtx_thread.o(.text.osRtxThreadListPut)
    [Anonymous Symbol]                       0x000017c8   Section        0  rtx_thread.o(.text.osRtxThreadListRemove)
    [Anonymous Symbol]                       0x000017dc   Section        0  rtx_thread.o(.text.osRtxThreadListSort)
    osRtxThreadPostProcess                   0x00001803   Thumb Code    40  rtx_thread.o(.text.osRtxThreadPostProcess)
    [Anonymous Symbol]                       0x00001802   Section        0  rtx_thread.o(.text.osRtxThreadPostProcess)
    [Anonymous Symbol]                       0x0000182c   Section        0  rtx_thread.o(.text.osRtxThreadReadyPut)
    __arm_cp.4_0                             0x0000183c   Number         4  rtx_thread.o(.text.osRtxThreadReadyPut)
    [Anonymous Symbol]                       0x00001840   Section        0  rtx_thread.o(.text.osRtxThreadRegPtr)
    [Anonymous Symbol]                       0x00001854   Section        0  rtx_thread.o(.text.osRtxThreadStartup)
    __arm_cp.14_1                            0x00001884   Number         4  rtx_thread.o(.text.osRtxThreadStartup)
    [Anonymous Symbol]                       0x00001888   Section        0  rtx_thread.o(.text.osRtxThreadSwitch)
    [Anonymous Symbol]                       0x00001894   Section        0  rtx_thread.o(.text.osRtxThreadWaitEnter)
    __arm_cp.12_0                            0x000018cc   Number         4  rtx_thread.o(.text.osRtxThreadWaitEnter)
    [Anonymous Symbol]                       0x000018d0   Section        0  rtx_thread.o(.text.osRtxThreadWaitExit)
    [Anonymous Symbol]                       0x00001900   Section        0  rtx_system.o(.text.osRtxTick_Handler)
    __arm_cp.0_0                             0x00001974   Number         4  rtx_system.o(.text.osRtxTick_Handler)
    [Anonymous Symbol]                       0x00001978   Section        0  rtx_timer.o(.text.osRtxTimerSetup)
    __arm_cp.0_0                             0x00001990   Number         4  rtx_timer.o(.text.osRtxTimerSetup)
    __arm_cp.0_1                             0x00001994   Number         4  rtx_timer.o(.text.osRtxTimerSetup)
    [Anonymous Symbol]                       0x00001998   Section        0  rtx_timer.o(.text.osRtxTimerThread)
    osRtxTimerTick                           0x000019b9   Thumb Code   108  rtx_timer.o(.text.osRtxTimerTick)
    [Anonymous Symbol]                       0x000019b8   Section        0  rtx_timer.o(.text.osRtxTimerTick)
    __arm_cp.1_0                             0x00001a24   Number         4  rtx_timer.o(.text.osRtxTimerTick)
    [Anonymous Symbol]                       0x00001a28   Section        0  rtx_thread.o(.text.osThreadExit)
    __arm_cp.30_0                            0x00001a30   Number         4  rtx_thread.o(.text.osThreadExit)
    [Anonymous Symbol]                       0x00001a34   Section        0  rtx_thread.o(.text.osThreadNew)
    __arm_cp.16_0                            0x00001a54   Number         4  rtx_thread.o(.text.osThreadNew)
    [Anonymous Symbol]                       0x00001a58   Section        0  servo.o(.text.servoSetup)
    [Anonymous Symbol]                       0x00001b04   Section        0  movement.o(.text.stop)
    svcRtxDelay                              0x00001b19   Thumb Code    22  rtx_delay.o(.text.svcRtxDelay)
    [Anonymous Symbol]                       0x00001b18   Section        0  rtx_delay.o(.text.svcRtxDelay)
    svcRtxKernelInitialize                   0x00001b31   Thumb Code   244  rtx_kernel.o(.text.svcRtxKernelInitialize)
    [Anonymous Symbol]                       0x00001b30   Section        0  rtx_kernel.o(.text.svcRtxKernelInitialize)
    __arm_cp.21_0                            0x00001c24   Number         4  rtx_kernel.o(.text.svcRtxKernelInitialize)
    __arm_cp.21_1                            0x00001c28   Number         4  rtx_kernel.o(.text.svcRtxKernelInitialize)
    __arm_cp.21_2                            0x00001c2c   Number         4  rtx_kernel.o(.text.svcRtxKernelInitialize)
    svcRtxKernelStart                        0x00001c31   Thumb Code   124  rtx_kernel.o(.text.svcRtxKernelStart)
    [Anonymous Symbol]                       0x00001c30   Section        0  rtx_kernel.o(.text.svcRtxKernelStart)
    __arm_cp.22_0                            0x00001cac   Number         4  rtx_kernel.o(.text.svcRtxKernelStart)
    __arm_cp.22_1                            0x00001cb0   Number         4  rtx_kernel.o(.text.svcRtxKernelStart)
    __arm_cp.22_2                            0x00001cb4   Number         4  rtx_kernel.o(.text.svcRtxKernelStart)
    __arm_cp.22_3                            0x00001cb8   Number         4  rtx_kernel.o(.text.svcRtxKernelStart)
    svcRtxMessageQueueGet                    0x00001cbd   Thumb Code   200  rtx_msgqueue.o(.text.svcRtxMessageQueueGet)
    [Anonymous Symbol]                       0x00001cbc   Section        0  rtx_msgqueue.o(.text.svcRtxMessageQueueGet)
    __arm_cp.22_0                            0x00001d84   Number         4  rtx_msgqueue.o(.text.svcRtxMessageQueueGet)
    svcRtxMessageQueueNew                    0x00001d89   Thumb Code   272  rtx_msgqueue.o(.text.svcRtxMessageQueueNew)
    [Anonymous Symbol]                       0x00001d88   Section        0  rtx_msgqueue.o(.text.svcRtxMessageQueueNew)
    __arm_cp.1_1                             0x00001e98   Number         4  rtx_msgqueue.o(.text.svcRtxMessageQueueNew)
    svcRtxMessageQueuePut                    0x00001e9d   Thumb Code   168  rtx_msgqueue.o(.text.svcRtxMessageQueuePut)
    [Anonymous Symbol]                       0x00001e9c   Section        0  rtx_msgqueue.o(.text.svcRtxMessageQueuePut)
    svcRtxThreadExit                         0x00001f45   Thumb Code    72  rtx_thread.o(.text.svcRtxThreadExit)
    [Anonymous Symbol]                       0x00001f44   Section        0  rtx_thread.o(.text.svcRtxThreadExit)
    __arm_cp.53_0                            0x00001f8c   Number         4  rtx_thread.o(.text.svcRtxThreadExit)
    svcRtxThreadNew                          0x00001f91   Thumb Code   472  rtx_thread.o(.text.svcRtxThreadNew)
    [Anonymous Symbol]                       0x00001f90   Section        0  rtx_thread.o(.text.svcRtxThreadNew)
    __arm_cp.15_0                            0x00002168   Number         4  rtx_thread.o(.text.svcRtxThreadNew)
    __arm_cp.15_1                            0x0000216c   Number         4  rtx_thread.o(.text.svcRtxThreadNew)
    __arm_cp.15_2                            0x00002170   Number         4  rtx_thread.o(.text.svcRtxThreadNew)
    __arm_cp.15_3                            0x00002174   Number         4  rtx_thread.o(.text.svcRtxThreadNew)
    __arm_cp.15_4                            0x00002178   Number         4  rtx_thread.o(.text.svcRtxThreadNew)
    [Anonymous Symbol]                       0x0000217c   Section        0  movement.o(.text.turnLeft)
    [Anonymous Symbol]                       0x00002190   Section        0  movement.o(.text.turnRight)
    [Anonymous Symbol]                       0x000021a4   Section        0  servo.o(.text.turnServo)
    i.GPIODirModeSet                         0x000021bc   Section        0  gpio.o(i.GPIODirModeSet)
    i.GPIOPadConfigSet                       0x000021e4   Section        0  gpio.o(i.GPIOPadConfigSet)
    i.GPIOPinRead                            0x00002354   Section        0  gpio.o(i.GPIOPinRead)
    i.GPIOPinTypeGPIOInput                   0x0000235a   Section        0  gpio.o(i.GPIOPinTypeGPIOInput)
    i.GPIOPinTypeGPIOOutput                  0x00002376   Section        0  gpio.o(i.GPIOPinTypeGPIOOutput)
    i.GPIOPinWrite                           0x00002392   Section        0  gpio.o(i.GPIOPinWrite)
    i.IntEnable                              0x00002398   Section        0  interrupt.o(i.IntEnable)
    i.IntRegister                            0x000023fc   Section        0  interrupt.o(i.IntRegister)
    i.SysCtlClockFreqSet                     0x00002430   Section        0  sysctl.o(i.SysCtlClockFreqSet)
    i.SysCtlPeripheralEnable                 0x00002714   Section        0  sysctl.o(i.SysCtlPeripheralEnable)
    i.SysCtlPeripheralReady                  0x0000273c   Section        0  sysctl.o(i.SysCtlPeripheralReady)
    i.TimerConfigure                         0x00002768   Section        0  timer.o(i.TimerConfigure)
    i.TimerEnable                            0x000027c8   Section        0  timer.o(i.TimerEnable)
    i.TimerIntClear                          0x000027d6   Section        0  timer.o(i.TimerIntClear)
    i.TimerIntEnable                         0x000027da   Section        0  timer.o(i.TimerIntEnable)
    i.TimerIntRegister                       0x000027e4   Section        0  timer.o(i.TimerIntRegister)
    i.TimerLoadSet                           0x0000284c   Section        0  timer.o(i.TimerLoadSet)
    i.TimerValueGet                          0x0000285e   Section        0  timer.o(i.TimerValueGet)
    i.__scatterload_copy                     0x00002868   Section       14  handlers.o(i.__scatterload_copy)
    i.__scatterload_null                     0x00002876   Section        2  handlers.o(i.__scatterload_null)
    i.__scatterload_zeroinit                 0x00002878   Section       14  handlers.o(i.__scatterload_zeroinit)
    g_pui32Priority                          0x00002888   Data          32  interrupt.o(.constdata)
    .constdata                               0x00002888   Section      268  interrupt.o(.constdata)
    g_pui32Regs                              0x000028a8   Data         156  interrupt.o(.constdata)
    g_pui32EnRegs                            0x00002944   Data          20  interrupt.o(.constdata)
    g_pui32Dii16Regs                         0x00002958   Data          20  interrupt.o(.constdata)
    g_pui32PendRegs                          0x0000296c   Data          20  interrupt.o(.constdata)
    g_pui32UnpendRegs                        0x00002980   Data          20  interrupt.o(.constdata)
    g_pui32VCOFrequencies                    0x00002994   Data           8  sysctl.o(.constdata)
    .constdata                               0x00002994   Section      596  sysctl.o(.constdata)
    g_pui32Xtals                             0x0000299c   Data         108  sysctl.o(.constdata)
    g_pppui32XTALtoVCO                       0x00002a08   Data         432  sysctl.o(.constdata)
    g_sXTALtoMEMTIM                          0x00002bb8   Data          48  sysctl.o(.constdata)
    g_ppui32TimerIntMap                      0x00002be8   Data          96  timer.o(.constdata)
    .constdata                               0x00002be8   Section      160  timer.o(.constdata)
    g_ppui32TimerIntMapSnowflake             0x00002c48   Data          64  timer.o(.constdata)
    __tagsym$$used.0                         0x00002c88   Number         0  rtx_lib.o(.rodata)
    __tagsym$$used.1                         0x00002cf8   Number         0  rtx_lib.o(.rodata)
    os_idle_thread_attr                      0x00002d34   Data          36  rtx_lib.o(.rodata.os_idle_thread_attr)
    [Anonymous Symbol]                       0x00002d34   Section        0  rtx_lib.o(.rodata.os_idle_thread_attr)
    os_timer_mq_attr                         0x00002d58   Data          24  rtx_lib.o(.rodata.os_timer_mq_attr)
    [Anonymous Symbol]                       0x00002d58   Section        0  rtx_lib.o(.rodata.os_timer_mq_attr)
    os_timer_thread_attr                     0x00002d70   Data          36  rtx_lib.o(.rodata.os_timer_thread_attr)
    [Anonymous Symbol]                       0x00002d70   Section        0  rtx_lib.o(.rodata.os_timer_thread_attr)
    [Anonymous Symbol]                       0x00002d94   Section        0  rtx_kernel.o(.rodata.str1.4)
    g_pfnRAMVectors                          0x20000400   Data         620  interrupt.o(vtable)
    vtable                                   0x20000400   Section      620  interrupt.o(vtable)
    os_isr_queue                             0x20000678   Data          64  rtx_lib.o(.bss.os)
    [Anonymous Symbol]                       0x20000678   Section        0  rtx_lib.o(.bss.os)
    os_mem                                   0x200006b8   Data       32768  rtx_lib.o(.bss.os)
    PendST                                   0x200086b8   Data           1  os_systick.o(.bss.os)
    [Anonymous Symbol]                       0x200086b8   Section        0  os_systick.o(.bss.os)
    os_timer_mq_cb                           0x200086bc   Data          52  rtx_lib.o(.bss.os.msgqueue.cb)
    [Anonymous Symbol]                       0x200086bc   Section        0  rtx_lib.o(.bss.os.msgqueue.cb)
    os_timer_mq_data                         0x200086f0   Data          80  rtx_lib.o(.bss.os.msgqueue.mem)
    [Anonymous Symbol]                       0x200086f0   Section        0  rtx_lib.o(.bss.os.msgqueue.mem)
    os_idle_thread_cb                        0x20008740   Data          68  rtx_lib.o(.bss.os.thread.cb)
    [Anonymous Symbol]                       0x20008740   Section        0  rtx_lib.o(.bss.os.thread.cb)
    os_timer_thread_cb                       0x20008784   Data          68  rtx_lib.o(.bss.os.thread.cb)
    os_idle_thread_stack                     0x200087c8   Data         512  rtx_lib.o(.bss.os.thread.idle.stack)
    [Anonymous Symbol]                       0x200087c8   Section        0  rtx_lib.o(.bss.os.thread.idle.stack)
    os_timer_thread_stack                    0x200089c8   Data         512  rtx_lib.o(.bss.os.thread.timer.stack)
    [Anonymous Symbol]                       0x200089c8   Section        0  rtx_lib.o(.bss.os.thread.timer.stack)
    STACK                                    0x20008bd0   Section      512  startup_tm4c129.o(STACK)
    FPCCR                                    0xe000ef34   Number         0  irq_armv7m.o ABSOLUTE

    Global Symbols

    Symbol Name                              Value     Ov Type        Size  Object(Section)

    BuildAttributes$$THM_ISAv4$E$P$D$K$B$S$7EM$VFPi3$EXTD16$VFPS$VFMA$PE$A:L22UL41UL21$X:L11$S22US41US21$IEEE1$IW$~IW$USESV6$~STKCKD$USESV7$~SHL$OTIME$ROPI$EBA8$MICROLIB$REQ8$PRES8$EABIv2 0x00000000   Number         0  anon$$obj.o ABSOLUTE
    __Vectors                                0x00000000   Data           4  startup_tm4c129.o(RESET)
    .bss.os.evflags.cb$$Base                  - Undefined Weak Reference
    .bss.os.evflags.cb$$Limit                 - Undefined Weak Reference
    .bss.os.mempool.cb$$Base                  - Undefined Weak Reference
    .bss.os.mempool.cb$$Limit                 - Undefined Weak Reference
    .bss.os.mutex.cb$$Base                    - Undefined Weak Reference
    .bss.os.mutex.cb$$Limit                   - Undefined Weak Reference
    .bss.os.semaphore.cb$$Base                - Undefined Weak Reference
    .bss.os.semaphore.cb$$Limit               - Undefined Weak Reference
    .bss.os.timer.cb$$Base                    - Undefined Weak Reference
    .bss.os.timer.cb$$Limit                   - Undefined Weak Reference
    __cpp_initialize__aeabi_                  - Undefined Weak Reference
    __cxa_finalize                            - Undefined Weak Reference
    _clock_init                               - Undefined Weak Reference
    _microlib_exit                            - Undefined Weak Reference
    __Vectors_End                            0x00000200   Data           0  startup_tm4c129.o(RESET)
    __Vectors_Size                           0x00000200   Number         0  startup_tm4c129.o ABSOLUTE
    __main                                   0x00000201   Thumb Code     0  entry.o(.ARM.Collect$$$$00000000)
    _main_stk                                0x00000201   Thumb Code     0  entry2.o(.ARM.Collect$$$$00000001)
    _main_scatterload                        0x00000205   Thumb Code     0  entry5.o(.ARM.Collect$$$$00000004)
    __main_after_scatterload                 0x00000209   Thumb Code     0  entry5.o(.ARM.Collect$$$$00000004)
    _main_clock                              0x00000209   Thumb Code     0  entry7b.o(.ARM.Collect$$$$00000008)
    _main_cpp_init                           0x00000209   Thumb Code     0  entry8b.o(.ARM.Collect$$$$0000000A)
    _main_init                               0x00000209   Thumb Code     0  entry9a.o(.ARM.Collect$$$$0000000B)
    __rt_final_cpp                           0x00000211   Thumb Code     0  entry10a.o(.ARM.Collect$$$$0000000D)
    __rt_final_exit                          0x00000211   Thumb Code     0  entry11a.o(.ARM.Collect$$$$0000000F)
    Reset_Handler                            0x00000215   Thumb Code     8  startup_tm4c129.o(.text)
    NMI_Handler                              0x0000021d   Thumb Code     2  startup_tm4c129.o(.text)
    HardFault_Handler                        0x0000021f   Thumb Code     2  startup_tm4c129.o(.text)
    MemManage_Handler                        0x00000221   Thumb Code     2  startup_tm4c129.o(.text)
    BusFault_Handler                         0x00000223   Thumb Code     2  startup_tm4c129.o(.text)
    UsageFault_Handler                       0x00000225   Thumb Code     2  startup_tm4c129.o(.text)
    DebugMon_Handler                         0x00000229   Thumb Code     2  startup_tm4c129.o(.text)
    GPIOA_Handler                            0x0000022f   Thumb Code     2  startup_tm4c129.o(.text)
    GPIOB_Handler                            0x00000231   Thumb Code     2  startup_tm4c129.o(.text)
    GPIOC_Handler                            0x00000233   Thumb Code     2  startup_tm4c129.o(.text)
    GPIOD_Handler                            0x00000235   Thumb Code     2  startup_tm4c129.o(.text)
    GPIOE_Handler                            0x00000237   Thumb Code     2  startup_tm4c129.o(.text)
    UART0_Handler                            0x00000239   Thumb Code     2  startup_tm4c129.o(.text)
    UART1_Handler                            0x0000023b   Thumb Code     2  startup_tm4c129.o(.text)
    SSI0_Handler                             0x0000023d   Thumb Code     2  startup_tm4c129.o(.text)
    I2C0_Handler                             0x0000023f   Thumb Code     2  startup_tm4c129.o(.text)
    PMW0_FAULT_Handler                       0x00000241   Thumb Code     2  startup_tm4c129.o(.text)
    PWM0_0_Handler                           0x00000243   Thumb Code     2  startup_tm4c129.o(.text)
    PWM0_1_Handler                           0x00000245   Thumb Code     2  startup_tm4c129.o(.text)
    PWM0_2_Handler                           0x00000247   Thumb Code     2  startup_tm4c129.o(.text)
    QEI0_Handler                             0x00000249   Thumb Code     2  startup_tm4c129.o(.text)
    ADC0SS0_Handler                          0x0000024b   Thumb Code     2  startup_tm4c129.o(.text)
    ADC0SS1_Handler                          0x0000024d   Thumb Code     2  startup_tm4c129.o(.text)
    ADC0SS2_Handler                          0x0000024f   Thumb Code     2  startup_tm4c129.o(.text)
    ADC0SS3_Handler                          0x00000251   Thumb Code     2  startup_tm4c129.o(.text)
    WDT0_Handler                             0x00000253   Thumb Code     2  startup_tm4c129.o(.text)
    TIMER0A_Handler                          0x00000255   Thumb Code     2  startup_tm4c129.o(.text)
    TIMER0B_Handler                          0x00000257   Thumb Code     2  startup_tm4c129.o(.text)
    TIMER1A_Handler                          0x00000259   Thumb Code     2  startup_tm4c129.o(.text)
    TIMER1B_Handler                          0x0000025b   Thumb Code     2  startup_tm4c129.o(.text)
    TIMER2A_Handler                          0x0000025d   Thumb Code     2  startup_tm4c129.o(.text)
    TIMER2B_Handler                          0x0000025f   Thumb Code     2  startup_tm4c129.o(.text)
    COMP0_Handler                            0x00000261   Thumb Code     2  startup_tm4c129.o(.text)
    COMP1_Handler                            0x00000263   Thumb Code     2  startup_tm4c129.o(.text)
    COMP2_Handler                            0x00000265   Thumb Code     2  startup_tm4c129.o(.text)
    SYSCTL_Handler                           0x00000267   Thumb Code     2  startup_tm4c129.o(.text)
    FLASH_Handler                            0x00000269   Thumb Code     2  startup_tm4c129.o(.text)
    GPIOF_Handler                            0x0000026b   Thumb Code     2  startup_tm4c129.o(.text)
    GPIOG_Handler                            0x0000026d   Thumb Code     2  startup_tm4c129.o(.text)
    GPIOH_Handler                            0x0000026f   Thumb Code     2  startup_tm4c129.o(.text)
    UART2_Handler                            0x00000271   Thumb Code     2  startup_tm4c129.o(.text)
    SSI1_Handler                             0x00000273   Thumb Code     2  startup_tm4c129.o(.text)
    TIMER3A_Handler                          0x00000275   Thumb Code     2  startup_tm4c129.o(.text)
    TIMER3B_Handler                          0x00000277   Thumb Code     2  startup_tm4c129.o(.text)
    I2C1_Handler                             0x00000279   Thumb Code     2  startup_tm4c129.o(.text)
    CAN0_Handler                             0x0000027b   Thumb Code     2  startup_tm4c129.o(.text)
    CAN1_Handler                             0x0000027d   Thumb Code     2  startup_tm4c129.o(.text)
    ETH_Handler                              0x0000027f   Thumb Code     2  startup_tm4c129.o(.text)
    HIB_Handler                              0x00000281   Thumb Code     2  startup_tm4c129.o(.text)
    USB0_Handler                             0x00000283   Thumb Code     2  startup_tm4c129.o(.text)
    PWM0_3_Handler                           0x00000285   Thumb Code     2  startup_tm4c129.o(.text)
    UDMA_Handler                             0x00000287   Thumb Code     2  startup_tm4c129.o(.text)
    UDMAERR_Handler                          0x00000289   Thumb Code     2  startup_tm4c129.o(.text)
    ADC1SS0_Handler                          0x0000028b   Thumb Code     2  startup_tm4c129.o(.text)
    ADC1SS1_Handler                          0x0000028d   Thumb Code     2  startup_tm4c129.o(.text)
    ADC1SS2_Handler                          0x0000028f   Thumb Code     2  startup_tm4c129.o(.text)
    ADC1SS3_Handler                          0x00000291   Thumb Code     2  startup_tm4c129.o(.text)
    EBI0_Handler                             0x00000293   Thumb Code     2  startup_tm4c129.o(.text)
    GPIOJ_Handler                            0x00000295   Thumb Code     2  startup_tm4c129.o(.text)
    GPIOK_Handler                            0x00000297   Thumb Code     2  startup_tm4c129.o(.text)
    GPIOL_Handler                            0x00000299   Thumb Code     2  startup_tm4c129.o(.text)
    SSI2_Handler                             0x0000029b   Thumb Code     2  startup_tm4c129.o(.text)
    SSI3_Handler                             0x0000029d   Thumb Code     2  startup_tm4c129.o(.text)
    UART3_Handler                            0x0000029f   Thumb Code     2  startup_tm4c129.o(.text)
    UART4_Handler                            0x000002a1   Thumb Code     2  startup_tm4c129.o(.text)
    UART5_Handler                            0x000002a3   Thumb Code     2  startup_tm4c129.o(.text)
    UART6_Handler                            0x000002a5   Thumb Code     2  startup_tm4c129.o(.text)
    UART7_Handler                            0x000002a7   Thumb Code     2  startup_tm4c129.o(.text)
    I2C2_Handler                             0x000002a9   Thumb Code     2  startup_tm4c129.o(.text)
    I2C3_Handler                             0x000002ab   Thumb Code     2  startup_tm4c129.o(.text)
    TIMER4A_Handler                          0x000002ad   Thumb Code     2  startup_tm4c129.o(.text)
    TIMER4B_Handler                          0x000002af   Thumb Code     2  startup_tm4c129.o(.text)
    TIMER5A_Handler                          0x000002b1   Thumb Code     2  startup_tm4c129.o(.text)
    TIMER5B_Handler                          0x000002b3   Thumb Code     2  startup_tm4c129.o(.text)
    WTIMER0A_Handler                         0x000002b5   Thumb Code     2  startup_tm4c129.o(.text)
    WTIMER0B_Handler                         0x000002b7   Thumb Code     2  startup_tm4c129.o(.text)
    WTIMER1A_Handler                         0x000002b9   Thumb Code     2  startup_tm4c129.o(.text)
    WTIMER1B_Handler                         0x000002bb   Thumb Code     2  startup_tm4c129.o(.text)
    WTIMER2A_Handler                         0x000002bd   Thumb Code     2  startup_tm4c129.o(.text)
    WTIMER2B_Handler                         0x000002bf   Thumb Code     2  startup_tm4c129.o(.text)
    WTIMER3A_Handler                         0x000002c1   Thumb Code     2  startup_tm4c129.o(.text)
    WTIMER3B_Handler                         0x000002c3   Thumb Code     2  startup_tm4c129.o(.text)
    WTIMER4A_Handler                         0x000002c5   Thumb Code     2  startup_tm4c129.o(.text)
    WTIMER4B_Handler                         0x000002c7   Thumb Code     2  startup_tm4c129.o(.text)
    WTIMER5A_Handler                         0x000002c9   Thumb Code     2  startup_tm4c129.o(.text)
    WTIMER5B_Handler                         0x000002cb   Thumb Code     2  startup_tm4c129.o(.text)
    FPU_Handler                              0x000002cd   Thumb Code     2  startup_tm4c129.o(.text)
    I2C4_Handler                             0x000002cf   Thumb Code     2  startup_tm4c129.o(.text)
    I2C5_Handler                             0x000002d1   Thumb Code     2  startup_tm4c129.o(.text)
    GPIOM_Handler                            0x000002d3   Thumb Code     2  startup_tm4c129.o(.text)
    GPION_Handler                            0x000002d5   Thumb Code     2  startup_tm4c129.o(.text)
    TAMPER_Handler                           0x000002d7   Thumb Code     2  startup_tm4c129.o(.text)
    GPIOP0_Handler                           0x000002d9   Thumb Code     2  startup_tm4c129.o(.text)
    GPIOP1_Handler                           0x000002db   Thumb Code     2  startup_tm4c129.o(.text)
    GPIOP2_Handler                           0x000002dd   Thumb Code     2  startup_tm4c129.o(.text)
    GPIOP3_Handler                           0x000002df   Thumb Code     2  startup_tm4c129.o(.text)
    GPIOP4_Handler                           0x000002e1   Thumb Code     2  startup_tm4c129.o(.text)
    GPIOP5_Handler                           0x000002e3   Thumb Code     2  startup_tm4c129.o(.text)
    GPIOP6_Handler                           0x000002e5   Thumb Code     2  startup_tm4c129.o(.text)
    GPIOP7_Handler                           0x000002e7   Thumb Code     2  startup_tm4c129.o(.text)
    GPIOQ0_Handler                           0x000002e9   Thumb Code     2  startup_tm4c129.o(.text)
    GPIOQ1_Handler                           0x000002eb   Thumb Code     2  startup_tm4c129.o(.text)
    GPIOQ2_Handler                           0x000002ed   Thumb Code     2  startup_tm4c129.o(.text)
    GPIOQ3_Handler                           0x000002ef   Thumb Code     2  startup_tm4c129.o(.text)
    GPIOQ4_Handler                           0x000002f1   Thumb Code     2  startup_tm4c129.o(.text)
    GPIOQ5_Handler                           0x000002f3   Thumb Code     2  startup_tm4c129.o(.text)
    GPIOQ6_Handler                           0x000002f5   Thumb Code     2  startup_tm4c129.o(.text)
    GPIOQ7_Handler                           0x000002f7   Thumb Code     2  startup_tm4c129.o(.text)
    GPIOR_Handler                            0x000002f9   Thumb Code     2  startup_tm4c129.o(.text)
    GPIOS_Handler                            0x000002fb   Thumb Code     2  startup_tm4c129.o(.text)
    SHAMD5_Handler                           0x000002fd   Thumb Code     2  startup_tm4c129.o(.text)
    AES_Handler                              0x000002ff   Thumb Code     2  startup_tm4c129.o(.text)
    DES3DES_Handler                          0x00000301   Thumb Code     2  startup_tm4c129.o(.text)
    LCDCONTROLLER_Handler                    0x00000303   Thumb Code     2  startup_tm4c129.o(.text)
    TIMER6A_Handler                          0x00000305   Thumb Code     2  startup_tm4c129.o(.text)
    TIMER6B_Handler                          0x00000307   Thumb Code     2  startup_tm4c129.o(.text)
    TIMER7A_Handler                          0x00000309   Thumb Code     2  startup_tm4c129.o(.text)
    TIMER7B_Handler                          0x0000030b   Thumb Code     2  startup_tm4c129.o(.text)
    I2C6_Handler                             0x0000030d   Thumb Code     2  startup_tm4c129.o(.text)
    I2C7_Handler                             0x0000030f   Thumb Code     2  startup_tm4c129.o(.text)
    HIMSCANKEYBOARD_Handler                  0x00000311   Thumb Code     2  startup_tm4c129.o(.text)
    ONEWIRE_Handler                          0x00000313   Thumb Code     2  startup_tm4c129.o(.text)
    HIMPS2_Handler                           0x00000315   Thumb Code     2  startup_tm4c129.o(.text)
    HIMLEDSEQUENCER_Handler                  0x00000317   Thumb Code     2  startup_tm4c129.o(.text)
    HIMCONSUMERIR_Handler                    0x00000319   Thumb Code     2  startup_tm4c129.o(.text)
    I2C8_Handler                             0x0000031b   Thumb Code     2  startup_tm4c129.o(.text)
    I2C9_Handler                             0x0000031d   Thumb Code     2  startup_tm4c129.o(.text)
    GPIOT_Handler                            0x0000031f   Thumb Code     2  startup_tm4c129.o(.text)
    SVC_Handler                              0x00000329   Thumb Code   154  irq_armv7m.o(.text)
    PendSV_Handler                           0x000003c3   Thumb Code    16  irq_armv7m.o(.text)
    SysTick_Handler                          0x000003d3   Thumb Code    16  irq_armv7m.o(.text)
    __aeabi_memcpy                           0x000003f1   Thumb Code    36  memcpya.o(.text)
    __aeabi_memcpy4                          0x000003f1   Thumb Code     0  memcpya.o(.text)
    __aeabi_memcpy8                          0x000003f1   Thumb Code     0  memcpya.o(.text)
    __aeabi_memset                           0x00000415   Thumb Code    14  memseta.o(.text)
    __aeabi_memset4                          0x00000415   Thumb Code     0  memseta.o(.text)
    __aeabi_memset8                          0x00000415   Thumb Code     0  memseta.o(.text)
    __aeabi_memclr                           0x00000423   Thumb Code     4  memseta.o(.text)
    __aeabi_memclr4                          0x00000423   Thumb Code     0  memseta.o(.text)
    __aeabi_memclr8                          0x00000423   Thumb Code     0  memseta.o(.text)
    _memset$wrapper                          0x00000427   Thumb Code    18  memseta.o(.text)
    __aeabi_dmul                             0x00000439   Thumb Code   228  dmul.o(.text)
    __aeabi_ddiv                             0x0000051d   Thumb Code   222  ddiv.o(.text)
    __aeabi_ui2d                             0x000005fb   Thumb Code    26  dfltui.o(.text)
    __aeabi_d2f                              0x00000615   Thumb Code    56  d2f.o(.text)
    __I$use$fp                               0x0000064d   Thumb Code     0  iusefp.o(.text)
    _float_round                             0x0000064d   Thumb Code    18  fepilogue.o(.text)
    _float_epilogue                          0x0000065f   Thumb Code    92  fepilogue.o(.text)
    _double_round                            0x000006bb   Thumb Code    30  depilogue.o(.text)
    _double_epilogue                         0x000006d9   Thumb Code   156  depilogue.o(.text)
    __scatterload                            0x00000775   Thumb Code    38  init.o(.text)
    __scatterload_rt2                        0x00000775   Thumb Code     0  init.o(.text)
    __aeabi_llsl                             0x000007a5   Thumb Code    30  llshl.o(.text)
    _ll_shift_l                              0x000007a5   Thumb Code     0  llshl.o(.text)
    __aeabi_llsr                             0x000007c3   Thumb Code    32  llushr.o(.text)
    _ll_ushift_r                             0x000007c3   Thumb Code     0  llushr.o(.text)
    __decompress                             0x000007e3   Thumb Code     0  __dczerorl.o(.text)
    __decompress0                            0x000007e3   Thumb Code    58  __dczerorl.o(.text)
    Measure_Echo                             0x00000821   Thumb Code   160  hcsr04.o(.text.Measure_Echo)
    OS_Tick_AcknowledgeIRQ                   0x00000985   Thumb Code     8  os_systick.o(.text.OS_Tick_AcknowledgeIRQ)
    OS_Tick_Enable                           0x0000098d   Thumb Code    32  os_systick.o(.text.OS_Tick_Enable)
    OS_Tick_GetIRQn                          0x000009b1   Thumb Code     6  os_systick.o(.text.OS_Tick_GetIRQn)
    OS_Tick_Setup                            0x000009b9   Thumb Code    48  os_systick.o(.text.OS_Tick_Setup)
    SystemInit                               0x00000a1d   Thumb Code    36  system_tm4c129.o(.text.SystemInit)
    ThreadLookAround                         0x00000aa5   Thumb Code   354  main.o(.text.ThreadLookAround)
    ThreadMeasureDistanceAvg                 0x00000c09   Thumb Code   110  main.o(.text.ThreadMeasureDistanceAvg)
    ThreadTurnAround                         0x00000c79   Thumb Code   140  main.o(.text.ThreadTurnAround)
    Timer0IntHandler                         0x00000d05   Thumb Code   212  servo.o(.text.Timer0IntHandler)
    Trigger_Ultrasonic                       0x00000e21   Thumb Code    58  hcsr04.o(.text.Trigger_Ultrasonic)
    initHCSR04                               0x00000e5d   Thumb Code   110  hcsr04.o(.text.initHCSR04)
    main                                     0x00000ecd   Thumb Code   132  main.o(.text.main)
    moveBackwards                            0x00000f51   Thumb Code    20  movement.o(.text.moveBackwards)
    moveForward                              0x00000f65   Thumb Code    20  movement.o(.text.moveForward)
    movementInit                             0x00000f79   Thumb Code    50  movement.o(.text.movementInit)
    osDelay                                  0x00000fad   Thumb Code    32  rtx_delay.o(.text.osDelay)
    osKernelInitialize                       0x00000fd1   Thumb Code    40  rtx_kernel.o(.text.osKernelInitialize)
    osKernelStart                            0x00000ffd   Thumb Code    32  rtx_kernel.o(.text.osKernelStart)
    osMessageQueueGet                        0x00001021   Thumb Code   108  rtx_msgqueue.o(.text.osMessageQueueGet)
    osMessageQueueNew                        0x00001091   Thumb Code    32  rtx_msgqueue.o(.text.osMessageQueueNew)
    osMessageQueuePut                        0x000010b5   Thumb Code   124  rtx_msgqueue.o(.text.osMessageQueuePut)
    osRtxErrorNotify                         0x00001135   Thumb Code    46  rtx_config.o(.text.osRtxErrorNotify)
    osRtxIdleThread                          0x00001165   Thumb Code     8  rtx_config.o(.text.osRtxIdleThread)
    osRtxKernelErrorNotify                   0x0000116d   Thumb Code     4  rtx_kernel.o(.text.osRtxKernelErrorNotify)
    osRtxKernelPreInit                       0x00001171   Thumb Code     2  rtx_kernel.o(.text.osRtxKernelPreInit)
    osRtxMemoryAlloc                         0x00001173   Thumb Code   108  rtx_memory.o(.text.osRtxMemoryAlloc)
    osRtxMemoryFree                          0x000011df   Thumb Code    66  rtx_memory.o(.text.osRtxMemoryFree)
    osRtxMemoryInit                          0x00001221   Thumb Code    54  rtx_memory.o(.text.osRtxMemoryInit)
    osRtxMemoryPoolAlloc                     0x00001257   Thumb Code    58  rtx_mempool.o(.text.osRtxMemoryPoolAlloc)
    osRtxMemoryPoolFree                      0x00001291   Thumb Code    74  rtx_mempool.o(.text.osRtxMemoryPoolFree)
    osRtxMemoryPoolInit                      0x000012db   Thumb Code    56  rtx_mempool.o(.text.osRtxMemoryPoolInit)
    osRtxMessageQueueTimerSetup              0x000013bd   Thumb Code    32  rtx_msgqueue.o(.text.osRtxMessageQueueTimerSetup)
    osRtxMutexOwnerRelease                   0x000013e1   Thumb Code    72  rtx_mutex.o(.text.osRtxMutexOwnerRelease)
    osRtxMutexOwnerRestore                   0x00001429   Thumb Code    72  rtx_mutex.o(.text.osRtxMutexOwnerRestore)
    osRtxPendSV_Handler                      0x00001471   Thumb Code   136  rtx_system.o(.text.osRtxPendSV_Handler)
    osRtxPostProcess                         0x000014f9   Thumb Code   108  rtx_system.o(.text.osRtxPostProcess)
    osRtxThreadDelayTick                     0x00001655   Thumb Code    80  rtx_thread.o(.text.osRtxThreadDelayTick)
    osRtxThreadDispatch                      0x000016c5   Thumb Code    80  rtx_thread.o(.text.osRtxThreadDispatch)
    osRtxThreadListGet                       0x0000178b   Thumb Code    18  rtx_thread.o(.text.osRtxThreadListGet)
    osRtxThreadListPut                       0x0000179d   Thumb Code    44  rtx_thread.o(.text.osRtxThreadListPut)
    osRtxThreadListRemove                    0x000017c9   Thumb Code    20  rtx_thread.o(.text.osRtxThreadListRemove)
    osRtxThreadListSort                      0x000017dd   Thumb Code    38  rtx_thread.o(.text.osRtxThreadListSort)
    osRtxThreadReadyPut                      0x0000182d   Thumb Code    16  rtx_thread.o(.text.osRtxThreadReadyPut)
    osRtxThreadRegPtr                        0x00001841   Thumb Code    20  rtx_thread.o(.text.osRtxThreadRegPtr)
    osRtxThreadStartup                       0x00001855   Thumb Code    48  rtx_thread.o(.text.osRtxThreadStartup)
    osRtxThreadSwitch                        0x00001889   Thumb Code    12  rtx_thread.o(.text.osRtxThreadSwitch)
    osRtxThreadWaitEnter                     0x00001895   Thumb Code    56  rtx_thread.o(.text.osRtxThreadWaitEnter)
    osRtxThreadWaitExit                      0x000018d1   Thumb Code    48  rtx_thread.o(.text.osRtxThreadWaitExit)
    osRtxTick_Handler                        0x00001901   Thumb Code   116  rtx_system.o(.text.osRtxTick_Handler)
    osRtxTimerSetup                          0x00001979   Thumb Code    24  rtx_timer.o(.text.osRtxTimerSetup)
    osRtxTimerThread                         0x00001999   Thumb Code    32  rtx_timer.o(.text.osRtxTimerThread)
    osThreadExit                             0x00001a29   Thumb Code     8  rtx_thread.o(.text.osThreadExit)
    osThreadNew                              0x00001a35   Thumb Code    32  rtx_thread.o(.text.osThreadNew)
    servoSetup                               0x00001a59   Thumb Code   172  servo.o(.text.servoSetup)
    stop                                     0x00001b05   Thumb Code    20  movement.o(.text.stop)
    turnLeft                                 0x0000217d   Thumb Code    20  movement.o(.text.turnLeft)
    turnRight                                0x00002191   Thumb Code    20  movement.o(.text.turnRight)
    turnServo                                0x000021a5   Thumb Code    24  servo.o(.text.turnServo)
    GPIODirModeSet                           0x000021bd   Thumb Code    40  gpio.o(i.GPIODirModeSet)
    GPIOPadConfigSet                         0x000021e5   Thumb Code   354  gpio.o(i.GPIOPadConfigSet)
    GPIOPinRead                              0x00002355   Thumb Code     6  gpio.o(i.GPIOPinRead)
    GPIOPinTypeGPIOInput                     0x0000235b   Thumb Code    28  gpio.o(i.GPIOPinTypeGPIOInput)
    GPIOPinTypeGPIOOutput                    0x00002377   Thumb Code    28  gpio.o(i.GPIOPinTypeGPIOOutput)
    GPIOPinWrite                             0x00002393   Thumb Code     6  gpio.o(i.GPIOPinWrite)
    IntEnable                                0x00002399   Thumb Code    92  interrupt.o(i.IntEnable)
    IntRegister                              0x000023fd   Thumb Code    44  interrupt.o(i.IntRegister)
    SysCtlClockFreqSet                       0x00002431   Thumb Code   700  sysctl.o(i.SysCtlClockFreqSet)
    SysCtlPeripheralEnable                   0x00002715   Thumb Code    36  sysctl.o(i.SysCtlPeripheralEnable)
    SysCtlPeripheralReady                    0x0000273d   Thumb Code    40  sysctl.o(i.SysCtlPeripheralReady)
    TimerConfigure                           0x00002769   Thumb Code    88  timer.o(i.TimerConfigure)
    TimerEnable                              0x000027c9   Thumb Code    14  timer.o(i.TimerEnable)
    TimerIntClear                            0x000027d7   Thumb Code     4  timer.o(i.TimerIntClear)
    TimerIntEnable                           0x000027db   Thumb Code     8  timer.o(i.TimerIntEnable)
    TimerIntRegister                         0x000027e5   Thumb Code    88  timer.o(i.TimerIntRegister)
    TimerLoadSet                             0x0000284d   Thumb Code    18  timer.o(i.TimerLoadSet)
    TimerValueGet                            0x0000285f   Thumb Code    10  timer.o(i.TimerValueGet)
    __scatterload_copy                       0x00002869   Thumb Code    14  handlers.o(i.__scatterload_copy)
    __scatterload_null                       0x00002877   Thumb Code     2  handlers.o(i.__scatterload_null)
    __scatterload_zeroinit                   0x00002879   Thumb Code    14  handlers.o(i.__scatterload_zeroinit)
    osRtxConfig                              0x00002c88   Data         112  rtx_lib.o(.rodata)
    os_cb_sections                           0x00002cf8   Data          56  rtx_lib.o(.rodata)
    osRtxUserSVC                             0x00002d30   Data           4  rtx_lib.o(.rodata.osRtxUserSVC)
    Region$$Table$$Base                      0x00002da0   Number         0  anon$$obj.o(Region$$Table)
    Region$$Table$$Limit                     0x00002dc0   Number         0  anon$$obj.o(Region$$Table)
    SystemCoreClock                          0x20000000   Data           4  system_tm4c129.o(.data.SystemCoreClock)
    bestDir                                  0x20000004   Data           1  main.o(.data.bestDir)
    looking_directions                       0x20000005   Data           5  main.o(.data.looking_directions)
    movement_directions                      0x2000000a   Data           5  main.o(.data.movement_directions)
    osRtxInfo                                0x20000010   Data         164  rtx_kernel.o(.data.os)
    SysClock                                 0x20000670   Data           4  main.o(.bss.SysClock)
    distanceQueue                            0x20000674   Data           4  main.o(.bss.distanceQueue)
    .bss.os.msgqueue.cb$$Base                0x200086bc   Number         0  rtx_lib.o(.bss.os.msgqueue.cb)
    .bss.os.msgqueue.cb$$Limit               0x200086f0   Number         0  rtx_lib.o(.bss.os.msgqueue.cb)
    .bss.os.thread.cb$$Base                  0x20008740   Number         0  rtx_lib.o(.bss.os.thread.cb)
    .bss.os.thread.cb$$Limit                 0x200087c8   Number         0  rtx_lib.o(.bss.os.thread.cb)
    pulseWidth                               0x20008bc8   Data           4  servo.o(.bss.pulseWidth)
    pwmState                                 0x20008bcc   Data           1  servo.o(.bss.pwmState)
    __initial_sp                             0x20008dd0   Data           0  startup_tm4c129.o(STACK)



==============================================================================

Memory Map of the image

  Image Entry point : 0x00000215

  Load Region LR_1 (Base: 0x00000000, Size: 0x0000366c, Max: 0xffffffff, ABSOLUTE, COMPRESSED[0x00003028])

    Execution Region ER_RO (Exec base: 0x00000000, Load base: 0x00000000, Size: 0x00002dc0, Max: 0xffffffff, ABSOLUTE)

    Exec Addr    Load Addr    Size         Type   Attr      Idx    E Section Name        Object

    0x00000000   0x00000000   0x00000200   Data   RO          121    RESET               startup_tm4c129.o
    0x00000200   0x00000200   0x00000000   Code   RO         1975  * .ARM.Collect$$$$00000000  mc_w.l(entry.o)
    0x00000200   0x00000200   0x00000004   Code   RO         1992    .ARM.Collect$$$$00000001  mc_w.l(entry2.o)
    0x00000204   0x00000204   0x00000004   Code   RO         1995    .ARM.Collect$$$$00000004  mc_w.l(entry5.o)
    0x00000208   0x00000208   0x00000000   Code   RO         1997    .ARM.Collect$$$$00000008  mc_w.l(entry7b.o)
    0x00000208   0x00000208   0x00000000   Code   RO         1999    .ARM.Collect$$$$0000000A  mc_w.l(entry8b.o)
    0x00000208   0x00000208   0x00000008   Code   RO         2000    .ARM.Collect$$$$0000000B  mc_w.l(entry9a.o)
    0x00000210   0x00000210   0x00000000   Code   RO         2002    .ARM.Collect$$$$0000000D  mc_w.l(entry10a.o)
    0x00000210   0x00000210   0x00000000   Code   RO         2004    .ARM.Collect$$$$0000000F  mc_w.l(entry11a.o)
    0x00000210   0x00000210   0x00000004   Code   RO         1993    .ARM.Collect$$$$00002712  mc_w.l(entry2.o)
    0x00000214   0x00000214   0x00000114   Code   RO          122  * .text               startup_tm4c129.o
    0x00000328   0x00000328   0x000000c8   Code   RO         1815    .text               RTX_CM4F.lib(irq_armv7m.o)
    0x000003f0   0x000003f0   0x00000024   Code   RO         1978    .text               mc_w.l(memcpya.o)
    0x00000414   0x00000414   0x00000024   Code   RO         1980    .text               mc_w.l(memseta.o)
    0x00000438   0x00000438   0x000000e4   Code   RO         1984    .text               mf_w.l(dmul.o)
    0x0000051c   0x0000051c   0x000000de   Code   RO         1986    .text               mf_w.l(ddiv.o)
    0x000005fa   0x000005fa   0x0000001a   Code   RO         1988    .text               mf_w.l(dfltui.o)
    0x00000614   0x00000614   0x00000038   Code   RO         1990    .text               mf_w.l(d2f.o)
    0x0000064c   0x0000064c   0x00000000   Code   RO         2006    .text               mc_w.l(iusefp.o)
    0x0000064c   0x0000064c   0x0000006e   Code   RO         2007    .text               mf_w.l(fepilogue.o)
    0x000006ba   0x000006ba   0x000000ba   Code   RO         2009    .text               mf_w.l(depilogue.o)
    0x00000774   0x00000774   0x00000030   Code   RO         2011    .text               mc_w.l(init.o)
    0x000007a4   0x000007a4   0x0000001e   Code   RO         2013    .text               mc_w.l(llshl.o)
    0x000007c2   0x000007c2   0x00000020   Code   RO         2015    .text               mc_w.l(llushr.o)
    0x000007e2   0x000007e2   0x0000003a   Code   RO         2025    .text               mc_w.l(__dczerorl.o)
    0x0000081c   0x0000081c   0x00000004   PAD
    0x00000820   0x00000820   0x000000b0   Code   RO           80    .text.Measure_Echo  hcsr04.o
    0x000008d0   0x000008d0   0x00000040   Code   RO         1796    .text.MessageQueueGet  RTX_CM4F.lib(rtx_msgqueue.o)
    0x00000910   0x00000910   0x00000058   Code   RO         1790    .text.MessageQueuePut  RTX_CM4F.lib(rtx_msgqueue.o)
    0x00000968   0x00000968   0x0000001c   Code   RO         1788    .text.MessageQueueRemove  RTX_CM4F.lib(rtx_msgqueue.o)
    0x00000984   0x00000984   0x00000008   Code   RO         1955    .text.OS_Tick_AcknowledgeIRQ  RTX_CM4F.lib(os_systick.o)
    0x0000098c   0x0000098c   0x00000024   Code   RO         1951    .text.OS_Tick_Enable  RTX_CM4F.lib(os_systick.o)
    0x000009b0   0x000009b0   0x00000006   Code   RO         1957    .text.OS_Tick_GetIRQn  RTX_CM4F.lib(os_systick.o)
    0x000009b6   0x000009b6   0x00000002   PAD
    0x000009b8   0x000009b8   0x00000040   Code   RO         1949    .text.OS_Tick_Setup  RTX_CM4F.lib(os_systick.o)
    0x000009f8   0x000009f8   0x0000000c   Code   RO         1538    .text.OUTLINED_FUNCTION_0  RTX_CM4F.lib(rtx_kernel.o)
    0x00000a04   0x00000a04   0x0000000c   Code   RO         1804    .text.OUTLINED_FUNCTION_0  RTX_CM4F.lib(rtx_msgqueue.o)
    0x00000a10   0x00000a10   0x00000006   Code   RO         1540    .text.OUTLINED_FUNCTION_1  RTX_CM4F.lib(rtx_kernel.o)
    0x00000a16   0x00000a16   0x00000006   Code   RO         1806    .text.OUTLINED_FUNCTION_1  RTX_CM4F.lib(rtx_msgqueue.o)
    0x00000a1c   0x00000a1c   0x00000024   Code   RO          131    .text.SystemInit    system_tm4c129.o
    0x00000a40   0x00000a40   0x00000064   Code   RO         1630    .text.ThreadFlagsCheck  RTX_CM4F.lib(rtx_thread.o)
    0x00000aa4   0x00000aa4   0x00000162   Code   RO            6    .text.ThreadLookAround  main.o
    0x00000c06   0x00000c06   0x00000002   PAD
    0x00000c08   0x00000c08   0x0000006e   Code   RO            2    .text.ThreadMeasureDistanceAvg  main.o
    0x00000c76   0x00000c76   0x00000002   PAD
    0x00000c78   0x00000c78   0x0000008c   Code   RO            4    .text.ThreadTurnAround  main.o
    0x00000d04   0x00000d04   0x000000d4   Code   RO           57    .text.Timer0IntHandler  servo.o
    0x00000dd8   0x00000dd8   0x00000048   Code   RO         1730    .text.TimerInsert   RTX_CM4F.lib(rtx_timer.o)
    0x00000e20   0x00000e20   0x0000003a   Code   RO           78    .text.Trigger_Ultrasonic  hcsr04.o
    0x00000e5a   0x00000e5a   0x00000002   PAD
    0x00000e5c   0x00000e5c   0x0000006e   Code   RO           82    .text.initHCSR04    hcsr04.o
    0x00000eca   0x00000eca   0x00000002   PAD
    0x00000ecc   0x00000ecc   0x00000084   Code   RO            8    .text.main          main.o
    0x00000f50   0x00000f50   0x00000014   Code   RO           48    .text.moveBackwards  movement.o
    0x00000f64   0x00000f64   0x00000014   Code   RO           40    .text.moveForward   movement.o
    0x00000f78   0x00000f78   0x00000032   Code   RO           38    .text.movementInit  movement.o
    0x00000faa   0x00000faa   0x00000002   PAD
    0x00000fac   0x00000fac   0x00000024   Code   RO         1696    .text.osDelay       RTX_CM4F.lib(rtx_delay.o)
    0x00000fd0   0x00000fd0   0x0000002c   Code   RO         1484    .text.osKernelInitialize  RTX_CM4F.lib(rtx_kernel.o)
    0x00000ffc   0x00000ffc   0x00000024   Code   RO         1494    .text.osKernelStart  RTX_CM4F.lib(rtx_kernel.o)
    0x00001020   0x00001020   0x00000070   Code   RO         1764    .text.osMessageQueueGet  RTX_CM4F.lib(rtx_msgqueue.o)
    0x00001090   0x00001090   0x00000024   Code   RO         1758    .text.osMessageQueueNew  RTX_CM4F.lib(rtx_msgqueue.o)
    0x000010b4   0x000010b4   0x00000080   Code   RO         1762    .text.osMessageQueuePut  RTX_CM4F.lib(rtx_msgqueue.o)
    0x00001134   0x00001134   0x0000002e   Code   RO          111    .text.osRtxErrorNotify  rtx_config.o
    0x00001162   0x00001162   0x00000002   PAD
    0x00001164   0x00001164   0x00000008   Code   RO          109    .text.osRtxIdleThread  rtx_config.o
    0x0000116c   0x0000116c   0x00000004   Code   RO         1482    .text.osRtxKernelErrorNotify  RTX_CM4F.lib(rtx_kernel.o)
    0x00001170   0x00001170   0x00000002   Code   RO         1480    .text.osRtxKernelPreInit  RTX_CM4F.lib(rtx_kernel.o)
    0x00001172   0x00001172   0x0000006c   Code   RO         1871    .text.osRtxMemoryAlloc  RTX_CM4F.lib(rtx_memory.o)
    0x000011de   0x000011de   0x00000042   Code   RO         1873    .text.osRtxMemoryFree  RTX_CM4F.lib(rtx_memory.o)
    0x00001220   0x00001220   0x00000036   Code   RO         1869    .text.osRtxMemoryInit  RTX_CM4F.lib(rtx_memory.o)
    0x00001256   0x00001256   0x0000003a   Code   RO         1885    .text.osRtxMemoryPoolAlloc  RTX_CM4F.lib(rtx_mempool.o)
    0x00001290   0x00001290   0x0000004a   Code   RO         1887    .text.osRtxMemoryPoolFree  RTX_CM4F.lib(rtx_mempool.o)
    0x000012da   0x000012da   0x00000038   Code   RO         1883    .text.osRtxMemoryPoolInit  RTX_CM4F.lib(rtx_mempool.o)
    0x00001312   0x00001312   0x000000aa   Code   RO         1786    .text.osRtxMessageQueuePostProcess  RTX_CM4F.lib(rtx_msgqueue.o)
    0x000013bc   0x000013bc   0x00000024   Code   RO         1754    .text.osRtxMessageQueueTimerSetup  RTX_CM4F.lib(rtx_msgqueue.o)
    0x000013e0   0x000013e0   0x00000048   Code   RO         1833    .text.osRtxMutexOwnerRelease  RTX_CM4F.lib(rtx_mutex.o)
    0x00001428   0x00001428   0x00000048   Code   RO         1835    .text.osRtxMutexOwnerRestore  RTX_CM4F.lib(rtx_mutex.o)
    0x00001470   0x00001470   0x00000088   Code   RO         1937    .text.osRtxPendSV_Handler  RTX_CM4F.lib(rtx_system.o)
    0x000014f8   0x000014f8   0x00000070   Code   RO         1939    .text.osRtxPostProcess  RTX_CM4F.lib(rtx_system.o)
    0x00001568   0x00001568   0x00000034   Code   RO         1570    .text.osRtxThreadBlock  RTX_CM4F.lib(rtx_thread.o)
    0x0000159c   0x0000159c   0x0000007c   Code   RO         1578    .text.osRtxThreadDelayInsert  RTX_CM4F.lib(rtx_thread.o)
    0x00001618   0x00001618   0x0000003c   Code   RO         1574    .text.osRtxThreadDelayRemove  RTX_CM4F.lib(rtx_thread.o)
    0x00001654   0x00001654   0x00000050   Code   RO         1562    .text.osRtxThreadDelayTick  RTX_CM4F.lib(rtx_thread.o)
    0x000016a4   0x000016a4   0x00000020   Code   RO         1662    .text.osRtxThreadDestroy  RTX_CM4F.lib(rtx_thread.o)
    0x000016c4   0x000016c4   0x00000050   Code   RO         1568    .text.osRtxThreadDispatch  RTX_CM4F.lib(rtx_thread.o)
    0x00001714   0x00001714   0x00000058   Code   RO         1654    .text.osRtxThreadFree  RTX_CM4F.lib(rtx_thread.o)
    0x0000176c   0x0000176c   0x0000001e   Code   RO         1660    .text.osRtxThreadJoinWakeup  RTX_CM4F.lib(rtx_thread.o)
    0x0000178a   0x0000178a   0x00000012   Code   RO         1554    .text.osRtxThreadListGet  RTX_CM4F.lib(rtx_thread.o)
    0x0000179c   0x0000179c   0x0000002c   Code   RO         1552    .text.osRtxThreadListPut  RTX_CM4F.lib(rtx_thread.o)
    0x000017c8   0x000017c8   0x00000014   Code   RO         1558    .text.osRtxThreadListRemove  RTX_CM4F.lib(rtx_thread.o)
    0x000017dc   0x000017dc   0x00000026   Code   RO         1556    .text.osRtxThreadListSort  RTX_CM4F.lib(rtx_thread.o)
    0x00001802   0x00001802   0x00000028   Code   RO         1628    .text.osRtxThreadPostProcess  RTX_CM4F.lib(rtx_thread.o)
    0x0000182a   0x0000182a   0x00000002   PAD
    0x0000182c   0x0000182c   0x00000014   Code   RO         1560    .text.osRtxThreadReadyPut  RTX_CM4F.lib(rtx_thread.o)
    0x00001840   0x00001840   0x00000014   Code   RO         1564    .text.osRtxThreadRegPtr  RTX_CM4F.lib(rtx_thread.o)
    0x00001854   0x00001854   0x00000034   Code   RO         1580    .text.osRtxThreadStartup  RTX_CM4F.lib(rtx_thread.o)
    0x00001888   0x00001888   0x0000000c   Code   RO         1566    .text.osRtxThreadSwitch  RTX_CM4F.lib(rtx_thread.o)
    0x00001894   0x00001894   0x0000003c   Code   RO         1576    .text.osRtxThreadWaitEnter  RTX_CM4F.lib(rtx_thread.o)
    0x000018d0   0x000018d0   0x00000030   Code   RO         1572    .text.osRtxThreadWaitExit  RTX_CM4F.lib(rtx_thread.o)
    0x00001900   0x00001900   0x00000078   Code   RO         1935    .text.osRtxTick_Handler  RTX_CM4F.lib(rtx_system.o)
    0x00001978   0x00001978   0x00000020   Code   RO         1712    .text.osRtxTimerSetup  RTX_CM4F.lib(rtx_timer.o)
    0x00001998   0x00001998   0x00000020   Code   RO         1716    .text.osRtxTimerThread  RTX_CM4F.lib(rtx_timer.o)
    0x000019b8   0x000019b8   0x00000070   Code   RO         1714    .text.osRtxTimerTick  RTX_CM4F.lib(rtx_timer.o)
    0x00001a28   0x00001a28   0x0000000c   Code   RO         1612    .text.osThreadExit  RTX_CM4F.lib(rtx_thread.o)
    0x00001a34   0x00001a34   0x00000024   Code   RO         1584    .text.osThreadNew   RTX_CM4F.lib(rtx_thread.o)
    0x00001a58   0x00001a58   0x000000ac   Code   RO           59    .text.servoSetup    servo.o
    0x00001b04   0x00001b04   0x00000014   Code   RO           42    .text.stop          movement.o
    0x00001b18   0x00001b18   0x00000016   Code   RO         1700    .text.svcRtxDelay   RTX_CM4F.lib(rtx_delay.o)
    0x00001b2e   0x00001b2e   0x00000002   PAD
    0x00001b30   0x00001b30   0x00000100   Code   RO         1522    .text.svcRtxKernelInitialize  RTX_CM4F.lib(rtx_kernel.o)
    0x00001c30   0x00001c30   0x0000008c   Code   RO         1524    .text.svcRtxKernelStart  RTX_CM4F.lib(rtx_kernel.o)
    0x00001cbc   0x00001cbc   0x000000cc   Code   RO         1798    .text.svcRtxMessageQueueGet  RTX_CM4F.lib(rtx_msgqueue.o)
    0x00001d88   0x00001d88   0x00000114   Code   RO         1756    .text.svcRtxMessageQueueNew  RTX_CM4F.lib(rtx_msgqueue.o)
    0x00001e9c   0x00001e9c   0x000000a8   Code   RO         1794    .text.svcRtxMessageQueuePut  RTX_CM4F.lib(rtx_msgqueue.o)
    0x00001f44   0x00001f44   0x0000004c   Code   RO         1658    .text.svcRtxThreadExit  RTX_CM4F.lib(rtx_thread.o)
    0x00001f90   0x00001f90   0x000001ec   Code   RO         1582    .text.svcRtxThreadNew  RTX_CM4F.lib(rtx_thread.o)
    0x0000217c   0x0000217c   0x00000014   Code   RO           46    .text.turnLeft      movement.o
    0x00002190   0x00002190   0x00000014   Code   RO           44    .text.turnRight     movement.o
    0x000021a4   0x000021a4   0x00000018   Code   RO           61    .text.turnServo     servo.o
    0x000021bc   0x000021bc   0x00000028   Code   RO          145    i.GPIODirModeSet    driverlib.lib(gpio.o)
    0x000021e4   0x000021e4   0x00000170   Code   RO          157    i.GPIOPadConfigSet  driverlib.lib(gpio.o)
    0x00002354   0x00002354   0x00000006   Code   RO          159    i.GPIOPinRead       driverlib.lib(gpio.o)
    0x0000235a   0x0000235a   0x0000001c   Code   RO          168    i.GPIOPinTypeGPIOInput  driverlib.lib(gpio.o)
    0x00002376   0x00002376   0x0000001c   Code   RO          169    i.GPIOPinTypeGPIOOutput  driverlib.lib(gpio.o)
    0x00002392   0x00002392   0x00000006   Code   RO          187    i.GPIOPinWrite      driverlib.lib(gpio.o)
    0x00002398   0x00002398   0x00000064   Code   RO          479    i.IntEnable         driverlib.lib(interrupt.o)
    0x000023fc   0x000023fc   0x00000034   Code   RO          491    i.IntRegister       driverlib.lib(interrupt.o)
    0x00002430   0x00002430   0x000002e4   Code   RO          596    i.SysCtlClockFreqSet  driverlib.lib(sysctl.o)
    0x00002714   0x00002714   0x00000028   Code   RO          628    i.SysCtlPeripheralEnable  driverlib.lib(sysctl.o)
    0x0000273c   0x0000273c   0x0000002c   Code   RO          632    i.SysCtlPeripheralReady  driverlib.lib(sysctl.o)
    0x00002768   0x00002768   0x00000060   Code   RO          946    i.TimerConfigure    driverlib.lib(timer.o)
    0x000027c8   0x000027c8   0x0000000e   Code   RO          955    i.TimerEnable       driverlib.lib(timer.o)
    0x000027d6   0x000027d6   0x00000004   Code   RO          956    i.TimerIntClear     driverlib.lib(timer.o)
    0x000027da   0x000027da   0x00000008   Code   RO          958    i.TimerIntEnable    driverlib.lib(timer.o)
    0x000027e2   0x000027e2   0x00000002   PAD
    0x000027e4   0x000027e4   0x00000068   Code   RO          959    i.TimerIntRegister  driverlib.lib(timer.o)
    0x0000284c   0x0000284c   0x00000012   Code   RO          964    i.TimerLoadSet      driverlib.lib(timer.o)
    0x0000285e   0x0000285e   0x0000000a   Code   RO          978    i.TimerValueGet     driverlib.lib(timer.o)
    0x00002868   0x00002868   0x0000000e   Code   RO         2019    i.__scatterload_copy  mc_w.l(handlers.o)
    0x00002876   0x00002876   0x00000002   Code   RO         2020    i.__scatterload_null  mc_w.l(handlers.o)
    0x00002878   0x00002878   0x0000000e   Code   RO         2021    i.__scatterload_zeroinit  mc_w.l(handlers.o)
    0x00002886   0x00002886   0x00000002   PAD
    0x00002888   0x00002888   0x0000010c   Data   RO          495    .constdata          driverlib.lib(interrupt.o)
    0x00002994   0x00002994   0x00000254   Data   RO          650    .constdata          driverlib.lib(sysctl.o)
    0x00002be8   0x00002be8   0x000000a0   Data   RO          980    .constdata          driverlib.lib(timer.o)
    0x00002c88   0x00002c88   0x00000070   Data   RO           95    .rodata             rtx_lib.o
    0x00002cf8   0x00002cf8   0x00000038   Data   RO           98    .rodata             rtx_lib.o
    0x00002d30   0x00002d30   0x00000004   Data   RO           97    .rodata.osRtxUserSVC  rtx_lib.o
    0x00002d34   0x00002d34   0x00000024   Data   RO           92    .rodata.os_idle_thread_attr  rtx_lib.o
    0x00002d58   0x00002d58   0x00000018   Data   RO           94    .rodata.os_timer_mq_attr  rtx_lib.o
    0x00002d70   0x00002d70   0x00000024   Data   RO           93    .rodata.os_timer_thread_attr  rtx_lib.o
    0x00002d94   0x00002d94   0x0000000b   Data   RO         1542    .rodata.str1.4      RTX_CM4F.lib(rtx_kernel.o)
    0x00002d9f   0x00002d9f   0x00000001   PAD
    0x00002da0   0x00002da0   0x00000020   Data   RO         2018    Region$$Table       anon$$obj.o


    Execution Region ER_RW (Exec base: 0x20000000, Load base: 0x00003000, Size: 0x0000066c, Max: 0xffffffff, ABSOLUTE, COMPRESSED[0x00000028])

    Exec Addr    Load Addr    Size         Type   Attr      Idx    E Section Name        Object

    0x20000000   COMPRESSED   0x00000004   Data   RW          133    .data.SystemCoreClock  system_tm4c129.o
    0x20000004   COMPRESSED   0x00000001   Data   RW           15    .data.bestDir       main.o
    0x20000005   COMPRESSED   0x00000005   Data   RW           11    .data.looking_directions  main.o
    0x2000000a   COMPRESSED   0x00000005   Data   RW           12    .data.movement_directions  main.o
    0x2000000f   COMPRESSED   0x00000001   PAD
    0x20000010   COMPRESSED   0x000000a4   Data   RW         1543    .data.os            RTX_CM4F.lib(rtx_kernel.o)
    0x200000b4   COMPRESSED   0x0000034c   PAD
    0x20000400   COMPRESSED   0x0000026c   Data   RW          496    vtable              driverlib.lib(interrupt.o)


    Execution Region ER_ZI (Exec base: 0x20000670, Load base: 0x00003028, Size: 0x00008760, Max: 0xffffffff, ABSOLUTE)

    Exec Addr    Load Addr    Size         Type   Attr      Idx    E Section Name        Object

    0x20000670        -       0x00000004   Zero   RW           10    .bss.SysClock       main.o
    0x20000674        -       0x00000004   Zero   RW           16    .bss.distanceQueue  main.o
    0x20000678        -       0x00008040   Zero   RW           91    .bss.os             rtx_lib.o
    0x200086b8        -       0x00000001   Zero   RW         1967    .bss.os             RTX_CM4F.lib(os_systick.o)
    0x200086b9   0x00003028   0x00000003   PAD
    0x200086bc        -       0x00000034   Zero   RW          102    .bss.os.msgqueue.cb  rtx_lib.o
    0x200086f0        -       0x00000050   Zero   RW          103    .bss.os.msgqueue.mem  rtx_lib.o
    0x20008740        -       0x00000088   Zero   RW           99    .bss.os.thread.cb   rtx_lib.o
    0x200087c8        -       0x00000200   Zero   RW          100    .bss.os.thread.idle.stack  rtx_lib.o
    0x200089c8        -       0x00000200   Zero   RW          101    .bss.os.thread.timer.stack  rtx_lib.o
    0x20008bc8        -       0x00000004   Zero   RW           67    .bss.pulseWidth     servo.o
    0x20008bcc        -       0x00000001   Zero   RW           68    .bss.pwmState       servo.o
    0x20008bcd   0x00003028   0x00000003   PAD
    0x20008bd0        -       0x00000200   Zero   RW          119    STACK               startup_tm4c129.o


==============================================================================

Image component sizes


      Code (inc. data)   RO Data    RW Data    ZI Data      Debug   Object Name

       344         16          0          0          0       1073   hcsr04.o
       736          6          0         11          8       2584   main.o
       150          0          0          0          0        812   movement.o
        54          6          0          0          0        712   rtx_config.o
         0          0        268          0      34124       5581   rtx_lib.o
       408          0          0          0          5       1400   servo.o
       276          8        512          0        512       6032   startup_tm4c129.o
        36          0          0          4          0       1396   system_tm4c129.o

    ----------------------------------------------------------------------
      2016         36        812         16      34652      19590   Object Totals
         0          0         32          0          0          0   (incl. Generated)
        12          0          0          1          3          0   (incl. Padding)

    ----------------------------------------------------------------------

      Code (inc. data)   RO Data    RW Data    ZI Data      Debug   Library Member Name

       200         12          0          0          0        634   irq_armv7m.o
       114         20          0          0          1       3199   os_systick.o
        58          4          0          0          0       2797   rtx_delay.o
       500         36         11        164          0      16781   rtx_kernel.o
       228          0          0          0          0       2590   rtx_memory.o
       188          0          0          0          0      16188   rtx_mempool.o
      1328         24          0          0          0      18765   rtx_msgqueue.o
       144          0          0          0          0      10068   rtx_mutex.o
       368         18          0          0          0       5444   rtx_system.o
      1634         48          0          0          0      32486   rtx_thread.o
       248         16          0          0          0      10433   rtx_timer.o
       476         14          0          0          0       8812   gpio.o
       152         16        268        620          0       2150   interrupt.o
       824         48        596          0          0       4490   sysctl.o
       254         24        160          0          0       4874   timer.o
        58          0          0          0          0          0   __dczerorl.o
         0          0          0          0          0          0   entry.o
         0          0          0          0          0          0   entry10a.o
         0          0          0          0          0          0   entry11a.o
         8          4          0          0          0          0   entry2.o
         4          0          0          0          0          0   entry5.o
         0          0          0          0          0          0   entry7b.o
         0          0          0          0          0          0   entry8b.o
         8          4          0          0          0          0   entry9a.o
        30          0          0          0          0          0   handlers.o
        48         10          0          0          0         68   init.o
         0          0          0          0          0          0   iusefp.o
        30          0          0          0          0         68   llshl.o
        32          0          0          0          0         68   llushr.o
        36          0          0          0          0         68   memcpya.o
        36          0          0          0          0        108   memseta.o
        56          0          0          0          0         88   d2f.o
       222          0          0          0          0        100   ddiv.o
       186          0          0          0          0        176   depilogue.o
        26          0          0          0          0         76   dfltui.o
       228          0          0          0          0         96   dmul.o
       110          0          0          0          0        168   fepilogue.o

    ----------------------------------------------------------------------
      7848        298       1036       1628          4     140795   Library Totals
        14          0          1        844          3          0   (incl. Padding)

    ----------------------------------------------------------------------

      Code (inc. data)   RO Data    RW Data    ZI Data      Debug   Library Name

      5010        178         11        164          1     119385   RTX_CM4F.lib
      1706        102       1024        620          0      20326   driverlib.lib
       290         18          0          0          0        380   mc_w.l
       828          0          0          0          0        704   mf_w.l

    ----------------------------------------------------------------------
      7848        298       1036       1628          4     140795   Library Totals

    ----------------------------------------------------------------------

==============================================================================


      Code (inc. data)   RO Data    RW Data    ZI Data      Debug   

      9864        334       1848       1644      34656     158601   Grand Totals
      9864        334       1848         40      34656     158601   ELF Image Totals (compressed)
      9864        334       1848         40          0          0   ROM Totals

==============================================================================

    Total RO  Size (Code + RO Data)                11712 (  11.44kB)
    Total RW  Size (RW Data + ZI Data)             36300 (  35.45kB)
    Total ROM Size (Code + RO Data + RW Data)      11752 (  11.48kB)

==============================================================================

