Component: Arm Compiler for Embedded 6.21 Tool: armlink [5ec1fa00]

==============================================================================

Section Cross References

    main.o(.text.PortM_Init) refers to sysctl.o(i.SysCtlPeripheralEnable) for SysCtlPeripheralEnable
    main.o(.text.PortM_Init) refers to sysctl.o(i.SysCtlPeripheralReady) for SysCtlPeripheralReady
    main.o(.text.PortM_Init) refers to gpio.o(i.GPIOPinTypeGPIOOutput) for GPIOPinTypeGPIOOutput
    main.o(.text.PortM_Init) refers to gpio.o(i.GPIOPinTypeGPIOInput) for GPIOPinTypeGPIOInput
    main.o(.ARM.exidx.text.PortM_Init) refers to main.o(.text.PortM_Init) for [Anonymous Symbol]
    main.o(.text.Timer0_Init) refers to sysctl.o(i.SysCtlPeripheralEnable) for SysCtlPeripheralEnable
    main.o(.text.Timer0_Init) refers to timer.o(i.TimerConfigure) for TimerConfigure
    main.o(.ARM.exidx.text.Timer0_Init) refers to main.o(.text.Timer0_Init) for [Anonymous Symbol]
    main.o(.text.delayMicroseconds) refers to main.o(.bss.SysClock) for SysClock
    main.o(.text.delayMicroseconds) refers to sysctl.o(.emb_text) for SysCtlDelay
    main.o(.ARM.exidx.text.delayMicroseconds) refers to main.o(.text.delayMicroseconds) for [Anonymous Symbol]
    main.o(.text.MeasureDistance) refers to gpio.o(i.GPIOPinWrite) for GPIOPinWrite
    main.o(.text.MeasureDistance) refers to main.o(.text.delayMicroseconds) for delayMicroseconds
    main.o(.text.MeasureDistance) refers to gpio.o(i.GPIOPinRead) for GPIOPinRead
    main.o(.text.MeasureDistance) refers to timer.o(i.TimerLoadSet) for TimerLoadSet
    main.o(.text.MeasureDistance) refers to timer.o(i.TimerEnable) for TimerEnable
    main.o(.text.MeasureDistance) refers to timer.o(i.TimerValueGet) for TimerValueGet
    main.o(.text.MeasureDistance) refers to timer.o(i.TimerDisable) for TimerDisable
    main.o(.text.MeasureDistance) refers to main.o(.bss.distance) for distance
    main.o(.text.MeasureDistance) refers to main.o(.bss.SysClock) for SysClock
    main.o(.text.MeasureDistance) refers to sysctl.o(.emb_text) for SysCtlDelay
    main.o(.ARM.exidx.text.MeasureDistance) refers to main.o(.text.MeasureDistance) for [Anonymous Symbol]
    main.o(.text.main) refers to sysctl.o(i.SysCtlClockFreqSet) for SysCtlClockFreqSet
    main.o(.text.main) refers to main.o(.bss.SysClock) for SysClock
    main.o(.text.main) refers to servo.o(.text.servoInit) for servoInit
    main.o(.text.main) refers to servo.o(.text.servoSetPosition) for servoSetPosition
    main.o(.ARM.exidx.text.main) refers to main.o(.text.main) for [Anonymous Symbol]
    uart.o(.text.UARTIntHandler) refers to uart.o(i.UARTIntStatus) for UARTIntStatus
    uart.o(.text.UARTIntHandler) refers to uart.o(i.UARTIntClear) for UARTIntClear
    uart.o(.ARM.exidx.text.UARTIntHandler) refers to uart.o(.text.UARTIntHandler) for [Anonymous Symbol]
    uart.o(.text.SetupUart) refers to sysctl.o(i.SysCtlPeripheralEnable) for SysCtlPeripheralEnable
    uart.o(.text.SetupUart) refers to sysctl.o(i.SysCtlPeripheralReady) for SysCtlPeripheralReady
    uart.o(.text.SetupUart) refers to uart.o(i.UARTConfigSetExpClk) for UARTConfigSetExpClk
    uart.o(.text.SetupUart) refers to uart.o(i.UARTFIFODisable) for UARTFIFODisable
    uart.o(.text.SetupUart) refers to uart.o(i.UARTIntEnable) for UARTIntEnable
    uart.o(.text.SetupUart) refers to uart.o(.text.UARTIntHandler) for UARTIntHandler
    uart.o(.text.SetupUart) refers to uart.o(i.UARTIntRegister) for UARTIntRegister
    uart.o(.text.SetupUart) refers to gpio.o(i.GPIOPinConfigure) for GPIOPinConfigure
    uart.o(.text.SetupUart) refers to gpio.o(i.GPIOPinTypeUART) for GPIOPinTypeUART
    uart.o(.ARM.exidx.text.SetupUart) refers to uart.o(.text.SetupUart) for [Anonymous Symbol]
    uart.o(.text.UARTSendString) refers to uart.o(i.UARTCharPut) for UARTCharPut
    uart.o(.ARM.exidx.text.UARTSendString) refers to uart.o(.text.UARTSendString) for [Anonymous Symbol]
    movement.o(.text.movementInit) refers to sysctl.o(i.SysCtlPeripheralEnable) for SysCtlPeripheralEnable
    movement.o(.text.movementInit) refers to sysctl.o(i.SysCtlPeripheralReady) for SysCtlPeripheralReady
    movement.o(.text.movementInit) refers to gpio.o(i.GPIOPinTypeGPIOOutput) for GPIOPinTypeGPIOOutput
    movement.o(.ARM.exidx.text.movementInit) refers to movement.o(.text.movementInit) for [Anonymous Symbol]
    movement.o(.text.moveForward) refers to gpio.o(i.GPIOPinWrite) for GPIOPinWrite
    movement.o(.ARM.exidx.text.moveForward) refers to movement.o(.text.moveForward) for [Anonymous Symbol]
    movement.o(.text.stop) refers to gpio.o(i.GPIOPinWrite) for GPIOPinWrite
    movement.o(.ARM.exidx.text.stop) refers to movement.o(.text.stop) for [Anonymous Symbol]
    movement.o(.text.turnRight) refers to gpio.o(i.GPIOPinWrite) for GPIOPinWrite
    movement.o(.ARM.exidx.text.turnRight) refers to movement.o(.text.turnRight) for [Anonymous Symbol]
[...]
    Removing sysctl.o(i.SysCtlResetCauseGet), (12 bytes).
    Removing sysctl.o(i.SysCtlSRAMSizeGet), (16 bytes).
    Removing sysctl.o(i.SysCtlSleep), (4 bytes).
    Removing sysctl.o(i.SysCtlSleepPowerSet), (12 bytes).
    Removing sysctl.o(i.SysCtlUSBPLLDisable), (16 bytes).
    Removing sysctl.o(i.SysCtlUSBPLLEnable), (16 bytes).
    Removing sysctl.o(i.SysCtlVCOGet), (120 bytes).
    Removing sysctl.o(i.SysCtlVoltageEventClear), (16 bytes).
    Removing sysctl.o(i.SysCtlVoltageEventConfig), (12 bytes).
    Removing sysctl.o(i.SysCtlVoltageEventStatus), (12 bytes).
    Removing timer.o(i.TimerADCEventGet), (4 bytes).
    Removing timer.o(i.TimerADCEventSet), (4 bytes).
    Removing timer.o(i.TimerClockSourceGet), (6 bytes).
    Removing timer.o(i.TimerClockSourceSet), (6 bytes).
    Removing timer.o(i.TimerConfigure), (96 bytes).
    Removing timer.o(i.TimerControlEvent), (18 bytes).
    Removing timer.o(i.TimerControlLevel), (22 bytes).
    Removing timer.o(i.TimerControlStall), (22 bytes).
    Removing timer.o(i.TimerControlTrigger), (80 bytes).
    Removing timer.o(i.TimerControlWaitOnTrigger), (48 bytes).
    Removing timer.o(i.TimerDMAEventGet), (4 bytes).
    Removing timer.o(i.TimerDMAEventSet), (4 bytes).
    Removing timer.o(i.TimerDisable), (16 bytes).
    Removing timer.o(i.TimerEnable), (14 bytes).
    Removing timer.o(i.TimerIntClear), (4 bytes).
    Removing timer.o(i.TimerIntDisable), (10 bytes).
    Removing timer.o(i.TimerIntEnable), (8 bytes).
    Removing timer.o(i.TimerIntRegister), (104 bytes).
    Removing timer.o(i.TimerIntStatus), (10 bytes).
    Removing timer.o(i.TimerIntUnregister), (104 bytes).
    Removing timer.o(i.TimerLoadGet), (10 bytes).
    Removing timer.o(i.TimerLoadGet64), (14 bytes).
    Removing timer.o(i.TimerLoadSet), (18 bytes).
    Removing timer.o(i.TimerLoadSet64), (6 bytes).
    Removing timer.o(i.TimerMatchGet), (10 bytes).
    Removing timer.o(i.TimerMatchGet64), (14 bytes).
    Removing timer.o(i.TimerMatchSet), (18 bytes).
    Removing timer.o(i.TimerMatchSet64), (6 bytes).
    Removing timer.o(i.TimerPrescaleGet), (10 bytes).
    Removing timer.o(i.TimerPrescaleMatchGet), (10 bytes).
    Removing timer.o(i.TimerPrescaleMatchSet), (18 bytes).
    Removing timer.o(i.TimerPrescaleSet), (18 bytes).
    Removing timer.o(i.TimerRTCDisable), (10 bytes).
    Removing timer.o(i.TimerRTCEnable), (10 bytes).
    Removing timer.o(i.TimerSynchronize), (4 bytes).
    Removing timer.o(i.TimerUpdateMode), (42 bytes).
    Removing timer.o(i.TimerValueGet), (10 bytes).
    Removing timer.o(i.TimerValueGet64), (14 bytes).
    Removing timer.o(.constdata), (160 bytes).
    Removing uart.o(i.UART9BitAddrSend), (38 bytes).
    Removing uart.o(i.UART9BitAddrSet), (10 bytes).
    Removing uart.o(i.UART9BitDisable), (14 bytes).
    Removing uart.o(i.UART9BitEnable), (14 bytes).
    Removing uart.o(i.UARTBreakCtl), (18 bytes).
    Removing uart.o(i.UARTBusy), (8 bytes).
    Removing uart.o(i.UARTCharGet), (12 bytes).
    Removing uart.o(i.UARTCharGetNonBlocking), (16 bytes).
    Removing uart.o(i.UARTCharPut), (12 bytes).
    Removing uart.o(i.UARTCharPutNonBlocking), (16 bytes).
    Removing uart.o(i.UARTCharsAvail), (10 bytes).
    Removing uart.o(i.UARTClockSourceGet), (6 bytes).
    Removing uart.o(i.UARTClockSourceSet), (6 bytes).
    Removing uart.o(i.UARTConfigGetExpClk), (46 bytes).
    Removing uart.o(i.UARTConfigSetExpClk), (110 bytes).
    Removing uart.o(i.UARTDMADisable), (10 bytes).
    Removing uart.o(i.UARTDMAEnable), (8 bytes).
    Removing uart.o(i.UARTDisable), (30 bytes).
    Removing uart.o(i.UARTDisableSIR), (10 bytes).
    Removing uart.o(i.UARTEnable), (20 bytes).
    Removing uart.o(i.UARTEnableSIR), (18 bytes).
    Removing uart.o(i.UARTFIFODisable), (10 bytes).
    Removing uart.o(i.UARTFIFOEnable), (10 bytes).
    Removing uart.o(i.UARTFIFOLevelGet), (16 bytes).
    Removing uart.o(i.UARTFIFOLevelSet), (6 bytes).
    Removing uart.o(i.UARTFlowControlGet), (8 bytes).
    Removing uart.o(i.UARTFlowControlSet), (12 bytes).
    Removing uart.o(i.UARTIntClear), (4 bytes).
    Removing uart.o(i.UARTIntDisable), (10 bytes).
    Removing uart.o(i.UARTIntEnable), (8 bytes).
    Removing uart.o(i.UARTIntRegister), (88 bytes).
    Removing uart.o(i.UARTIntStatus), (10 bytes).
    Removing uart.o(i.UARTIntUnregister), (88 bytes).
    Removing uart.o(i.UARTLoopbackEnable), (10 bytes).
    Removing uart.o(i.UARTModemControlClear), (14 bytes).
    Removing uart.o(i.UARTModemControlGet), (8 bytes).
    Removing uart.o(i.UARTModemControlSet), (12 bytes).
    Removing uart.o(i.UARTModemStatusGet), (10 bytes).
    Removing uart.o(i.UARTParityModeGet), (8 bytes).
    Removing uart.o(i.UARTParityModeSet), (12 bytes).
    Removing uart.o(i.UARTRxErrorClear), (6 bytes).
    Removing uart.o(i.UARTRxErrorGet), (8 bytes).
    Removing uart.o(i.UARTSmartCardDisable), (10 bytes).
    Removing uart.o(i.UARTSmartCardEnable), (22 bytes).
    Removing uart.o(i.UARTSpaceAvail), (10 bytes).
    Removing uart.o(i.UARTTxIntModeGet), (8 bytes).
    Removing uart.o(i.UARTTxIntModeSet), (12 bytes).
    Removing uart.o(.constdata), (128 bytes).
    Removing rtx_timer.o(.text), (0 bytes).
    Removing rtx_timer.o(.ARM.exidx.text.osRtxTimerSetup), (8 bytes).
    Removing rtx_timer.o(.ARM.exidx.text.osRtxTimerTick), (8 bytes).
    Removing rtx_timer.o(.ARM.exidx.text.osRtxTimerThread), (8 bytes).
    Removing rtx_timer.o(.text.osTimerNew), (36 bytes).
    Removing rtx_timer.o(.ARM.exidx.text.osTimerNew), (8 bytes).
    Removing rtx_timer.o(.text.osTimerGetName), (36 bytes).
    Removing rtx_timer.o(.ARM.exidx.text.osTimerGetName), (8 bytes).
    Removing rtx_timer.o(.text.osTimerStart), (36 bytes).
    Removing rtx_timer.o(.ARM.exidx.text.osTimerStart), (8 bytes).
    Removing rtx_timer.o(.text.osTimerStop), (36 bytes).
    Removing rtx_timer.o(.ARM.exidx.text.osTimerStop), (8 bytes).
    Removing rtx_timer.o(.text.osTimerIsRunning), (36 bytes).
    Removing rtx_timer.o(.ARM.exidx.text.osTimerIsRunning), (8 bytes).
    Removing rtx_timer.o(.text.osTimerDelete), (36 bytes).
    Removing rtx_timer.o(.ARM.exidx.text.osTimerDelete), (8 bytes).
    Removing rtx_timer.o(.ARM.exidx.text.TimerInsert), (8 bytes).
    Removing rtx_timer.o(.text.svcRtxTimerNew), (120 bytes).
    Removing rtx_timer.o(.ARM.exidx.text.svcRtxTimerNew), (8 bytes).
    Removing rtx_timer.o(.text.svcRtxTimerGetName), (16 bytes).
    Removing rtx_timer.o(.ARM.exidx.text.svcRtxTimerGetName), (8 bytes).
    Removing rtx_timer.o(.text.svcRtxTimerStart), (72 bytes).
    Removing rtx_timer.o(.ARM.exidx.text.svcRtxTimerStart), (8 bytes).
    Removing rtx_timer.o(.text.TimerRemove), (40 bytes).
    Removing rtx_timer.o(.ARM.exidx.text.TimerRemove), (8 bytes).
    Removing rtx_timer.o(.text.svcRtxTimerStop), (40 bytes).
    Removing rtx_timer.o(.ARM.exidx.text.svcRtxTimerStop), (8 bytes).
    Removing rtx_timer.o(.text.svcRtxTimerIsRunning), (24 bytes).
    Removing rtx_timer.o(.ARM.exidx.text.svcRtxTimerIsRunning), (8 bytes).
    Removing rtx_timer.o(.text.svcRtxTimerDelete), (76 bytes).
    Removing rtx_timer.o(.ARM.exidx.text.svcRtxTimerDelete), (8 bytes).
    Removing irq_armv7m.o(.rodata), (1 bytes).
    Removing irq_armv7m.o(.ARM.exidx), (24 bytes).
    Removing cpu.o(.emb_text), (38 bytes).
    Removing interrupt.o(i.IntDisable), (100 bytes).
    Removing interrupt.o(i.IntEnable), (100 bytes).
    Removing interrupt.o(i.IntIsEnabled), (96 bytes).
    Removing interrupt.o(i.IntMasterDisable), (14 bytes).
    Removing interrupt.o(i.IntMasterEnable), (14 bytes).
    Removing interrupt.o(i.IntPendClear), (68 bytes).
    Removing interrupt.o(i.IntPendSet), (84 bytes).
    Removing interrupt.o(i.IntPriorityGet), (28 bytes).
    Removing interrupt.o(i.IntPriorityGroupingGet), (36 bytes).
    Removing interrupt.o(i.IntPriorityGroupingSet), (28 bytes).
    Removing interrupt.o(i.IntPriorityMaskGet), (4 bytes).
    Removing interrupt.o(i.IntPriorityMaskSet), (4 bytes).
    Removing interrupt.o(i.IntPrioritySet), (40 bytes).
    Removing interrupt.o(i.IntRegister), (52 bytes).
    Removing interrupt.o(i.IntTrigger), (12 bytes).
    Removing interrupt.o(i.IntUnregister), (20 bytes).
    Removing interrupt.o(i._IntDefaultHandler), (2 bytes).
    Removing interrupt.o(.constdata), (268 bytes).
    Removing interrupt.o(vtable), (620 bytes).
    Removing rtx_kernel.o(.text), (0 bytes).
    Removing rtx_kernel.o(.text.osRtxKernelPreInit), (2 bytes).
    Removing rtx_kernel.o(.ARM.exidx.text.osRtxKernelPreInit), (8 bytes).
    Removing rtx_kernel.o(.ARM.exidx.text.osRtxKernelErrorNotify), (8 bytes).
    Removing rtx_kernel.o(.text.osKernelInitialize), (44 bytes).
    Removing rtx_kernel.o(.ARM.exidx.text.osKernelInitialize), (8 bytes).
    Removing rtx_kernel.o(.text.osKernelGetInfo), (48 bytes).
    Removing rtx_kernel.o(.ARM.exidx.text.osKernelGetInfo), (8 bytes).
    Removing rtx_kernel.o(.text.svcRtxKernelGetInfo), (48 bytes).
    Removing rtx_kernel.o(.ARM.exidx.text.svcRtxKernelGetInfo), (8 bytes).
    Removing rtx_kernel.o(.text.osKernelGetState), (48 bytes).
    Removing rtx_kernel.o(.ARM.exidx.text.osKernelGetState), (8 bytes).
    Removing rtx_kernel.o(.text.svcRtxKernelGetState), (12 bytes).
    Removing rtx_kernel.o(.ARM.exidx.text.svcRtxKernelGetState), (8 bytes).
    Removing rtx_kernel.o(.text.osKernelStart), (36 bytes).
    Removing rtx_kernel.o(.ARM.exidx.text.osKernelStart), (8 bytes).
    Removing rtx_kernel.o(.text.osKernelLock), (36 bytes).
    Removing rtx_kernel.o(.ARM.exidx.text.osKernelLock), (8 bytes).
    Removing rtx_kernel.o(.text.osKernelUnlock), (36 bytes).
    Removing rtx_kernel.o(.ARM.exidx.text.osKernelUnlock), (8 bytes).
    Removing rtx_kernel.o(.text.osKernelRestoreLock), (36 bytes).
    Removing rtx_kernel.o(.ARM.exidx.text.osKernelRestoreLock), (8 bytes).
    Removing rtx_kernel.o(.text.osKernelSuspend), (36 bytes).
    Removing rtx_kernel.o(.ARM.exidx.text.osKernelSuspend), (8 bytes).
    Removing rtx_kernel.o(.text.osKernelResume), (36 bytes).
    Removing rtx_kernel.o(.ARM.exidx.text.osKernelResume), (8 bytes).
    Removing rtx_kernel.o(.text.osKernelGetTickCount), (40 bytes).
    Removing rtx_kernel.o(.ARM.exidx.text.osKernelGetTickCount), (8 bytes).
    Removing rtx_kernel.o(.text.svcRtxKernelGetTickCount), (12 bytes).
    Removing rtx_kernel.o(.ARM.exidx.text.svcRtxKernelGetTickCount), (8 bytes).
    Removing rtx_kernel.o(.text.osKernelGetTickFreq), (40 bytes).
    Removing rtx_kernel.o(.ARM.exidx.text.osKernelGetTickFreq), (8 bytes).
    Removing rtx_kernel.o(.text.svcRtxKernelGetTickFreq), (12 bytes).
    Removing rtx_kernel.o(.ARM.exidx.text.svcRtxKernelGetTickFreq), (8 bytes).
    Removing rtx_kernel.o(.text.osKernelGetSysTimerCount), (36 bytes).
    Removing rtx_kernel.o(.ARM.exidx.text.osKernelGetSysTimerCount), (8 bytes).
    Removing rtx_kernel.o(.text.svcRtxKernelGetSysTimerCount), (40 bytes).
    Removing rtx_kernel.o(.ARM.exidx.text.svcRtxKernelGetSysTimerCount), (8 bytes).
    Removing rtx_kernel.o(.text.osKernelGetSysTimerFreq), (36 bytes).
    Removing rtx_kernel.o(.ARM.exidx.text.osKernelGetSysTimerFreq), (8 bytes).
    Removing rtx_kernel.o(.text.svcRtxKernelGetSysTimerFreq), (4 bytes).
    Removing rtx_kernel.o(.ARM.exidx.text.svcRtxKernelGetSysTimerFreq), (8 bytes).
    Removing rtx_kernel.o(.text.svcRtxKernelInitialize), (256 bytes).
    Removing rtx_kernel.o(.ARM.exidx.text.svcRtxKernelInitialize), (8 bytes).
    Removing rtx_kernel.o(.text.svcRtxKernelStart), (140 bytes).
    Removing rtx_kernel.o(.ARM.exidx.text.svcRtxKernelStart), (8 bytes).
    Removing rtx_kernel.o(.text.svcRtxKernelLock), (32 bytes).
    Removing rtx_kernel.o(.ARM.exidx.text.svcRtxKernelLock), (8 bytes).
    Removing rtx_kernel.o(.text.svcRtxKernelUnlock), (32 bytes).
    Removing rtx_kernel.o(.ARM.exidx.text.svcRtxKernelUnlock), (8 bytes).
    Removing rtx_kernel.o(.text.svcRtxKernelRestoreLock), (44 bytes).
    Removing rtx_kernel.o(.ARM.exidx.text.svcRtxKernelRestoreLock), (8 bytes).
    Removing rtx_kernel.o(.text.svcRtxKernelSuspend), (64 bytes).
    Removing rtx_kernel.o(.ARM.exidx.text.svcRtxKernelSuspend), (8 bytes).
    Removing rtx_kernel.o(.text.GetKernelSleepTime), (32 bytes).
    Removing rtx_kernel.o(.ARM.exidx.text.GetKernelSleepTime), (8 bytes).
    Removing rtx_kernel.o(.text.svcRtxKernelResume), (124 bytes).
    Removing rtx_kernel.o(.ARM.exidx.text.svcRtxKernelResume), (8 bytes).
    Removing rtx_kernel.o(.text.OUTLINED_FUNCTION_0), (12 bytes).
    Removing rtx_kernel.o(.ARM.exidx.text.OUTLINED_FUNCTION_0), (8 bytes).
    Removing rtx_kernel.o(.text.OUTLINED_FUNCTION_1), (6 bytes).
    Removing rtx_kernel.o(.ARM.exidx.text.OUTLINED_FUNCTION_1), (8 bytes).
    Removing rtx_memory.o(.text), (0 bytes).
    Removing rtx_memory.o(.text.osRtxMemoryInit), (54 bytes).
    Removing rtx_memory.o(.ARM.exidx.text.osRtxMemoryInit), (8 bytes).
    Removing rtx_memory.o(.ARM.exidx.text.osRtxMemoryAlloc), (8 bytes).
    Removing rtx_memory.o(.ARM.exidx.text.osRtxMemoryFree), (8 bytes).
    Removing rtx_mempool.o(.text), (0 bytes).
    Removing rtx_mempool.o(.ARM.exidx.text.osRtxMemoryPoolInit), (8 bytes).
    Removing rtx_mempool.o(.ARM.exidx.text.osRtxMemoryPoolAlloc), (8 bytes).
    Removing rtx_mempool.o(.ARM.exidx.text.osRtxMemoryPoolFree), (8 bytes).
    Removing rtx_mempool.o(.text.osMemoryPoolNew), (36 bytes).
    Removing rtx_mempool.o(.ARM.exidx.text.osMemoryPoolNew), (8 bytes).
    Removing rtx_mempool.o(.text.osMemoryPoolGetName), (36 bytes).
    Removing rtx_mempool.o(.ARM.exidx.text.osMemoryPoolGetName), (8 bytes).
    Removing rtx_mempool.o(.text.osMemoryPoolAlloc), (104 bytes).
    Removing rtx_mempool.o(.ARM.exidx.text.osMemoryPoolAlloc), (8 bytes).
    Removing rtx_mempool.o(.text.osMemoryPoolFree), (72 bytes).
    Removing rtx_mempool.o(.ARM.exidx.text.osMemoryPoolFree), (8 bytes).
    Removing rtx_mempool.o(.text.osMemoryPoolGetCapacity), (48 bytes).
    Removing rtx_mempool.o(.ARM.exidx.text.osMemoryPoolGetCapacity), (8 bytes).
    Removing rtx_mempool.o(.text.svcRtxMemoryPoolGetCapacity), (16 bytes).
    Removing rtx_mempool.o(.ARM.exidx.text.svcRtxMemoryPoolGetCapacity), (8 bytes).
    Removing rtx_mempool.o(.text.osMemoryPoolGetBlockSize), (48 bytes).
    Removing rtx_mempool.o(.ARM.exidx.text.osMemoryPoolGetBlockSize), (8 bytes).
    Removing rtx_mempool.o(.text.svcRtxMemoryPoolGetBlockSize), (16 bytes).
    Removing rtx_mempool.o(.ARM.exidx.text.svcRtxMemoryPoolGetBlockSize), (8 bytes).
    Removing rtx_mempool.o(.text.osMemoryPoolGetCount), (48 bytes).
    Removing rtx_mempool.o(.ARM.exidx.text.osMemoryPoolGetCount), (8 bytes).
    Removing rtx_mempool.o(.text.svcRtxMemoryPoolGetCount), (16 bytes).
    Removing rtx_mempool.o(.ARM.exidx.text.svcRtxMemoryPoolGetCount), (8 bytes).
    Removing rtx_mempool.o(.text.osMemoryPoolGetSpace), (36 bytes).
    Removing rtx_mempool.o(.ARM.exidx.text.osMemoryPoolGetSpace), (8 bytes).
    Removing rtx_mempool.o(.text.svcRtxMemoryPoolGetSpace), (20 bytes).
    Removing rtx_mempool.o(.ARM.exidx.text.svcRtxMemoryPoolGetSpace), (8 bytes).
    Removing rtx_mempool.o(.text.osMemoryPoolDelete), (36 bytes).
    Removing rtx_mempool.o(.ARM.exidx.text.osMemoryPoolDelete), (8 bytes).
    Removing rtx_mempool.o(.text.svcRtxMemoryPoolNew), (312 bytes).
    Removing rtx_mempool.o(.ARM.exidx.text.svcRtxMemoryPoolNew), (8 bytes).
    Removing rtx_mempool.o(.text.osRtxMemoryPoolPostProcess), (72 bytes).
    Removing rtx_mempool.o(.ARM.exidx.text.osRtxMemoryPoolPostProcess), (8 bytes).
    Removing rtx_mempool.o(.text.svcRtxMemoryPoolGetName), (16 bytes).
    Removing rtx_mempool.o(.ARM.exidx.text.svcRtxMemoryPoolGetName), (8 bytes).
    Removing rtx_mempool.o(.text.svcRtxMemoryPoolAlloc), (92 bytes).
    Removing rtx_mempool.o(.ARM.exidx.text.svcRtxMemoryPoolAlloc), (8 bytes).
    Removing rtx_mempool.o(.text.svcRtxMemoryPoolFree), (100 bytes).
    Removing rtx_mempool.o(.ARM.exidx.text.svcRtxMemoryPoolFree), (8 bytes).
    Removing rtx_mempool.o(.text.svcRtxMemoryPoolDelete), (108 bytes).
    Removing rtx_mempool.o(.ARM.exidx.text.svcRtxMemoryPoolDelete), (8 bytes).
    Removing rtx_msgqueue.o(.text), (0 bytes).
    Removing rtx_msgqueue.o(.ARM.exidx.text.osRtxMessageQueueTimerSetup), (8 bytes).
    Removing rtx_msgqueue.o(.ARM.exidx.text.svcRtxMessageQueueNew), (8 bytes).
    Removing rtx_msgqueue.o(.text.osMessageQueueNew), (36 bytes).
    Removing rtx_msgqueue.o(.ARM.exidx.text.osMessageQueueNew), (8 bytes).
    Removing rtx_msgqueue.o(.text.osMessageQueueGetName), (36 bytes).
    Removing rtx_msgqueue.o(.ARM.exidx.text.osMessageQueueGetName), (8 bytes).
    Removing rtx_msgqueue.o(.ARM.exidx.text.osMessageQueuePut), (8 bytes).
    Removing rtx_msgqueue.o(.ARM.exidx.text.osMessageQueueGet), (8 bytes).
    Removing rtx_msgqueue.o(.text.osMessageQueueGetCapacity), (48 bytes).
    Removing rtx_msgqueue.o(.ARM.exidx.text.osMessageQueueGetCapacity), (8 bytes).
    Removing rtx_msgqueue.o(.text.svcRtxMessageQueueGetCapacity), (16 bytes).
    Removing rtx_msgqueue.o(.ARM.exidx.text.svcRtxMessageQueueGetCapacity), (8 bytes).
    Removing rtx_msgqueue.o(.text.osMessageQueueGetMsgSize), (48 bytes).
    Removing rtx_msgqueue.o(.ARM.exidx.text.osMessageQueueGetMsgSize), (8 bytes).
    Removing rtx_msgqueue.o(.text.svcRtxMessageQueueGetMsgSize), (16 bytes).
    Removing rtx_msgqueue.o(.ARM.exidx.text.svcRtxMessageQueueGetMsgSize), (8 bytes).
    Removing rtx_msgqueue.o(.text.osMessageQueueGetCount), (48 bytes).
    Removing rtx_msgqueue.o(.ARM.exidx.text.osMessageQueueGetCount), (8 bytes).
    Removing rtx_msgqueue.o(.text.svcRtxMessageQueueGetCount), (16 bytes).
    Removing rtx_msgqueue.o(.ARM.exidx.text.svcRtxMessageQueueGetCount), (8 bytes).
    Removing rtx_msgqueue.o(.text.osMessageQueueGetSpace), (36 bytes).
    Removing rtx_msgqueue.o(.ARM.exidx.text.osMessageQueueGetSpace), (8 bytes).
    Removing rtx_msgqueue.o(.text.svcRtxMessageQueueGetSpace), (20 bytes).
    Removing rtx_msgqueue.o(.ARM.exidx.text.svcRtxMessageQueueGetSpace), (8 bytes).
    Removing rtx_msgqueue.o(.text.osMessageQueueReset), (36 bytes).
    Removing rtx_msgqueue.o(.ARM.exidx.text.osMessageQueueReset), (8 bytes).
    Removing rtx_msgqueue.o(.text.osMessageQueueDelete), (36 bytes).
    Removing rtx_msgqueue.o(.ARM.exidx.text.osMessageQueueDelete), (8 bytes).
    Removing rtx_msgqueue.o(.ARM.exidx.text.osRtxMessageQueuePostProcess), (8 bytes).
    Removing rtx_msgqueue.o(.ARM.exidx.text.MessageQueueRemove), (8 bytes).
    Removing rtx_msgqueue.o(.ARM.exidx.text.MessageQueuePut), (8 bytes).
    Removing rtx_msgqueue.o(.text.svcRtxMessageQueueGetName), (16 bytes).
    Removing rtx_msgqueue.o(.ARM.exidx.text.svcRtxMessageQueueGetName), (8 bytes).
    Removing rtx_msgqueue.o(.ARM.exidx.text.svcRtxMessageQueuePut), (8 bytes).
    Removing rtx_msgqueue.o(.ARM.exidx.text.MessageQueueGet), (8 bytes).
    Removing rtx_msgqueue.o(.ARM.exidx.text.svcRtxMessageQueueGet), (8 bytes).
    Removing rtx_msgqueue.o(.text.svcRtxMessageQueueReset), (166 bytes).
    Removing rtx_msgqueue.o(.ARM.exidx.text.svcRtxMessageQueueReset), (8 bytes).
    Removing rtx_msgqueue.o(.text.svcRtxMessageQueueDelete), (108 bytes).
    Removing rtx_msgqueue.o(.ARM.exidx.text.svcRtxMessageQueueDelete), (8 bytes).
    Removing rtx_msgqueue.o(.ARM.exidx.text.OUTLINED_FUNCTION_0), (8 bytes).
    Removing rtx_msgqueue.o(.ARM.exidx.text.OUTLINED_FUNCTION_1), (8 bytes).
    Removing rtx_system.o(.text), (0 bytes).
    Removing rtx_system.o(.ARM.exidx.text.osRtxTick_Handler), (8 bytes).
    Removing rtx_system.o(.ARM.exidx.text.osRtxPendSV_Handler), (8 bytes).
    Removing rtx_system.o(.ARM.exidx.text.osRtxPostProcess), (8 bytes).
    Removing rtx_thread.o(.text), (0 bytes).
    Removing rtx_thread.o(.ARM.exidx.text.osRtxThreadListPut), (8 bytes).
    Removing rtx_thread.o(.ARM.exidx.text.osRtxThreadListGet), (8 bytes).
    Removing rtx_thread.o(.ARM.exidx.text.osRtxThreadListSort), (8 bytes).
    Removing rtx_thread.o(.ARM.exidx.text.osRtxThreadListRemove), (8 bytes).
    Removing rtx_thread.o(.ARM.exidx.text.osRtxThreadReadyPut), (8 bytes).
    Removing rtx_thread.o(.ARM.exidx.text.osRtxThreadDelayTick), (8 bytes).
    Removing rtx_thread.o(.ARM.exidx.text.osRtxThreadRegPtr), (8 bytes).
    Removing rtx_thread.o(.ARM.exidx.text.osRtxThreadSwitch), (8 bytes).
    Removing rtx_thread.o(.ARM.exidx.text.osRtxThreadDispatch), (8 bytes).
    Removing rtx_thread.o(.ARM.exidx.text.osRtxThreadBlock), (8 bytes).
    Removing rtx_thread.o(.ARM.exidx.text.osRtxThreadWaitExit), (8 bytes).
    Removing rtx_thread.o(.ARM.exidx.text.osRtxThreadDelayRemove), (8 bytes).
    Removing rtx_thread.o(.ARM.exidx.text.osRtxThreadWaitEnter), (8 bytes).
    Removing rtx_thread.o(.ARM.exidx.text.osRtxThreadDelayInsert), (8 bytes).
    Removing rtx_thread.o(.text.osRtxThreadStartup), (60 bytes).
    Removing rtx_thread.o(.ARM.exidx.text.osRtxThreadStartup), (8 bytes).
    Removing rtx_thread.o(.text.svcRtxThreadNew), (492 bytes).
    Removing rtx_thread.o(.ARM.exidx.text.svcRtxThreadNew), (8 bytes).
    Removing rtx_thread.o(.text.osThreadNew), (36 bytes).
    Removing rtx_thread.o(.ARM.exidx.text.osThreadNew), (8 bytes).
    Removing rtx_thread.o(.text.osThreadGetName), (36 bytes).
    Removing rtx_thread.o(.ARM.exidx.text.osThreadGetName), (8 bytes).
    Removing rtx_thread.o(.text.osThreadGetId), (40 bytes).
    Removing rtx_thread.o(.ARM.exidx.text.osThreadGetId), (8 bytes).
    Removing rtx_thread.o(.text.svcRtxThreadGetId), (12 bytes).
    Removing rtx_thread.o(.ARM.exidx.text.svcRtxThreadGetId), (8 bytes).
    Removing rtx_thread.o(.text.osThreadGetState), (36 bytes).
    Removing rtx_thread.o(.ARM.exidx.text.osThreadGetState), (8 bytes).
    Removing rtx_thread.o(.text.osThreadGetStackSize), (36 bytes).
    Removing rtx_thread.o(.ARM.exidx.text.osThreadGetStackSize), (8 bytes).
    Removing rtx_thread.o(.text.osThreadGetStackSpace), (36 bytes).
    Removing rtx_thread.o(.ARM.exidx.text.osThreadGetStackSpace), (8 bytes).
    Removing rtx_thread.o(.text.osThreadSetPriority), (36 bytes).
    Removing rtx_thread.o(.ARM.exidx.text.osThreadSetPriority), (8 bytes).
    Removing rtx_thread.o(.text.osThreadGetPriority), (36 bytes).
    Removing rtx_thread.o(.ARM.exidx.text.osThreadGetPriority), (8 bytes).
    Removing rtx_thread.o(.text.osThreadYield), (36 bytes).
    Removing rtx_thread.o(.ARM.exidx.text.osThreadYield), (8 bytes).
    Removing rtx_thread.o(.text.osThreadSuspend), (36 bytes).
    Removing rtx_thread.o(.ARM.exidx.text.osThreadSuspend), (8 bytes).
    Removing rtx_thread.o(.text.osThreadResume), (36 bytes).
    Removing rtx_thread.o(.ARM.exidx.text.osThreadResume), (8 bytes).
    Removing rtx_thread.o(.text.osThreadDetach), (36 bytes).
    Removing rtx_thread.o(.ARM.exidx.text.osThreadDetach), (8 bytes).
    Removing rtx_thread.o(.text.osThreadJoin), (36 bytes).
    Removing rtx_thread.o(.ARM.exidx.text.osThreadJoin), (8 bytes).
    Removing rtx_thread.o(.text.osThreadExit), (12 bytes).
    Removing rtx_thread.o(.ARM.exidx.text.osThreadExit), (8 bytes).
    Removing rtx_thread.o(.text.osThreadTerminate), (36 bytes).
    Removing rtx_thread.o(.ARM.exidx.text.osThreadTerminate), (8 bytes).
    Removing rtx_thread.o(.text.osThreadGetCount), (36 bytes).
    Removing rtx_thread.o(.ARM.exidx.text.osThreadGetCount), (8 bytes).
    Removing rtx_thread.o(.text.osThreadEnumerate), (36 bytes).
    Removing rtx_thread.o(.ARM.exidx.text.osThreadEnumerate), (8 bytes).
    Removing rtx_thread.o(.text.osThreadFlagsSet), (88 bytes).
    Removing rtx_thread.o(.ARM.exidx.text.osThreadFlagsSet), (8 bytes).
    Removing rtx_thread.o(.text.osThreadFlagsClear), (36 bytes).
    Removing rtx_thread.o(.ARM.exidx.text.osThreadFlagsClear), (8 bytes).
    Removing rtx_thread.o(.text.osThreadFlagsGet), (36 bytes).
    Removing rtx_thread.o(.ARM.exidx.text.osThreadFlagsGet), (8 bytes).
    Removing rtx_thread.o(.text.osThreadFlagsWait), (36 bytes).
    Removing rtx_thread.o(.ARM.exidx.text.osThreadFlagsWait), (8 bytes).
    Removing rtx_thread.o(.text.osRtxThreadPostProcess), (40 bytes).
    Removing rtx_thread.o(.ARM.exidx.text.osRtxThreadPostProcess), (8 bytes).
    Removing rtx_thread.o(.text.ThreadFlagsCheck), (100 bytes).
    Removing rtx_thread.o(.ARM.exidx.text.ThreadFlagsCheck), (8 bytes).
    Removing rtx_thread.o(.text.svcRtxThreadGetName), (16 bytes).
    Removing rtx_thread.o(.ARM.exidx.text.svcRtxThreadGetName), (8 bytes).
    Removing rtx_thread.o(.text.svcRtxThreadGetState), (20 bytes).
    Removing rtx_thread.o(.ARM.exidx.text.svcRtxThreadGetState), (8 bytes).
    Removing rtx_thread.o(.text.svcRtxThreadGetStackSize), (16 bytes).
    Removing rtx_thread.o(.ARM.exidx.text.svcRtxThreadGetStackSize), (8 bytes).
    Removing rtx_thread.o(.text.svcRtxThreadGetStackSpace), (60 bytes).
    Removing rtx_thread.o(.ARM.exidx.text.svcRtxThreadGetStackSpace), (8 bytes).
    Removing rtx_thread.o(.text.svcRtxThreadSetPriority), (72 bytes).
    Removing rtx_thread.o(.ARM.exidx.text.svcRtxThreadSetPriority), (8 bytes).
    Removing rtx_thread.o(.text.svcRtxThreadGetPriority), (24 bytes).
    Removing rtx_thread.o(.ARM.exidx.text.svcRtxThreadGetPriority), (8 bytes).
    Removing rtx_thread.o(.text.svcRtxThreadYield), (56 bytes).
    Removing rtx_thread.o(.ARM.exidx.text.svcRtxThreadYield), (8 bytes).
    Removing rtx_thread.o(.text.svcRtxThreadSuspend), (116 bytes).
    Removing rtx_thread.o(.ARM.exidx.text.svcRtxThreadSuspend), (8 bytes).
    Removing rtx_thread.o(.text.svcRtxThreadResume), (44 bytes).
    Removing rtx_thread.o(.ARM.exidx.text.svcRtxThreadResume), (8 bytes).
    Removing rtx_thread.o(.text.svcRtxThreadDetach), (56 bytes).
    Removing rtx_thread.o(.ARM.exidx.text.svcRtxThreadDetach), (8 bytes).
    Removing rtx_thread.o(.text.osRtxThreadListUnlink), (32 bytes).
    Removing rtx_thread.o(.ARM.exidx.text.osRtxThreadListUnlink), (8 bytes).
    Removing rtx_thread.o(.text.osRtxThreadFree), (88 bytes).
    Removing rtx_thread.o(.ARM.exidx.text.osRtxThreadFree), (8 bytes).
    Removing rtx_thread.o(.text.svcRtxThreadJoin), (84 bytes).
    Removing rtx_thread.o(.ARM.exidx.text.svcRtxThreadJoin), (8 bytes).
    Removing rtx_thread.o(.text.svcRtxThreadExit), (76 bytes).
    Removing rtx_thread.o(.ARM.exidx.text.svcRtxThreadExit), (8 bytes).
    Removing rtx_thread.o(.text.osRtxThreadJoinWakeup), (30 bytes).
    Removing rtx_thread.o(.ARM.exidx.text.osRtxThreadJoinWakeup), (8 bytes).
    Removing rtx_thread.o(.text.osRtxThreadDestroy), (36 bytes).
    Removing rtx_thread.o(.ARM.exidx.text.osRtxThreadDestroy), (8 bytes).
    Removing rtx_thread.o(.text.svcRtxThreadTerminate), (136 bytes).
    Removing rtx_thread.o(.ARM.exidx.text.svcRtxThreadTerminate), (8 bytes).
    Removing rtx_thread.o(.text.svcRtxThreadGetCount), (52 bytes).
    Removing rtx_thread.o(.ARM.exidx.text.svcRtxThreadGetCount), (8 bytes).
    Removing rtx_thread.o(.text.svcRtxThreadEnumerate), (92 bytes).
    Removing rtx_thread.o(.ARM.exidx.text.svcRtxThreadEnumerate), (8 bytes).
    Removing rtx_thread.o(.text.svcRtxThreadFlagsSet), (102 bytes).
    Removing rtx_thread.o(.ARM.exidx.text.svcRtxThreadFlagsSet), (8 bytes).
    Removing rtx_thread.o(.text.svcRtxThreadFlagsClear), (52 bytes).
    Removing rtx_thread.o(.ARM.exidx.text.svcRtxThreadFlagsClear), (8 bytes).
    Removing rtx_thread.o(.text.svcRtxThreadFlagsGet), (20 bytes).
    Removing rtx_thread.o(.ARM.exidx.text.svcRtxThreadFlagsGet), (8 bytes).
    Removing rtx_thread.o(.text.svcRtxThreadFlagsWait), (76 bytes).
    Removing rtx_thread.o(.ARM.exidx.text.svcRtxThreadFlagsWait), (8 bytes).
    Removing rtx_thread.o(.text.OUTLINED_FUNCTION_0), (6 bytes).
    Removing rtx_thread.o(.ARM.exidx.text.OUTLINED_FUNCTION_0), (8 bytes).
    Removing rtx_thread.o(.text.OUTLINED_FUNCTION_1), (6 bytes).
    Removing rtx_thread.o(.ARM.exidx.text.OUTLINED_FUNCTION_1), (8 bytes).
    Removing rtx_thread.o(.text.OUTLINED_FUNCTION_2), (20 bytes).
    Removing rtx_thread.o(.ARM.exidx.text.OUTLINED_FUNCTION_2), (8 bytes).
    Removing rtx_thread.o(.text.OUTLINED_FUNCTION_3), (8 bytes).
    Removing rtx_thread.o(.ARM.exidx.text.OUTLINED_FUNCTION_3), (8 bytes).
    Removing rtx_thread.o(.text.OUTLINED_FUNCTION_4), (6 bytes).
    Removing rtx_thread.o(.ARM.exidx.text.OUTLINED_FUNCTION_4), (8 bytes).
    Removing os_systick.o(.text), (0 bytes).
    Removing os_systick.o(.text.OS_Tick_Setup), (64 bytes).
    Removing os_systick.o(.ARM.exidx.text.OS_Tick_Setup), (8 bytes).
    Removing os_systick.o(.text.OS_Tick_Enable), (44 bytes).
    Removing os_systick.o(.ARM.exidx.text.OS_Tick_Enable), (8 bytes).
    Removing os_systick.o(.text.OS_Tick_Disable), (44 bytes).
    Removing os_systick.o(.ARM.exidx.text.OS_Tick_Disable), (8 bytes).
    Removing os_systick.o(.ARM.exidx.text.OS_Tick_AcknowledgeIRQ), (8 bytes).
    Removing os_systick.o(.text.OS_Tick_GetIRQn), (6 bytes).
    Removing os_systick.o(.ARM.exidx.text.OS_Tick_GetIRQn), (8 bytes).
    Removing os_systick.o(.text.OS_Tick_GetClock), (12 bytes).
    Removing os_systick.o(.ARM.exidx.text.OS_Tick_GetClock), (8 bytes).
    Removing os_systick.o(.text.OS_Tick_GetInterval), (12 bytes).
    Removing os_systick.o(.ARM.exidx.text.OS_Tick_GetInterval), (8 bytes).
    Removing os_systick.o(.text.OS_Tick_GetCount), (16 bytes).
    Removing os_systick.o(.ARM.exidx.text.OS_Tick_GetCount), (8 bytes).
    Removing os_systick.o(.text.OS_Tick_GetOverflow), (16 bytes).
    Removing os_systick.o(.ARM.exidx.text.OS_Tick_GetOverflow), (8 bytes).
    Removing os_systick.o(.bss.os), (1 bytes).
    Removing rtx_mutex.o(.text), (0 bytes).
    Removing rtx_mutex.o(.text.osRtxMutexOwnerRelease), (72 bytes).
    Removing rtx_mutex.o(.ARM.exidx.text.osRtxMutexOwnerRelease), (8 bytes).
    Removing rtx_mutex.o(.ARM.exidx.text.osRtxMutexOwnerRestore), (8 bytes).
    Removing rtx_mutex.o(.text.osMutexNew), (36 bytes).
    Removing rtx_mutex.o(.ARM.exidx.text.osMutexNew), (8 bytes).
    Removing rtx_mutex.o(.text.osMutexGetName), (36 bytes).
    Removing rtx_mutex.o(.ARM.exidx.text.osMutexGetName), (8 bytes).
    Removing rtx_mutex.o(.text.osMutexAcquire), (36 bytes).
    Removing rtx_mutex.o(.ARM.exidx.text.osMutexAcquire), (8 bytes).
    Removing rtx_mutex.o(.text.osMutexRelease), (36 bytes).
    Removing rtx_mutex.o(.ARM.exidx.text.osMutexRelease), (8 bytes).
    Removing rtx_mutex.o(.text.osMutexGetOwner), (36 bytes).
    Removing rtx_mutex.o(.ARM.exidx.text.osMutexGetOwner), (8 bytes).
    Removing rtx_mutex.o(.text.osMutexDelete), (36 bytes).
    Removing rtx_mutex.o(.ARM.exidx.text.osMutexDelete), (8 bytes).
    Removing rtx_mutex.o(.text.svcRtxMutexNew), (104 bytes).
    Removing rtx_mutex.o(.ARM.exidx.text.svcRtxMutexNew), (8 bytes).
    Removing rtx_mutex.o(.text.svcRtxMutexGetName), (16 bytes).
    Removing rtx_mutex.o(.ARM.exidx.text.svcRtxMutexGetName), (8 bytes).
    Removing rtx_mutex.o(.text.svcRtxMutexAcquire), (144 bytes).
    Removing rtx_mutex.o(.ARM.exidx.text.svcRtxMutexAcquire), (8 bytes).
    Removing rtx_mutex.o(.text.svcRtxMutexRelease), (180 bytes).
    Removing rtx_mutex.o(.ARM.exidx.text.svcRtxMutexRelease), (8 bytes).
    Removing rtx_mutex.o(.text.svcRtxMutexGetOwner), (20 bytes).
    Removing rtx_mutex.o(.ARM.exidx.text.svcRtxMutexGetOwner), (8 bytes).
    Removing rtx_mutex.o(.text.svcRtxMutexDelete), (176 bytes).
    Removing rtx_mutex.o(.ARM.exidx.text.svcRtxMutexDelete), (8 bytes).

641 unused section(s) (total 18422 bytes) removed from the image.

==============================================================================

Image Symbol Table

    Local Symbols

    Symbol Name                              Value     Ov Type        Size  Object(Section)

    ../clib/microlib/init/entry.s            0x00000000   Number         0  entry.o ABSOLUTE
    ../clib/microlib/init/entry.s            0x00000000   Number         0  entry2.o ABSOLUTE
    ../clib/microlib/init/entry.s            0x00000000   Number         0  entry5.o ABSOLUTE
    ../clib/microlib/init/entry.s            0x00000000   Number         0  entry7a.o ABSOLUTE
    ../clib/microlib/init/entry.s            0x00000000   Number         0  entry7b.o ABSOLUTE
    ../clib/microlib/init/entry.s            0x00000000   Number         0  entry8a.o ABSOLUTE
    ../clib/microlib/init/entry.s            0x00000000   Number         0  entry8b.o ABSOLUTE
    ../clib/microlib/init/entry.s            0x00000000   Number         0  entry9a.o ABSOLUTE
    ../clib/microlib/init/entry.s            0x00000000   Number         0  entry9b.o ABSOLUTE
    ../clib/microlib/init/entry.s            0x00000000   Number         0  entry10a.o ABSOLUTE
    ../clib/microlib/init/entry.s            0x00000000   Number         0  entry10b.o ABSOLUTE
    ../clib/microlib/init/entry.s            0x00000000   Number         0  entry11a.o ABSOLUTE
    ../clib/microlib/init/entry.s            0x00000000   Number         0  entry11b.o ABSOLUTE
    ../clib/microlib/string/memcpy.c         0x00000000   Number         0  memcpya.o ABSOLUTE
    ../clib/microlib/string/memcpy.c         0x00000000   Number         0  memcpyb.o ABSOLUTE
    ../clib/microlib/string/memset.c         0x00000000   Number         0  memseta.o ABSOLUTE
    RTE/Device/TM4C1294NCPDT/startup_TM4C129.s 0x00000000   Number         0  startup_tm4c129.o ABSOLUTE
    RTX_Config.c                             0x00000000   Number         0  rtx_config.o ABSOLUTE
    cpu.c                                    0x00000000   Number         0  cpu.o ABSOLUTE
    cpu.c                                    0x00000000   Number         0  cpu.o ABSOLUTE
    dc.s                                     0x00000000   Number         0  dc.o ABSOLUTE
    gpio.c                                   0x00000000   Number         0  gpio.o ABSOLUTE
    handlers.s                               0x00000000   Number         0  handlers.o ABSOLUTE
    init.s                                   0x00000000   Number         0  init.o ABSOLUTE
    interrupt.c                              0x00000000   Number         0  interrupt.o ABSOLUTE
    main.c                                   0x00000000   Number         0  main.o ABSOLUTE
    movement.c                               0x00000000   Number         0  movement.o ABSOLUTE
    os_systick.c                             0x00000000   Number         0  os_systick.o ABSOLUTE
    pwm.c                                    0x00000000   Number         0  pwm.o ABSOLUTE
    rtx_kernel.c                             0x00000000   Number         0  rtx_kernel.o ABSOLUTE
    rtx_lib.c                                0x00000000   Number         0  rtx_lib.o ABSOLUTE
    rtx_memory.c                             0x00000000   Number         0  rtx_memory.o ABSOLUTE
    rtx_mempool.c                            0x00000000   Number         0  rtx_mempool.o ABSOLUTE
    rtx_msgqueue.c                           0x00000000   Number         0  rtx_msgqueue.o ABSOLUTE
    rtx_mutex.c                              0x00000000   Number         0  rtx_mutex.o ABSOLUTE
    rtx_system.c                             0x00000000   Number         0  rtx_system.o ABSOLUTE
    rtx_thread.c                             0x00000000   Number         0  rtx_thread.o ABSOLUTE
    rtx_timer.c                              0x00000000   Number         0  rtx_timer.o ABSOLUTE
    servo.c                                  0x00000000   Number         0  servo.o ABSOLUTE
    sysctl.c                                 0x00000000   Number         0  sysctl.o ABSOLUTE
    sysctl.c                                 0x00000000   Number         0  sysctl.o ABSOLUTE
    system_TM4C129.c                         0x00000000   Number         0  system_tm4c129.o ABSOLUTE
    timer.c                                  0x00000000   Number         0  timer.o ABSOLUTE
    uart.c                                   0x00000000   Number         0  uart.o ABSOLUTE
    uart.c                                   0x00000000   Number         0  uart.o ABSOLUTE
    RESET                                    0x00000000   Section      512  startup_tm4c129.o(RESET)
    FPU_USED                                 0x00000001   Number         0  irq_armv7m.o ABSOLUTE
    osRtxErrorStackOverflow                  0x00000001   Number         0  irq_armv7m.o ABSOLUTE
    I_T_RUN_OFS                              0x00000014   Number         0  irq_armv7m.o ABSOLUTE
    TCB_SF_OFS                               0x00000022   Number         0  irq_armv7m.o ABSOLUTE
    TCB_SP_OFS                               0x00000038   Number         0  irq_armv7m.o ABSOLUTE
    .ARM.Collect$$$$00000000                 0x00000200   Section        0  entry.o(.ARM.Collect$$$$00000000)
    .ARM.Collect$$$$00000001                 0x00000200   Section        4  entry2.o(.ARM.Collect$$$$00000001)
    .ARM.Collect$$$$00000004                 0x00000204   Section        4  entry5.o(.ARM.Collect$$$$00000004)
    .ARM.Collect$$$$00000008                 0x00000208   Section        0  entry7b.o(.ARM.Collect$$$$00000008)
    .ARM.Collect$$$$0000000A                 0x00000208   Section        0  entry8b.o(.ARM.Collect$$$$0000000A)
    .ARM.Collect$$$$0000000B                 0x00000208   Section        8  entry9a.o(.ARM.Collect$$$$0000000B)
    __lit__00000000                          0x00000210   Data           4  entry2.o(.ARM.Collect$$$$00002712)
    .ARM.Collect$$$$0000000D                 0x00000210   Section        0  entry10a.o(.ARM.Collect$$$$0000000D)
    .ARM.Collect$$$$0000000F                 0x00000210   Section        0  entry11a.o(.ARM.Collect$$$$0000000F)
    .ARM.Collect$$$$00002712                 0x00000210   Section        4  entry2.o(.ARM.Collect$$$$00002712)
    $v0                                      0x00000214   Number         0  startup_tm4c129.o(.text)
    .text                                    0x00000214   Section      276  startup_tm4c129.o(.text)
    [Anonymous Symbol]                       0x00000328   Section        0  irq_armv7m.o(.text)
    SVC_Context                              0x00000350   Number         0  irq_armv7m.o(.text)
    SVC_FP_LazyState                         0x00000360   Number         0  irq_armv7m.o(.text)
    SVC_ContextSave                          0x00000372   Number         0  irq_armv7m.o(.text)
    SVC_ContextRestore                       0x00000388   Number         0  irq_armv7m.o(.text)
    SVC_Exit                                 0x000003a4   Number         0  irq_armv7m.o(.text)
    SVC_User                                 0x000003a6   Number         0  irq_armv7m.o(.text)
    .text                                    0x000003f0   Section        0  memcpya.o(.text)
    .text                                    0x00000414   Section        0  memseta.o(.text)
    .text                                    0x00000438   Section       48  init.o(.text)
    MessageQueueGet                          0x00000469   Thumb Code    64  rtx_msgqueue.o(.text.MessageQueueGet)
    [Anonymous Symbol]                       0x00000468   Section        0  rtx_msgqueue.o(.text.MessageQueueGet)
    MessageQueuePut                          0x000004a9   Thumb Code    88  rtx_msgqueue.o(.text.MessageQueuePut)
    [Anonymous Symbol]                       0x000004a8   Section        0  rtx_msgqueue.o(.text.MessageQueuePut)
    MessageQueueRemove                       0x00000501   Thumb Code    28  rtx_msgqueue.o(.text.MessageQueueRemove)
    [Anonymous Symbol]                       0x00000500   Section        0  rtx_msgqueue.o(.text.MessageQueueRemove)
    [Anonymous Symbol]                       0x0000051c   Section        0  os_systick.o(.text.OS_Tick_AcknowledgeIRQ)
    __arm_cp.3_0                             0x00000524   Number         4  os_systick.o(.text.OS_Tick_AcknowledgeIRQ)
    OUTLINED_FUNCTION_0                      0x00000529   Thumb Code    12  rtx_msgqueue.o(.text.OUTLINED_FUNCTION_0)
    [Anonymous Symbol]                       0x00000528   Section        0  rtx_msgqueue.o(.text.OUTLINED_FUNCTION_0)
    OUTLINED_FUNCTION_1                      0x00000535   Thumb Code     6  rtx_msgqueue.o(.text.OUTLINED_FUNCTION_1)
    [Anonymous Symbol]                       0x00000534   Section        0  rtx_msgqueue.o(.text.OUTLINED_FUNCTION_1)
    [Anonymous Symbol]                       0x0000053c   Section        0  system_tm4c129.o(.text.SystemInit)
    TimerInsert                              0x00000561   Thumb Code    68  rtx_timer.o(.text.TimerInsert)
    [Anonymous Symbol]                       0x00000560   Section        0  rtx_timer.o(.text.TimerInsert)
    [Anonymous Symbol]                       0x000005a4   Section        0  main.o(.text.main)
    [Anonymous Symbol]                       0x000005e4   Section        0  rtx_msgqueue.o(.text.osMessageQueueGet)
    __arm_cp.5_0                             0x00000650   Number         4  rtx_msgqueue.o(.text.osMessageQueueGet)
    [Anonymous Symbol]                       0x00000654   Section        0  rtx_msgqueue.o(.text.osMessageQueuePut)
    __arm_cp.4_0                             0x000006d0   Number         4  rtx_msgqueue.o(.text.osMessageQueuePut)
    [Anonymous Symbol]                       0x000006d4   Section        0  rtx_config.o(.text.osRtxErrorNotify)
    [Anonymous Symbol]                       0x00000702   Section        0  rtx_kernel.o(.text.osRtxKernelErrorNotify)
    [Anonymous Symbol]                       0x00000706   Section        0  rtx_memory.o(.text.osRtxMemoryAlloc)
    [Anonymous Symbol]                       0x00000772   Section        0  rtx_memory.o(.text.osRtxMemoryFree)
    [Anonymous Symbol]                       0x000007b4   Section        0  rtx_mempool.o(.text.osRtxMemoryPoolAlloc)
    [Anonymous Symbol]                       0x000007ee   Section        0  rtx_mempool.o(.text.osRtxMemoryPoolFree)
    [Anonymous Symbol]                       0x00000838   Section        0  rtx_mempool.o(.text.osRtxMemoryPoolInit)
    osRtxMessageQueuePostProcess             0x00000871   Thumb Code   170  rtx_msgqueue.o(.text.osRtxMessageQueuePostProcess)
    [Anonymous Symbol]                       0x00000870   Section        0  rtx_msgqueue.o(.text.osRtxMessageQueuePostProcess)
    [Anonymous Symbol]                       0x0000091c   Section        0  rtx_msgqueue.o(.text.osRtxMessageQueueTimerSetup)
    __arm_cp.0_0                             0x0000093c   Number         4  rtx_msgqueue.o(.text.osRtxMessageQueueTimerSetup)
    __arm_cp.0_1                             0x00000940   Number         4  rtx_msgqueue.o(.text.osRtxMessageQueueTimerSetup)
    [Anonymous Symbol]                       0x00000944   Section        0  rtx_mutex.o(.text.osRtxMutexOwnerRestore)
    [Anonymous Symbol]                       0x0000098c   Section        0  rtx_system.o(.text.osRtxPendSV_Handler)
    [Anonymous Symbol]                       0x00000a14   Section        0  rtx_system.o(.text.osRtxPostProcess)
    __arm_cp.2_1                             0x00000a80   Number         4  rtx_system.o(.text.osRtxPostProcess)
    osRtxThreadBlock                         0x00000a85   Thumb Code    52  rtx_thread.o(.text.osRtxThreadBlock)
    [Anonymous Symbol]                       0x00000a84   Section        0  rtx_thread.o(.text.osRtxThreadBlock)
    osRtxThreadDelayInsert                   0x00000ab9   Thumb Code   124  rtx_thread.o(.text.osRtxThreadDelayInsert)
    [Anonymous Symbol]                       0x00000ab8   Section        0  rtx_thread.o(.text.osRtxThreadDelayInsert)
    osRtxThreadDelayRemove                   0x00000b35   Thumb Code    60  rtx_thread.o(.text.osRtxThreadDelayRemove)
    [Anonymous Symbol]                       0x00000b34   Section        0  rtx_thread.o(.text.osRtxThreadDelayRemove)
    [Anonymous Symbol]                       0x00000b70   Section        0  rtx_thread.o(.text.osRtxThreadDelayTick)
    [Anonymous Symbol]                       0x00000bc0   Section        0  rtx_thread.o(.text.osRtxThreadDispatch)
    [Anonymous Symbol]                       0x00000c10   Section        0  rtx_thread.o(.text.osRtxThreadListGet)
    [Anonymous Symbol]                       0x00000c22   Section        0  rtx_thread.o(.text.osRtxThreadListPut)
    [Anonymous Symbol]                       0x00000c4e   Section        0  rtx_thread.o(.text.osRtxThreadListRemove)
    [Anonymous Symbol]                       0x00000c62   Section        0  rtx_thread.o(.text.osRtxThreadListSort)
    [Anonymous Symbol]                       0x00000c88   Section        0  rtx_thread.o(.text.osRtxThreadReadyPut)
    [Anonymous Symbol]                       0x00000c98   Section        0  rtx_thread.o(.text.osRtxThreadRegPtr)
    [Anonymous Symbol]                       0x00000cac   Section        0  rtx_thread.o(.text.osRtxThreadSwitch)
    [Anonymous Symbol]                       0x00000cb8   Section        0  rtx_thread.o(.text.osRtxThreadWaitEnter)
    __arm_cp.12_0                            0x00000cf0   Number         4  rtx_thread.o(.text.osRtxThreadWaitEnter)
    [Anonymous Symbol]                       0x00000cf4   Section        0  rtx_thread.o(.text.osRtxThreadWaitExit)
    [Anonymous Symbol]                       0x00000d24   Section        0  rtx_system.o(.text.osRtxTick_Handler)
    [Anonymous Symbol]                       0x00000d98   Section        0  rtx_timer.o(.text.osRtxTimerSetup)
    __arm_cp.0_0                             0x00000db0   Number         4  rtx_timer.o(.text.osRtxTimerSetup)
    __arm_cp.0_1                             0x00000db4   Number         4  rtx_timer.o(.text.osRtxTimerSetup)
    [Anonymous Symbol]                       0x00000db8   Section        0  rtx_timer.o(.text.osRtxTimerThread)
    osRtxTimerTick                           0x00000dd9   Thumb Code   108  rtx_timer.o(.text.osRtxTimerTick)
    [Anonymous Symbol]                       0x00000dd8   Section        0  rtx_timer.o(.text.osRtxTimerTick)
    __arm_cp.1_0                             0x00000e44   Number         4  rtx_timer.o(.text.osRtxTimerTick)
    [Anonymous Symbol]                       0x00000e48   Section        0  servo.o(.text.servoInit)
    [Anonymous Symbol]                       0x00000ed0   Section        0  servo.o(.text.servoSetPosition)
    svcRtxMessageQueueGet                    0x00000f65   Thumb Code   200  rtx_msgqueue.o(.text.svcRtxMessageQueueGet)
    [Anonymous Symbol]                       0x00000f64   Section        0  rtx_msgqueue.o(.text.svcRtxMessageQueueGet)
    __arm_cp.22_0                            0x0000102c   Number         4  rtx_msgqueue.o(.text.svcRtxMessageQueueGet)
    svcRtxMessageQueueNew                    0x00001031   Thumb Code   272  rtx_msgqueue.o(.text.svcRtxMessageQueueNew)
    [Anonymous Symbol]                       0x00001030   Section        0  rtx_msgqueue.o(.text.svcRtxMessageQueueNew)
    __arm_cp.1_0                             0x00001140   Number         4  rtx_msgqueue.o(.text.svcRtxMessageQueueNew)
    __arm_cp.1_1                             0x00001144   Number         4  rtx_msgqueue.o(.text.svcRtxMessageQueueNew)
    svcRtxMessageQueuePut                    0x00001149   Thumb Code   168  rtx_msgqueue.o(.text.svcRtxMessageQueuePut)
    [Anonymous Symbol]                       0x00001148   Section        0  rtx_msgqueue.o(.text.svcRtxMessageQueuePut)
    __arm_cp.20_0                            0x000011f0   Number         4  rtx_msgqueue.o(.text.svcRtxMessageQueuePut)
    i.GPIODirModeSet                         0x000011f4   Section        0  gpio.o(i.GPIODirModeSet)
    i.GPIOPadConfigSet                       0x0000121c   Section        0  gpio.o(i.GPIOPadConfigSet)
    i.GPIOPinConfigure                       0x0000138c   Section        0  gpio.o(i.GPIOPinConfigure)
    i.GPIOPinTypePWM                         0x000013d0   Section        0  gpio.o(i.GPIOPinTypePWM)
    i.PWMGenConfigure                        0x000013ec   Section        0  pwm.o(i.PWMGenConfigure)
    i.PWMGenDisable                          0x00001412   Section        0  pwm.o(i.PWMGenDisable)
    i.PWMGenEnable                           0x0000141c   Section        0  pwm.o(i.PWMGenEnable)
    i.PWMGenPeriodGet                        0x00001426   Section        0  pwm.o(i.PWMGenPeriodGet)
    i.PWMGenPeriodSet                        0x00001438   Section        0  pwm.o(i.PWMGenPeriodSet)
    i.PWMOutputState                         0x0000144a   Section        0  pwm.o(i.PWMOutputState)
    i.PWMPulseWidthSet                       0x0000145a   Section        0  pwm.o(i.PWMPulseWidthSet)
    i.SysCtlClockFreqSet                     0x0000147c   Section        0  sysctl.o(i.SysCtlClockFreqSet)
    i.SysCtlPWMClockSet                      0x00001760   Section        0  sysctl.o(i.SysCtlPWMClockSet)
    i.SysCtlPeripheralEnable                 0x00001774   Section        0  sysctl.o(i.SysCtlPeripheralEnable)
    i.__scatterload_copy                     0x0000179c   Section       14  handlers.o(i.__scatterload_copy)
    i.__scatterload_null                     0x000017aa   Section        2  handlers.o(i.__scatterload_null)
    i.__scatterload_zeroinit                 0x000017ac   Section       14  handlers.o(i.__scatterload_zeroinit)
    g_ppui32GPIOIntMapBlizzard               0x000017bc   Data         192  gpio.o(.constdata)
    .constdata                               0x000017bc   Section      552  gpio.o(.constdata)
    g_ppui32GPIOIntMapSnowflake              0x0000187c   Data         216  gpio.o(.constdata)
    g_pui32GPIOBaseAddrs                     0x00001954   Data         144  gpio.o(.constdata)
    g_pui32VCOFrequencies                    0x000019e4   Data           8  sysctl.o(.constdata)
    .constdata                               0x000019e4   Section      596  sysctl.o(.constdata)
    g_pui32Xtals                             0x000019ec   Data         108  sysctl.o(.constdata)
    g_pppui32XTALtoVCO                       0x00001a58   Data         432  sysctl.o(.constdata)
    g_sXTALtoMEMTIM                          0x00001c08   Data          48  sysctl.o(.constdata)
    __tagsym$$used.0                         0x00001c38   Number         0  rtx_lib.o(.rodata)
    __tagsym$$used.1                         0x00001ca8   Number         0  rtx_lib.o(.rodata)
    os_idle_thread_attr                      0x00001ce4   Data          36  rtx_lib.o(.rodata.os_idle_thread_attr)
    [Anonymous Symbol]                       0x00001ce4   Section        0  rtx_lib.o(.rodata.os_idle_thread_attr)
    os_timer_mq_attr                         0x00001d08   Data          24  rtx_lib.o(.rodata.os_timer_mq_attr)
    [Anonymous Symbol]                       0x00001d08   Section        0  rtx_lib.o(.rodata.os_timer_mq_attr)
    os_timer_thread_attr                     0x00001d20   Data          36  rtx_lib.o(.rodata.os_timer_thread_attr)
    [Anonymous Symbol]                       0x00001d20   Section        0  rtx_lib.o(.rodata.os_timer_thread_attr)
    [Anonymous Symbol]                       0x00001d44   Section        0  rtx_kernel.o(.rodata.str1.4)
    os_isr_queue                             0x200000b0   Data          64  rtx_lib.o(.bss.os)
    [Anonymous Symbol]                       0x200000b0   Section        0  rtx_lib.o(.bss.os)
    os_mem                                   0x200000f0   Data       32768  rtx_lib.o(.bss.os)
    os_timer_mq_cb                           0x200080f0   Data          52  rtx_lib.o(.bss.os.msgqueue.cb)
    [Anonymous Symbol]                       0x200080f0   Section        0  rtx_lib.o(.bss.os.msgqueue.cb)
    os_timer_mq_data                         0x20008124   Data          80  rtx_lib.o(.bss.os.msgqueue.mem)
    [Anonymous Symbol]                       0x20008124   Section        0  rtx_lib.o(.bss.os.msgqueue.mem)
    os_idle_thread_cb                        0x20008174   Data          68  rtx_lib.o(.bss.os.thread.cb)
    [Anonymous Symbol]                       0x20008174   Section        0  rtx_lib.o(.bss.os.thread.cb)
    os_timer_thread_cb                       0x200081b8   Data          68  rtx_lib.o(.bss.os.thread.cb)
    os_idle_thread_stack                     0x20008200   Data         512  rtx_lib.o(.bss.os.thread.idle.stack)
    [Anonymous Symbol]                       0x20008200   Section        0  rtx_lib.o(.bss.os.thread.idle.stack)
    os_timer_thread_stack                    0x20008400   Data         512  rtx_lib.o(.bss.os.thread.timer.stack)
    [Anonymous Symbol]                       0x20008400   Section        0  rtx_lib.o(.bss.os.thread.timer.stack)
    STACK                                    0x20008600   Section      512  startup_tm4c129.o(STACK)
    FPCCR                                    0xe000ef34   Number         0  irq_armv7m.o ABSOLUTE

    Global Symbols

    Symbol Name                              Value     Ov Type        Size  Object(Section)

    BuildAttributes$$THM_ISAv4$E$P$D$K$B$S$7EM$VFPi3$EXTD16$VFPS$VFMA$PE$A:L22UL41UL21$X:L11$S22US41US21$IEEE1$IW$~IW$USESV6$~STKCKD$USESV7$~SHL$OTIME$EBA8$MICROLIB$REQ8$PRES8$EABIv2 0x00000000   Number         0  anon$$obj.o ABSOLUTE
    __Vectors                                0x00000000   Data           4  startup_tm4c129.o(RESET)
    .bss.os.evflags.cb$$Base                  - Undefined Weak Reference
    .bss.os.evflags.cb$$Limit                 - Undefined Weak Reference
    .bss.os.mempool.cb$$Base                  - Undefined Weak Reference
    .bss.os.mempool.cb$$Limit                 - Undefined Weak Reference
    .bss.os.mutex.cb$$Base                    - Undefined Weak Reference
    .bss.os.mutex.cb$$Limit                   - Undefined Weak Reference
    .bss.os.semaphore.cb$$Base                - Undefined Weak Reference
    .bss.os.semaphore.cb$$Limit               - Undefined Weak Reference
    .bss.os.timer.cb$$Base                    - Undefined Weak Reference
    .bss.os.timer.cb$$Limit                   - Undefined Weak Reference
    __cpp_initialize__aeabi_                  - Undefined Weak Reference
    __cxa_finalize                            - Undefined Weak Reference
    __decompress                              - Undefined Weak Reference
    _clock_init                               - Undefined Weak Reference
    _microlib_exit                            - Undefined Weak Reference
    __Vectors_End                            0x00000200   Data           0  startup_tm4c129.o(RESET)
    __Vectors_Size                           0x00000200   Number         0  startup_tm4c129.o ABSOLUTE
    __main                                   0x00000201   Thumb Code     0  entry.o(.ARM.Collect$$$$00000000)
    _main_stk                                0x00000201   Thumb Code     0  entry2.o(.ARM.Collect$$$$00000001)
    _main_scatterload                        0x00000205   Thumb Code     0  entry5.o(.ARM.Collect$$$$00000004)
    __main_after_scatterload                 0x00000209   Thumb Code     0  entry5.o(.ARM.Collect$$$$00000004)
    _main_clock                              0x00000209   Thumb Code     0  entry7b.o(.ARM.Collect$$$$00000008)
    _main_cpp_init                           0x00000209   Thumb Code     0  entry8b.o(.ARM.Collect$$$$0000000A)
    _main_init                               0x00000209   Thumb Code     0  entry9a.o(.ARM.Collect$$$$0000000B)
    __rt_final_cpp                           0x00000211   Thumb Code     0  entry10a.o(.ARM.Collect$$$$0000000D)
    __rt_final_exit                          0x00000211   Thumb Code     0  entry11a.o(.ARM.Collect$$$$0000000F)
    Reset_Handler                            0x00000215   Thumb Code     8  startup_tm4c129.o(.text)
    NMI_Handler                              0x0000021d   Thumb Code     2  startup_tm4c129.o(.text)
    HardFault_Handler                        0x0000021f   Thumb Code     2  startup_tm4c129.o(.text)
    MemManage_Handler                        0x00000221   Thumb Code     2  startup_tm4c129.o(.text)
    BusFault_Handler                         0x00000223   Thumb Code     2  startup_tm4c129.o(.text)
    UsageFault_Handler                       0x00000225   Thumb Code     2  startup_tm4c129.o(.text)
    DebugMon_Handler                         0x00000229   Thumb Code     2  startup_tm4c129.o(.text)
    GPIOA_Handler                            0x0000022f   Thumb Code     2  startup_tm4c129.o(.text)
    GPIOB_Handler                            0x00000231   Thumb Code     2  startup_tm4c129.o(.text)
    GPIOC_Handler                            0x00000233   Thumb Code     2  startup_tm4c129.o(.text)
    GPIOD_Handler                            0x00000235   Thumb Code     2  startup_tm4c129.o(.text)
    GPIOE_Handler                            0x00000237   Thumb Code     2  startup_tm4c129.o(.text)
    UART0_Handler                            0x00000239   Thumb Code     2  startup_tm4c129.o(.text)
    UART1_Handler                            0x0000023b   Thumb Code     2  startup_tm4c129.o(.text)
    SSI0_Handler                             0x0000023d   Thumb Code     2  startup_tm4c129.o(.text)
    I2C0_Handler                             0x0000023f   Thumb Code     2  startup_tm4c129.o(.text)
    PMW0_FAULT_Handler                       0x00000241   Thumb Code     2  startup_tm4c129.o(.text)
    PWM0_0_Handler                           0x00000243   Thumb Code     2  startup_tm4c129.o(.text)
    PWM0_1_Handler                           0x00000245   Thumb Code     2  startup_tm4c129.o(.text)
    PWM0_2_Handler                           0x00000247   Thumb Code     2  startup_tm4c129.o(.text)
    QEI0_Handler                             0x00000249   Thumb Code     2  startup_tm4c129.o(.text)
    ADC0SS0_Handler                          0x0000024b   Thumb Code     2  startup_tm4c129.o(.text)
    ADC0SS1_Handler                          0x0000024d   Thumb Code     2  startup_tm4c129.o(.text)
    ADC0SS2_Handler                          0x0000024f   Thumb Code     2  startup_tm4c129.o(.text)
    ADC0SS3_Handler                          0x00000251   Thumb Code     2  startup_tm4c129.o(.text)
    WDT0_Handler                             0x00000253   Thumb Code     2  startup_tm4c129.o(.text)
    TIMER0A_Handler                          0x00000255   Thumb Code     2  startup_tm4c129.o(.text)
    TIMER0B_Handler                          0x00000257   Thumb Code     2  startup_tm4c129.o(.text)
    TIMER1A_Handler                          0x00000259   Thumb Code     2  startup_tm4c129.o(.text)
    TIMER1B_Handler                          0x0000025b   Thumb Code     2  startup_tm4c129.o(.text)
    TIMER2A_Handler                          0x0000025d   Thumb Code     2  startup_tm4c129.o(.text)
    TIMER2B_Handler                          0x0000025f   Thumb Code     2  startup_tm4c129.o(.text)
    COMP0_Handler                            0x00000261   Thumb Code     2  startup_tm4c129.o(.text)
    COMP1_Handler                            0x00000263   Thumb Code     2  startup_tm4c129.o(.text)
    COMP2_Handler                            0x00000265   Thumb Code     2  startup_tm4c129.o(.text)
    SYSCTL_Handler                           0x00000267   Thumb Code     2  startup_tm4c129.o(.text)
    FLASH_Handler                            0x00000269   Thumb Code     2  startup_tm4c129.o(.text)
    GPIOF_Handler                            0x0000026b   Thumb Code     2  startup_tm4c129.o(.text)
    GPIOG_Handler                            0x0000026d   Thumb Code     2  startup_tm4c129.o(.text)
    GPIOH_Handler                            0x0000026f   Thumb Code     2  startup_tm4c129.o(.text)
    UART2_Handler                            0x00000271   Thumb Code     2  startup_tm4c129.o(.text)
    SSI1_Handler                             0x00000273   Thumb Code     2  startup_tm4c129.o(.text)
    TIMER3A_Handler                          0x00000275   Thumb Code     2  startup_tm4c129.o(.text)
    TIMER3B_Handler                          0x00000277   Thumb Code     2  startup_tm4c129.o(.text)
    I2C1_Handler                             0x00000279   Thumb Code     2  startup_tm4c129.o(.text)
    CAN0_Handler                             0x0000027b   Thumb Code     2  startup_tm4c129.o(.text)
    CAN1_Handler                             0x0000027d   Thumb Code     2  startup_tm4c129.o(.text)
    ETH_Handler                              0x0000027f   Thumb Code     2  startup_tm4c129.o(.text)
    HIB_Handler                              0x00000281   Thumb Code     2  startup_tm4c129.o(.text)
    USB0_Handler                             0x00000283   Thumb Code     2  startup_tm4c129.o(.text)
    PWM0_3_Handler                           0x00000285   Thumb Code     2  startup_tm4c129.o(.text)
    UDMA_Handler                             0x00000287   Thumb Code     2  startup_tm4c129.o(.text)
    UDMAERR_Handler                          0x00000289   Thumb Code     2  startup_tm4c129.o(.text)
    ADC1SS0_Handler                          0x0000028b   Thumb Code     2  startup_tm4c129.o(.text)
    ADC1SS1_Handler                          0x0000028d   Thumb Code     2  startup_tm4c129.o(.text)
    ADC1SS2_Handler                          0x0000028f   Thumb Code     2  startup_tm4c129.o(.text)
    ADC1SS3_Handler                          0x00000291   Thumb Code     2  startup_tm4c129.o(.text)
    EBI0_Handler                             0x00000293   Thumb Code     2  startup_tm4c129.o(.text)
    GPIOJ_Handler                            0x00000295   Thumb Code     2  startup_tm4c129.o(.text)
    GPIOK_Handler                            0x00000297   Thumb Code     2  startup_tm4c129.o(.text)
    GPIOL_Handler                            0x00000299   Thumb Code     2  startup_tm4c129.o(.text)
    SSI2_Handler                             0x0000029b   Thumb Code     2  startup_tm4c129.o(.text)
    SSI3_Handler                             0x0000029d   Thumb Code     2  startup_tm4c129.o(.text)
    UART3_Handler                            0x0000029f   Thumb Code     2  startup_tm4c129.o(.text)
    UART4_Handler                            0x000002a1   Thumb Code     2  startup_tm4c129.o(.text)
    UART5_Handler                            0x000002a3   Thumb Code     2  startup_tm4c129.o(.text)
    UART6_Handler                            0x000002a5   Thumb Code     2  startup_tm4c129.o(.text)
    UART7_Handler                            0x000002a7   Thumb Code     2  startup_tm4c129.o(.text)
    I2C2_Handler                             0x000002a9   Thumb Code     2  startup_tm4c129.o(.text)
    I2C3_Handler                             0x000002ab   Thumb Code     2  startup_tm4c129.o(.text)
    TIMER4A_Handler                          0x000002ad   Thumb Code     2  startup_tm4c129.o(.text)
    TIMER4B_Handler                          0x000002af   Thumb Code     2  startup_tm4c129.o(.text)
    TIMER5A_Handler                          0x000002b1   Thumb Code     2  startup_tm4c129.o(.text)
    TIMER5B_Handler                          0x000002b3   Thumb Code     2  startup_tm4c129.o(.text)
    WTIMER0A_Handler                         0x000002b5   Thumb Code     2  startup_tm4c129.o(.text)
    WTIMER0B_Handler                         0x000002b7   Thumb Code     2  startup_tm4c129.o(.text)
    WTIMER1A_Handler                         0x000002b9   Thumb Code     2  startup_tm4c129.o(.text)
    WTIMER1B_Handler                         0x000002bb   Thumb Code     2  startup_tm4c129.o(.text)
    WTIMER2A_Handler                         0x000002bd   Thumb Code     2  startup_tm4c129.o(.text)
    WTIMER2B_Handler                         0x000002bf   Thumb Code     2  startup_tm4c129.o(.text)
    WTIMER3A_Handler                         0x000002c1   Thumb Code     2  startup_tm4c129.o(.text)
    WTIMER3B_Handler                         0x000002c3   Thumb Code     2  startup_tm4c129.o(.text)
    WTIMER4A_Handler                         0x000002c5   Thumb Code     2  startup_tm4c129.o(.text)
    WTIMER4B_Handler                         0x000002c7   Thumb Code     2  startup_tm4c129.o(.text)
    WTIMER5A_Handler                         0x000002c9   Thumb Code     2  startup_tm4c129.o(.text)
    WTIMER5B_Handler                         0x000002cb   Thumb Code     2  startup_tm4c129.o(.text)
    FPU_Handler                              0x000002cd   Thumb Code     2  startup_tm4c129.o(.text)
    I2C4_Handler                             0x000002cf   Thumb Code     2  startup_tm4c129.o(.text)
    I2C5_Handler                             0x000002d1   Thumb Code     2  startup_tm4c129.o(.text)
    GPIOM_Handler                            0x000002d3   Thumb Code     2  startup_tm4c129.o(.text)
    GPION_Handler                            0x000002d5   Thumb Code     2  startup_tm4c129.o(.text)
    TAMPER_Handler                           0x000002d7   Thumb Code     2  startup_tm4c129.o(.text)
    GPIOP0_Handler                           0x000002d9   Thumb Code     2  startup_tm4c129.o(.text)
    GPIOP1_Handler                           0x000002db   Thumb Code     2  startup_tm4c129.o(.text)
    GPIOP2_Handler                           0x000002dd   Thumb Code     2  startup_tm4c129.o(.text)
    GPIOP3_Handler                           0x000002df   Thumb Code     2  startup_tm4c129.o(.text)
    GPIOP4_Handler                           0x000002e1   Thumb Code     2  startup_tm4c129.o(.text)
    GPIOP5_Handler                           0x000002e3   Thumb Code     2  startup_tm4c129.o(.text)
    GPIOP6_Handler                           0x000002e5   Thumb Code     2  startup_tm4c129.o(.text)
    GPIOP7_Handler                           0x000002e7   Thumb Code     2  startup_tm4c129.o(.text)
    GPIOQ0_Handler                           0x000002e9   Thumb Code     2  startup_tm4c129.o(.text)
    GPIOQ1_Handler                           0x000002eb   Thumb Code     2  startup_tm4c129.o(.text)
    GPIOQ2_Handler                           0x000002ed   Thumb Code     2  startup_tm4c129.o(.text)
    GPIOQ3_Handler                           0x000002ef   Thumb Code     2  startup_tm4c129.o(.text)
    GPIOQ4_Handler                           0x000002f1   Thumb Code     2  startup_tm4c129.o(.text)
    GPIOQ5_Handler                           0x000002f3   Thumb Code     2  startup_tm4c129.o(.text)
    GPIOQ6_Handler                           0x000002f5   Thumb Code     2  startup_tm4c129.o(.text)
    GPIOQ7_Handler                           0x000002f7   Thumb Code     2  startup_tm4c129.o(.text)
    GPIOR_Handler                            0x000002f9   Thumb Code     2  startup_tm4c129.o(.text)
    GPIOS_Handler                            0x000002fb   Thumb Code     2  startup_tm4c129.o(.text)
    SHAMD5_Handler                           0x000002fd   Thumb Code     2  startup_tm4c129.o(.text)
    AES_Handler                              0x000002ff   Thumb Code     2  startup_tm4c129.o(.text)
    DES3DES_Handler                          0x00000301   Thumb Code     2  startup_tm4c129.o(.text)
    LCDCONTROLLER_Handler                    0x00000303   Thumb Code     2  startup_tm4c129.o(.text)
    TIMER6A_Handler                          0x00000305   Thumb Code     2  startup_tm4c129.o(.text)
    TIMER6B_Handler                          0x00000307   Thumb Code     2  startup_tm4c129.o(.text)
    TIMER7A_Handler                          0x00000309   Thumb Code     2  startup_tm4c129.o(.text)
    TIMER7B_Handler                          0x0000030b   Thumb Code     2  startup_tm4c129.o(.text)
    I2C6_Handler                             0x0000030d   Thumb Code     2  startup_tm4c129.o(.text)
    I2C7_Handler                             0x0000030f   Thumb Code     2  startup_tm4c129.o(.text)
    HIMSCANKEYBOARD_Handler                  0x00000311   Thumb Code     2  startup_tm4c129.o(.text)
    ONEWIRE_Handler                          0x00000313   Thumb Code     2  startup_tm4c129.o(.text)
    HIMPS2_Handler                           0x00000315   Thumb Code     2  startup_tm4c129.o(.text)
    HIMLEDSEQUENCER_Handler                  0x00000317   Thumb Code     2  startup_tm4c129.o(.text)
    HIMCONSUMERIR_Handler                    0x00000319   Thumb Code     2  startup_tm4c129.o(.text)
    I2C8_Handler                             0x0000031b   Thumb Code     2  startup_tm4c129.o(.text)
    I2C9_Handler                             0x0000031d   Thumb Code     2  startup_tm4c129.o(.text)
    GPIOT_Handler                            0x0000031f   Thumb Code     2  startup_tm4c129.o(.text)
    SVC_Handler                              0x00000329   Thumb Code   154  irq_armv7m.o(.text)
    PendSV_Handler                           0x000003c3   Thumb Code    16  irq_armv7m.o(.text)
    SysTick_Handler                          0x000003d3   Thumb Code    16  irq_armv7m.o(.text)
    __aeabi_memcpy                           0x000003f1   Thumb Code    36  memcpya.o(.text)
    __aeabi_memcpy4                          0x000003f1   Thumb Code     0  memcpya.o(.text)
    __aeabi_memcpy8                          0x000003f1   Thumb Code     0  memcpya.o(.text)
    __aeabi_memset                           0x00000415   Thumb Code    14  memseta.o(.text)
    __aeabi_memset4                          0x00000415   Thumb Code     0  memseta.o(.text)
    __aeabi_memset8                          0x00000415   Thumb Code     0  memseta.o(.text)
    __aeabi_memclr                           0x00000423   Thumb Code     4  memseta.o(.text)
    __aeabi_memclr4                          0x00000423   Thumb Code     0  memseta.o(.text)
    __aeabi_memclr8                          0x00000423   Thumb Code     0  memseta.o(.text)
    _memset$wrapper                          0x00000427   Thumb Code    18  memseta.o(.text)
    __scatterload                            0x00000439   Thumb Code    38  init.o(.text)
    __scatterload_rt2                        0x00000439   Thumb Code     0  init.o(.text)
    OS_Tick_AcknowledgeIRQ                   0x0000051d   Thumb Code     8  os_systick.o(.text.OS_Tick_AcknowledgeIRQ)
    SystemInit                               0x0000053d   Thumb Code    36  system_tm4c129.o(.text.SystemInit)
    main                                     0x000005a5   Thumb Code    62  main.o(.text.main)
    osMessageQueueGet                        0x000005e5   Thumb Code   108  rtx_msgqueue.o(.text.osMessageQueueGet)
    osMessageQueuePut                        0x00000655   Thumb Code   124  rtx_msgqueue.o(.text.osMessageQueuePut)
    osRtxErrorNotify                         0x000006d5   Thumb Code    46  rtx_config.o(.text.osRtxErrorNotify)
    osRtxKernelErrorNotify                   0x00000703   Thumb Code     4  rtx_kernel.o(.text.osRtxKernelErrorNotify)
    osRtxMemoryAlloc                         0x00000707   Thumb Code   108  rtx_memory.o(.text.osRtxMemoryAlloc)
    osRtxMemoryFree                          0x00000773   Thumb Code    66  rtx_memory.o(.text.osRtxMemoryFree)
    osRtxMemoryPoolAlloc                     0x000007b5   Thumb Code    58  rtx_mempool.o(.text.osRtxMemoryPoolAlloc)
    osRtxMemoryPoolFree                      0x000007ef   Thumb Code    74  rtx_mempool.o(.text.osRtxMemoryPoolFree)
    osRtxMemoryPoolInit                      0x00000839   Thumb Code    56  rtx_mempool.o(.text.osRtxMemoryPoolInit)
    osRtxMessageQueueTimerSetup              0x0000091d   Thumb Code    32  rtx_msgqueue.o(.text.osRtxMessageQueueTimerSetup)
    osRtxMutexOwnerRestore                   0x00000945   Thumb Code    72  rtx_mutex.o(.text.osRtxMutexOwnerRestore)
    osRtxPendSV_Handler                      0x0000098d   Thumb Code   136  rtx_system.o(.text.osRtxPendSV_Handler)
    osRtxPostProcess                         0x00000a15   Thumb Code   108  rtx_system.o(.text.osRtxPostProcess)
    osRtxThreadDelayTick                     0x00000b71   Thumb Code    80  rtx_thread.o(.text.osRtxThreadDelayTick)
    osRtxThreadDispatch                      0x00000bc1   Thumb Code    80  rtx_thread.o(.text.osRtxThreadDispatch)
    osRtxThreadListGet                       0x00000c11   Thumb Code    18  rtx_thread.o(.text.osRtxThreadListGet)
    osRtxThreadListPut                       0x00000c23   Thumb Code    44  rtx_thread.o(.text.osRtxThreadListPut)
    osRtxThreadListRemove                    0x00000c4f   Thumb Code    20  rtx_thread.o(.text.osRtxThreadListRemove)
    osRtxThreadListSort                      0x00000c63   Thumb Code    38  rtx_thread.o(.text.osRtxThreadListSort)
    osRtxThreadReadyPut                      0x00000c89   Thumb Code    16  rtx_thread.o(.text.osRtxThreadReadyPut)
    osRtxThreadRegPtr                        0x00000c99   Thumb Code    20  rtx_thread.o(.text.osRtxThreadRegPtr)
    osRtxThreadSwitch                        0x00000cad   Thumb Code    12  rtx_thread.o(.text.osRtxThreadSwitch)
    osRtxThreadWaitEnter                     0x00000cb9   Thumb Code    56  rtx_thread.o(.text.osRtxThreadWaitEnter)
    osRtxThreadWaitExit                      0x00000cf5   Thumb Code    48  rtx_thread.o(.text.osRtxThreadWaitExit)
    osRtxTick_Handler                        0x00000d25   Thumb Code   116  rtx_system.o(.text.osRtxTick_Handler)
    osRtxTimerSetup                          0x00000d99   Thumb Code    24  rtx_timer.o(.text.osRtxTimerSetup)
    osRtxTimerThread                         0x00000db9   Thumb Code    32  rtx_timer.o(.text.osRtxTimerThread)
    servoInit                                0x00000e49   Thumb Code   134  servo.o(.text.servoInit)
    servoSetPosition                         0x00000ed1   Thumb Code   148  servo.o(.text.servoSetPosition)
    GPIODirModeSet                           0x000011f5   Thumb Code    40  gpio.o(i.GPIODirModeSet)
    GPIOPadConfigSet                         0x0000121d   Thumb Code   354  gpio.o(i.GPIOPadConfigSet)
    GPIOPinConfigure                         0x0000138d   Thumb Code    60  gpio.o(i.GPIOPinConfigure)
    GPIOPinTypePWM                           0x000013d1   Thumb Code    28  gpio.o(i.GPIOPinTypePWM)
    PWMGenConfigure                          0x000013ed   Thumb Code    38  pwm.o(i.PWMGenConfigure)
    PWMGenDisable                            0x00001413   Thumb Code    10  pwm.o(i.PWMGenDisable)
    PWMGenEnable                             0x0000141d   Thumb Code    10  pwm.o(i.PWMGenEnable)
    PWMGenPeriodGet                          0x00001427   Thumb Code    18  pwm.o(i.PWMGenPeriodGet)
    PWMGenPeriodSet                          0x00001439   Thumb Code    18  pwm.o(i.PWMGenPeriodSet)
    PWMOutputState                           0x0000144b   Thumb Code    16  pwm.o(i.PWMOutputState)
    PWMPulseWidthSet                         0x0000145b   Thumb Code    32  pwm.o(i.PWMPulseWidthSet)
    SysCtlClockFreqSet                       0x0000147d   Thumb Code   700  sysctl.o(i.SysCtlClockFreqSet)
    SysCtlPWMClockSet                        0x00001761   Thumb Code    14  sysctl.o(i.SysCtlPWMClockSet)
    SysCtlPeripheralEnable                   0x00001775   Thumb Code    36  sysctl.o(i.SysCtlPeripheralEnable)
    __scatterload_copy                       0x0000179d   Thumb Code    14  handlers.o(i.__scatterload_copy)
    __scatterload_null                       0x000017ab   Thumb Code     2  handlers.o(i.__scatterload_null)
    __scatterload_zeroinit                   0x000017ad   Thumb Code    14  handlers.o(i.__scatterload_zeroinit)
    osRtxConfig                              0x00001c38   Data         112  rtx_lib.o(.rodata)
    os_cb_sections                           0x00001ca8   Data          56  rtx_lib.o(.rodata)
    osRtxUserSVC                             0x00001ce0   Data           4  rtx_lib.o(.rodata.osRtxUserSVC)
    Region$$Table$$Base                      0x00001d50   Number         0  anon$$obj.o(Region$$Table)
    Region$$Table$$Limit                     0x00001d70   Number         0  anon$$obj.o(Region$$Table)
    SystemCoreClock                          0x20000000   Data           4  system_tm4c129.o(.data.SystemCoreClock)
    osRtxInfo                                0x20000004   Data         164  rtx_kernel.o(.data.os)
    SysClock                                 0x200000a8   Data           4  main.o(.bss.SysClock)
    .bss.os.msgqueue.cb$$Base                0x200080f0   Number         0  rtx_lib.o(.bss.os.msgqueue.cb)
    .bss.os.msgqueue.cb$$Limit               0x20008124   Number         0  rtx_lib.o(.bss.os.msgqueue.cb)
    .bss.os.thread.cb$$Base                  0x20008174   Number         0  rtx_lib.o(.bss.os.thread.cb)
    .bss.os.thread.cb$$Limit                 0x200081fc   Number         0  rtx_lib.o(.bss.os.thread.cb)
    __initial_sp                             0x20008800   Data           0  startup_tm4c129.o(STACK)



==============================================================================

Memory Map of the image

  Image Entry point : 0x00000215

  Load Region LR_1 (Base: 0x00000000, Size: 0x00001e18, Max: 0xffffffff, ABSOLUTE)

    Execution Region ER_RO (Exec base: 0x00000000, Load base: 0x00000000, Size: 0x00001d70, Max: 0xffffffff, ABSOLUTE)

    Exec Addr    Load Addr    Size         Type   Attr      Idx    E Section Name        Object

    0x00000000   0x00000000   0x00000200   Data   RO           95    RESET               startup_tm4c129.o
    0x00000200   0x00000200   0x00000000   Code   RO         2166  * .ARM.Collect$$$$00000000  mc_w.l(entry.o)
    0x00000200   0x00000200   0x00000004   Code   RO         2175    .ARM.Collect$$$$00000001  mc_w.l(entry2.o)
    0x00000204   0x00000204   0x00000004   Code   RO         2178    .ARM.Collect$$$$00000004  mc_w.l(entry5.o)
    0x00000208   0x00000208   0x00000000   Code   RO         2180    .ARM.Collect$$$$00000008  mc_w.l(entry7b.o)
    0x00000208   0x00000208   0x00000000   Code   RO         2182    .ARM.Collect$$$$0000000A  mc_w.l(entry8b.o)
    0x00000208   0x00000208   0x00000008   Code   RO         2183    .ARM.Collect$$$$0000000B  mc_w.l(entry9a.o)
    0x00000210   0x00000210   0x00000000   Code   RO         2185    .ARM.Collect$$$$0000000D  mc_w.l(entry10a.o)
    0x00000210   0x00000210   0x00000000   Code   RO         2187    .ARM.Collect$$$$0000000F  mc_w.l(entry11a.o)
    0x00000210   0x00000210   0x00000004   Code   RO         2176    .ARM.Collect$$$$00002712  mc_w.l(entry2.o)
    0x00000214   0x00000214   0x00000114   Code   RO           96  * .text               startup_tm4c129.o
    0x00000328   0x00000328   0x000000c8   Code   RO         1618    .text               RTX_CM4F.lib(irq_armv7m.o)
    0x000003f0   0x000003f0   0x00000024   Code   RO         2169    .text               mc_w.l(memcpya.o)
    0x00000414   0x00000414   0x00000024   Code   RO         2171    .text               mc_w.l(memseta.o)
    0x00000438   0x00000438   0x00000030   Code   RO         2189    .text               mc_w.l(init.o)
    0x00000468   0x00000468   0x00000040   Code   RO         1926    .text.MessageQueueGet  RTX_CM4F.lib(rtx_msgqueue.o)
    0x000004a8   0x000004a8   0x00000058   Code   RO         1920    .text.MessageQueuePut  RTX_CM4F.lib(rtx_msgqueue.o)
    0x00000500   0x00000500   0x0000001c   Code   RO         1918    .text.MessageQueueRemove  RTX_CM4F.lib(rtx_msgqueue.o)
    0x0000051c   0x0000051c   0x0000000c   Code   RO         2110    .text.OS_Tick_AcknowledgeIRQ  RTX_CM4F.lib(os_systick.o)
    0x00000528   0x00000528   0x0000000c   Code   RO         1934    .text.OUTLINED_FUNCTION_0  RTX_CM4F.lib(rtx_msgqueue.o)
    0x00000534   0x00000534   0x00000006   Code   RO         1936    .text.OUTLINED_FUNCTION_1  RTX_CM4F.lib(rtx_msgqueue.o)
    0x0000053a   0x0000053a   0x00000002   PAD
    0x0000053c   0x0000053c   0x00000024   Code   RO          105    .text.SystemInit    system_tm4c129.o
    0x00000560   0x00000560   0x00000044   Code   RO         1595    .text.TimerInsert   RTX_CM4F.lib(rtx_timer.o)
    0x000005a4   0x000005a4   0x0000003e   Code   RO           10    .text.main          main.o
    0x000005e2   0x000005e2   0x00000002   PAD
    0x000005e4   0x000005e4   0x00000070   Code   RO         1894    .text.osMessageQueueGet  RTX_CM4F.lib(rtx_msgqueue.o)
    0x00000654   0x00000654   0x00000080   Code   RO         1892    .text.osMessageQueuePut  RTX_CM4F.lib(rtx_msgqueue.o)
    0x000006d4   0x000006d4   0x0000002e   Code   RO           85    .text.osRtxErrorNotify  rtx_config.o
    0x00000702   0x00000702   0x00000004   Code   RO         1748    .text.osRtxKernelErrorNotify  RTX_CM4F.lib(rtx_kernel.o)
    0x00000706   0x00000706   0x0000006c   Code   RO         1820    .text.osRtxMemoryAlloc  RTX_CM4F.lib(rtx_memory.o)
    0x00000772   0x00000772   0x00000042   Code   RO         1822    .text.osRtxMemoryFree  RTX_CM4F.lib(rtx_memory.o)
    0x000007b4   0x000007b4   0x0000003a   Code   RO         1834    .text.osRtxMemoryPoolAlloc  RTX_CM4F.lib(rtx_mempool.o)
    0x000007ee   0x000007ee   0x0000004a   Code   RO         1836    .text.osRtxMemoryPoolFree  RTX_CM4F.lib(rtx_mempool.o)
    0x00000838   0x00000838   0x00000038   Code   RO         1832    .text.osRtxMemoryPoolInit  RTX_CM4F.lib(rtx_mempool.o)
    0x00000870   0x00000870   0x000000aa   Code   RO         1916    .text.osRtxMessageQueuePostProcess  RTX_CM4F.lib(rtx_msgqueue.o)
    0x0000091a   0x0000091a   0x00000002   PAD
    0x0000091c   0x0000091c   0x00000028   Code   RO         1884    .text.osRtxMessageQueueTimerSetup  RTX_CM4F.lib(rtx_msgqueue.o)
    0x00000944   0x00000944   0x00000048   Code   RO         2133    .text.osRtxMutexOwnerRestore  RTX_CM4F.lib(rtx_mutex.o)
    0x0000098c   0x0000098c   0x00000088   Code   RO         1948    .text.osRtxPendSV_Handler  RTX_CM4F.lib(rtx_system.o)
    0x00000a14   0x00000a14   0x00000070   Code   RO         1950    .text.osRtxPostProcess  RTX_CM4F.lib(rtx_system.o)
    0x00000a84   0x00000a84   0x00000034   Code   RO         1978    .text.osRtxThreadBlock  RTX_CM4F.lib(rtx_thread.o)
    0x00000ab8   0x00000ab8   0x0000007c   Code   RO         1986    .text.osRtxThreadDelayInsert  RTX_CM4F.lib(rtx_thread.o)
    0x00000b34   0x00000b34   0x0000003c   Code   RO         1982    .text.osRtxThreadDelayRemove  RTX_CM4F.lib(rtx_thread.o)
    0x00000b70   0x00000b70   0x00000050   Code   RO         1970    .text.osRtxThreadDelayTick  RTX_CM4F.lib(rtx_thread.o)
    0x00000bc0   0x00000bc0   0x00000050   Code   RO         1976    .text.osRtxThreadDispatch  RTX_CM4F.lib(rtx_thread.o)
    0x00000c10   0x00000c10   0x00000012   Code   RO         1962    .text.osRtxThreadListGet  RTX_CM4F.lib(rtx_thread.o)
    0x00000c22   0x00000c22   0x0000002c   Code   RO         1960    .text.osRtxThreadListPut  RTX_CM4F.lib(rtx_thread.o)
    0x00000c4e   0x00000c4e   0x00000014   Code   RO         1966    .text.osRtxThreadListRemove  RTX_CM4F.lib(rtx_thread.o)
    0x00000c62   0x00000c62   0x00000026   Code   RO         1964    .text.osRtxThreadListSort  RTX_CM4F.lib(rtx_thread.o)
    0x00000c88   0x00000c88   0x00000010   Code   RO         1968    .text.osRtxThreadReadyPut  RTX_CM4F.lib(rtx_thread.o)
    0x00000c98   0x00000c98   0x00000014   Code   RO         1972    .text.osRtxThreadRegPtr  RTX_CM4F.lib(rtx_thread.o)
    0x00000cac   0x00000cac   0x0000000c   Code   RO         1974    .text.osRtxThreadSwitch  RTX_CM4F.lib(rtx_thread.o)
    0x00000cb8   0x00000cb8   0x0000003c   Code   RO         1984    .text.osRtxThreadWaitEnter  RTX_CM4F.lib(rtx_thread.o)
    0x00000cf4   0x00000cf4   0x00000030   Code   RO         1980    .text.osRtxThreadWaitExit  RTX_CM4F.lib(rtx_thread.o)
    0x00000d24   0x00000d24   0x00000074   Code   RO         1946    .text.osRtxTick_Handler  RTX_CM4F.lib(rtx_system.o)
    0x00000d98   0x00000d98   0x00000020   Code   RO         1577    .text.osRtxTimerSetup  RTX_CM4F.lib(rtx_timer.o)
    0x00000db8   0x00000db8   0x00000020   Code   RO         1581    .text.osRtxTimerThread  RTX_CM4F.lib(rtx_timer.o)
    0x00000dd8   0x00000dd8   0x00000070   Code   RO         1579    .text.osRtxTimerTick  RTX_CM4F.lib(rtx_timer.o)
    0x00000e48   0x00000e48   0x00000086   Code   RO           54    .text.servoInit     servo.o
    0x00000ece   0x00000ece   0x00000002   PAD
    0x00000ed0   0x00000ed0   0x00000094   Code   RO           56    .text.servoSetPosition  servo.o
    0x00000f64   0x00000f64   0x000000cc   Code   RO         1928    .text.svcRtxMessageQueueGet  RTX_CM4F.lib(rtx_msgqueue.o)
    0x00001030   0x00001030   0x00000118   Code   RO         1886    .text.svcRtxMessageQueueNew  RTX_CM4F.lib(rtx_msgqueue.o)
    0x00001148   0x00001148   0x000000ac   Code   RO         1924    .text.svcRtxMessageQueuePut  RTX_CM4F.lib(rtx_msgqueue.o)
    0x000011f4   0x000011f4   0x00000028   Code   RO          119    i.GPIODirModeSet    driverlib.lib(gpio.o)
    0x0000121c   0x0000121c   0x00000170   Code   RO          131    i.GPIOPadConfigSet  driverlib.lib(gpio.o)
    0x0000138c   0x0000138c   0x00000044   Code   RO          132    i.GPIOPinConfigure  driverlib.lib(gpio.o)
    0x000013d0   0x000013d0   0x0000001c   Code   RO          150    i.GPIOPinTypePWM    driverlib.lib(gpio.o)
    0x000013ec   0x000013ec   0x00000026   Code   RO          460    i.PWMGenConfigure   driverlib.lib(pwm.o)
    0x00001412   0x00001412   0x0000000a   Code   RO          461    i.PWMGenDisable     driverlib.lib(pwm.o)
    0x0000141c   0x0000141c   0x0000000a   Code   RO          462    i.PWMGenEnable      driverlib.lib(pwm.o)
    0x00001426   0x00001426   0x00000012   Code   RO          474    i.PWMGenPeriodGet   driverlib.lib(pwm.o)
    0x00001438   0x00001438   0x00000012   Code   RO          475    i.PWMGenPeriodSet   driverlib.lib(pwm.o)
    0x0000144a   0x0000144a   0x00000010   Code   RO          482    i.PWMOutputState    driverlib.lib(pwm.o)
    0x0000145a   0x0000145a   0x00000020   Code   RO          485    i.PWMPulseWidthSet  driverlib.lib(pwm.o)
    0x0000147a   0x0000147a   0x00000002   PAD
    0x0000147c   0x0000147c   0x000002e4   Code   RO          687    i.SysCtlClockFreqSet  driverlib.lib(sysctl.o)
    0x00001760   0x00001760   0x00000014   Code   RO          714    i.SysCtlPWMClockSet  driverlib.lib(sysctl.o)
    0x00001774   0x00001774   0x00000028   Code   RO          719    i.SysCtlPeripheralEnable  driverlib.lib(sysctl.o)
    0x0000179c   0x0000179c   0x0000000e   Code   RO         2193    i.__scatterload_copy  mc_w.l(handlers.o)
    0x000017aa   0x000017aa   0x00000002   Code   RO         2194    i.__scatterload_null  mc_w.l(handlers.o)
    0x000017ac   0x000017ac   0x0000000e   Code   RO         2195    i.__scatterload_zeroinit  mc_w.l(handlers.o)
    0x000017ba   0x000017ba   0x00000002   PAD
    0x000017bc   0x000017bc   0x00000228   Data   RO          164    .constdata          driverlib.lib(gpio.o)
    0x000019e4   0x000019e4   0x00000254   Data   RO          741    .constdata          driverlib.lib(sysctl.o)
    0x00001c38   0x00001c38   0x00000070   Data   RO           69    .rodata             rtx_lib.o
    0x00001ca8   0x00001ca8   0x00000038   Data   RO           72    .rodata             rtx_lib.o
    0x00001ce0   0x00001ce0   0x00000004   Data   RO           71    .rodata.osRtxUserSVC  rtx_lib.o
    0x00001ce4   0x00001ce4   0x00000024   Data   RO           66    .rodata.os_idle_thread_attr  rtx_lib.o
    0x00001d08   0x00001d08   0x00000018   Data   RO           68    .rodata.os_timer_mq_attr  rtx_lib.o
    0x00001d20   0x00001d20   0x00000024   Data   RO           67    .rodata.os_timer_thread_attr  rtx_lib.o
    0x00001d44   0x00001d44   0x0000000b   Data   RO         1808    .rodata.str1.4      RTX_CM4F.lib(rtx_kernel.o)
    0x00001d4f   0x00001d4f   0x00000001   PAD
    0x00001d50   0x00001d50   0x00000020   Data   RO         2192    Region$$Table       anon$$obj.o


    Execution Region ER_RW (Exec base: 0x20000000, Load base: 0x00001d70, Size: 0x000000a8, Max: 0xffffffff, ABSOLUTE)

    Exec Addr    Load Addr    Size         Type   Attr      Idx    E Section Name        Object

    0x20000000   0x00001d70   0x00000004   Data   RW          107    .data.SystemCoreClock  system_tm4c129.o
    0x20000004   0x00001d74   0x000000a4   Data   RW         1809    .data.os            RTX_CM4F.lib(rtx_kernel.o)


    Execution Region ER_ZI (Exec base: 0x200000a8, Load base: 0x00001e18, Size: 0x00008758, Max: 0xffffffff, ABSOLUTE)

    Exec Addr    Load Addr    Size         Type   Attr      Idx    E Section Name        Object

    0x200000a8        -       0x00000004   Zero   RW           12    .bss.SysClock       main.o
    0x200000ac   0x00001e18   0x00000004   PAD
    0x200000b0        -       0x00008040   Zero   RW           65    .bss.os             rtx_lib.o
    0x200080f0        -       0x00000034   Zero   RW           76    .bss.os.msgqueue.cb  rtx_lib.o
    0x20008124        -       0x00000050   Zero   RW           77    .bss.os.msgqueue.mem  rtx_lib.o
    0x20008174        -       0x00000088   Zero   RW           73    .bss.os.thread.cb   rtx_lib.o
    0x200081fc   0x00001e18   0x00000004   PAD
    0x20008200        -       0x00000200   Zero   RW           74    .bss.os.thread.idle.stack  rtx_lib.o
    0x20008400        -       0x00000200   Zero   RW           75    .bss.os.thread.timer.stack  rtx_lib.o
    0x20008600        -       0x00000200   Zero   RW           93    STACK               startup_tm4c129.o


==============================================================================

Image component sizes


      Code (inc. data)   RO Data    RW Data    ZI Data      Debug   Object Name

        62          0          0          0          4       1266   main.o
        46          6          0          0          0        712   rtx_config.o
         0          0        268          0      34124       5581   rtx_lib.o
       282          0          0          0          0        930   servo.o
       276          8        512          0        512       6032   startup_tm4c129.o
        36          0          0          4          0       1396   system_tm4c129.o

    ----------------------------------------------------------------------
       706         14        812          4      34648      15917   Object Totals
         0          0         32          0          0          0   (incl. Generated)
         4          0          0          0          8          0   (incl. Padding)

    ----------------------------------------------------------------------

      Code (inc. data)   RO Data    RW Data    ZI Data      Debug   Library Member Name

       200         12          0          0          0        634   irq_armv7m.o
        12          4          0          0          0       3199   os_systick.o
         4          0         11        164          0      16781   rtx_kernel.o
       174          0          0          0          0       2590   rtx_memory.o
       188          0          0          0          0      16188   rtx_mempool.o
      1304         32          0          0          0      18765   rtx_msgqueue.o
        72          0          0          0          0      10068   rtx_mutex.o
       364         14          0          0          0       5444   rtx_system.o
       672          4          0          0          0      32486   rtx_thread.o
       244         12          0          0          0      10433   rtx_timer.o
       504         22        552          0          0       8072   gpio.o
       142          0          0          0          0       3649   pwm.o
       800         50        596          0          0       4450   sysctl.o
         0          0          0          0          0          0   entry.o
         0          0          0          0          0          0   entry10a.o
         0          0          0          0          0          0   entry11a.o
         8          4          0          0          0          0   entry2.o
         4          0          0          0          0          0   entry5.o
         0          0          0          0          0          0   entry7b.o
         0          0          0          0          0          0   entry8b.o
         8          4          0          0          0          0   entry9a.o
        30          0          0          0          0          0   handlers.o
        48         10          0          0          0         68   init.o
        36          0          0          0          0         68   memcpya.o
        36          0          0          0          0        108   memseta.o

    ----------------------------------------------------------------------
      4858        168       1160        164          0     133003   Library Totals
         8          0          1          0          0          0   (incl. Padding)

    ----------------------------------------------------------------------

      Code (inc. data)   RO Data    RW Data    ZI Data      Debug   Library Name

      3234         78         11        164          0     116588   RTX_CM4F.lib
      1446         72       1148          0          0      16171   driverlib.lib
       170         18          0          0          0        244   mc_w.l

    ----------------------------------------------------------------------
      4858        168       1160        164          0     133003   Library Totals

    ----------------------------------------------------------------------

==============================================================================


      Code (inc. data)   RO Data    RW Data    ZI Data      Debug   

      5564        182       1972        168      34648     147832   Grand Totals
      5564        182       1972        168      34648     147832   ELF Image Totals
      5564        182       1972        168          0          0   ROM Totals

==============================================================================

    Total RO  Size (Code + RO Data)                 7536 (   7.36kB)
    Total RW  Size (RW Data + ZI Data)             34816 (  34.00kB)
    Total ROM Size (Code + RO Data + RW Data)       7704 (   7.52kB)

==============================================================================

